 PhysX3Cooking_x86

 Timestamp is 589638c9 (Sat Feb  4 13:25:45 2017)

 Preferred load address is 10000000

 Start         Length     Name                   Class
 0001:00000000 000001e0H .text$di                CODE
 0001:000001e0 00054bc2H .text$mn                CODE
 0002:00000000 00000168H .idata$5                DATA
 0002:00000168 00000004H .00cfg                  DATA
 0002:0000016c 00000004H .CRT$XCA                DATA
 0002:00000170 00000048H .CRT$XCU                DATA
 0002:000001b8 00000004H .CRT$XCZ                DATA
 0002:000001bc 00000004H .CRT$XIA                DATA
 0002:000001c0 0000000cH .CRT$XIC                DATA
 0002:000001cc 00000004H .CRT$XIZ                DATA
 0002:000001d0 00000004H .CRT$XPA                DATA
 0002:000001d4 00000008H .CRT$XPX                DATA
 0002:000001dc 00000004H .CRT$XPXA               DATA
 0002:000001e0 00000004H .CRT$XPZ                DATA
 0002:000001e4 00000004H .CRT$XTA                DATA
 0002:000001e8 00000008H .CRT$XTZ                DATA
 0002:000001f0 00009ae4H .rdata                  DATA
 0002:00009cd4 000002fcH .rdata$r                DATA
 0002:00009fd0 0000000cH .rdata$sxdata           DATA
 0002:00009fdc 000003d0H .rdata$zzzdbg           DATA
 0002:0000a3ac 00000004H .rtc$IAA                DATA
 0002:0000a3b0 00000004H .rtc$IZZ                DATA
 0002:0000a3b4 00000004H .rtc$TAA                DATA
 0002:0000a3b8 00000008H .rtc$TZZ                DATA
 0002:0000a3c0 00000784H .xdata$x                DATA
 0002:0000ab44 00000020H .didat$2                DATA
 0002:0000ab64 00000020H .didat$3                DATA
 0002:0000ab84 00000144H .didat$4                DATA
 0002:0000acc8 00000fecH .didat$6                DATA
 0002:0000bcb4 0000014cH .didat$7                DATA
 0002:0000be00 00000084H .edata                  DATA
 0002:0000be84 00000014H .idata$2                DATA
 0002:0000be98 00000014H .idata$3                DATA
 0002:0000beac 00000168H .idata$4                DATA
 0002:0000c014 000006a0H .idata$6                DATA
 0003:00000000 000007f0H .data                   DATA
 0003:000007f0 000003b8H .data$r                 DATA
 0003:00000ba8 00000148H .didat$5                DATA
 0003:00000cf0 000013ecH .bss                    DATA
 0004:00000000 000000ecH .gfids$x                DATA
 0004:000000ec 000000a4H .gfids$y                DATA
 0005:00000000 000000a0H .rsrc$01                DATA
 0005:000000a0 000004b8H .rsrc$02                DATA

  Address         Publics by Value              Rva+Base       Lib:Object

 0000:00000000       ___dynamic_value_reloc_table 00000000     <absolute>
 0000:00000000       ___guard_longjmp_table     00000000     <absolute>
 0000:00000000       ___guard_iat_table         00000000     <absolute>
 0000:00000000       ___guard_iat_count         00000000     <absolute>
 0000:00000000       __except_list              00000000     <absolute>
 0000:00000000       ___guard_longjmp_count     00000000     <absolute>
 0000:00000000       ___guard_fids_count        00000000     <absolute>
 0000:00000000       ___guard_fids_table        00000000     <absolute>
 0000:00000003       ___safe_se_handler_count   00000003     <absolute>
 0000:00000100       ___guard_flags             00000100     <absolute>
 0000:00000000       ___ImageBase               10000000     <linker-defined>
 0001:000001e0       _PxSetPhysXCookingDelayLoadHook 100011e0 f   WindowsCookingDelayLoadHook.obj
 0001:000001f0       ?delayHook@@YGP6GHXZIPAUDelayLoadInfo@@@Z 100011f0 f   WindowsCookingDelayLoadHook.obj
 0001:00000240       ?physXCommonDliNotePreLoadLibrary@shdfnd@physx@@YGP6GHXZPBDPBVPxDelayLoadHook@2@@Z 10001240 f i WindowsCookingDelayLoadHook.obj
 0001:00000660       ?saveHeightField@physx@@YA_NABVHeightField@Gu@1@AAVPxOutputStream@1@_N@Z 10001660 f   HeightFieldCooking.obj
 0001:00000890       ?__empty_global_delete@@YAXPAX@Z 10001890 f i HeightFieldCooking.obj
 0001:000008a0       ?__global_delete@@YAXPAXI@Z 100018a0 f i HeightFieldCooking.obj
 0001:000008a0       ?__global_array_delete@@YAXPAXI@Z 100018a0 f i HeightFieldCooking.obj
 0001:000008a0       ?__empty_global_delete@@YAXPAXI@Z 100018a0 f i HeightFieldCooking.obj
 0001:000008b0       ?buildFromTriangles@RTreeCooker@physx@@SAXAAURTree@Gu@2@PBVPxVec3@2@IPBGPBIIAAV?$Array@IV?$ReflectionAllocator@I@shdfnd@physx@@@shdfnd@2@PAURemapCallback@12@MW4Enum@PxMeshCookingHint@2@@Z 100018b0 f   RTreeCooking.obj
 0001:00000ad0       ??$median3@I$$CBUSortBoundsPredicate@physx@@@internal@shdfnd@physx@@YAXPAIHHABUSortBoundsPredicate@2@@Z 10001ad0 f i RTreeCooking.obj
 0001:00000bd0       ??$partition@I$$CBU?$Less@I@shdfnd@physx@@@internal@shdfnd@physx@@YAHPAIHHABU?$Less@I@12@@Z 10001bd0 f i RTreeCooking.obj
 0001:00000c60       ??$partition@I$$CBUSortBoundsPredicate@physx@@@internal@shdfnd@physx@@YAHPAIHHABUSortBoundsPredicate@2@@Z 10001c60 f i RTreeCooking.obj
 0001:00000d20       ??$partition@UBoundsLTE@physx@@@quickSelect@physx@@YAIPIAIIIIABUBoundsLTE@1@@Z 10001d20 f i RTreeCooking.obj
 0001:00000da0       ??$quickSelectFirstK@UBoundsLTE@physx@@@quickSelect@physx@@YAXPIAIIIIABUBoundsLTE@1@@Z 10001da0 f i RTreeCooking.obj
 0001:00000e50       ??$smallSort@I$$CBU?$Less@I@shdfnd@physx@@@internal@shdfnd@physx@@YAXPAIHHABU?$Less@I@12@@Z 10001e50 f i RTreeCooking.obj
 0001:00000ed0       ??$smallSort@I$$CBUSortBoundsPredicate@physx@@@internal@shdfnd@physx@@YAXPAIHHABUSortBoundsPredicate@2@@Z 10001ed0 f i RTreeCooking.obj
 0001:00000fa0       ??$sort@I@shdfnd@physx@@YAXPAII@Z 10001fa0 f i RTreeCooking.obj
 0001:00000fc0       ??$sort@IU?$Less@I@shdfnd@physx@@V?$ReflectionAllocator@I@23@@shdfnd@physx@@YAXPAIIABU?$Less@I@01@ABV?$ReflectionAllocator@I@01@I@Z 10001fc0 f i RTreeCooking.obj
 0001:00001130       ??$sort@IUSortBoundsPredicate@physx@@@shdfnd@physx@@YAXPAIIABUSortBoundsPredicate@1@@Z 10002130 f i RTreeCooking.obj
 0001:00001150       ??$sort@IUSortBoundsPredicate@physx@@V?$ReflectionAllocator@I@shdfnd@2@@shdfnd@physx@@YAXPAIIABUSortBoundsPredicate@1@ABV?$ReflectionAllocator@I@01@I@Z 10002150 f i RTreeCooking.obj
 0001:000012c0       ??0SubSortQuick@physx@@QAE@PAIPBUPxBounds3V@1@IM@Z 100022c0 f i RTreeCooking.obj
 0001:000013e0       ??0SubSortSAH@physx@@QAE@PAIPBUPxBounds3V@1@IPBI22222M@Z 100023e0 f i RTreeCooking.obj
 0001:000014c0       ?allocate@?$Array@IV?$ReflectionAllocator@I@shdfnd@physx@@@shdfnd@physx@@IAEPAII@Z 100024c0 f i RTreeCooking.obj
 0001:00001540       ?allocate@?$Array@UPxBounds3V@physx@@V?$ReflectionAllocator@UPxBounds3V@physx@@@shdfnd@2@@shdfnd@physx@@IAEPAUPxBounds3V@3@I@Z 10002540 f i RTreeCooking.obj
 0001:000015b0       ?allocate@?$Array@URTreeNodeNQ@physx@@V?$ReflectionAllocator@URTreeNodeNQ@physx@@@shdfnd@2@@shdfnd@physx@@IAEPAURTreeNodeNQ@3@I@Z 100025b0 f i RTreeCooking.obj
 0001:00001620       ?allocate@?$Array@URTreeNodeQ@Gu@physx@@V?$ReflectionAllocator@URTreeNodeQ@Gu@physx@@@shdfnd@3@@shdfnd@physx@@IAEPAURTreeNodeQ@Gu@3@I@Z 10002620 f i RTreeCooking.obj
 0001:000016a0       ?allocate@?$Array@VPxVec3@physx@@V?$ReflectionAllocator@VPxVec3@physx@@@shdfnd@2@@shdfnd@physx@@IAEPAVPxVec3@3@I@Z 100026a0 f i RTreeCooking.obj
 0001:00001710       ?allocate@?$InlineAllocator@$0CA@V?$ReflectionAllocator@UInterval@physx@@@shdfnd@physx@@@shdfnd@physx@@QAEPAXIPBDH@Z 10002710 f i RTreeCooking.obj
 0001:00002070       ?copy@?$Array@URTreeNodeNQ@physx@@V?$ReflectionAllocator@URTreeNodeNQ@physx@@@shdfnd@2@@shdfnd@physx@@KAXPAURTreeNodeNQ@3@0PBU43@@Z 10003070 f i RTreeCooking.obj
 0001:000020e0       ?copy@?$Array@VPxVec3@physx@@V?$ReflectionAllocator@VPxVec3@physx@@@shdfnd@2@@shdfnd@physx@@KAXPAVPxVec3@3@0PBV43@@Z 100030e0 f i RTreeCooking.obj
 0001:000021b0       ?grow@?$Stack@V?$ReflectionAllocator@I@shdfnd@physx@@@internal@shdfnd@physx@@QAEXXZ 100031b0 f i RTreeCooking.obj
 0001:00002250       ?growAndPushBack@?$Array@IV?$ReflectionAllocator@I@shdfnd@physx@@@shdfnd@physx@@IAEAAIABI@Z 10003250 f i RTreeCooking.obj
 0001:000022e0       ?growAndPushBack@?$Array@UInterval@physx@@V?$InlineAllocator@$0CA@V?$ReflectionAllocator@UInterval@physx@@@shdfnd@physx@@@shdfnd@2@@shdfnd@physx@@IAEAAUInterval@3@ABU43@@Z 100032e0 f i RTreeCooking.obj
 0001:000023a0       ?growAndPushBack@?$Array@UPxBounds3V@physx@@V?$ReflectionAllocator@UPxBounds3V@physx@@@shdfnd@2@@shdfnd@physx@@IAEAAUPxBounds3V@3@ABU43@@Z 100033a0 f i RTreeCooking.obj
 0001:00002450       ?growAndPushBack@?$Array@URTreeNodeNQ@physx@@V?$ReflectionAllocator@URTreeNodeNQ@physx@@@shdfnd@2@@shdfnd@physx@@IAEAAURTreeNodeNQ@3@ABU43@@Z 10003450 f i RTreeCooking.obj
 0001:00002500       ?growAndPushBack@?$Array@URTreeNodeQ@Gu@physx@@V?$ReflectionAllocator@URTreeNodeQ@Gu@physx@@@shdfnd@3@@shdfnd@physx@@IAEAAURTreeNodeQ@Gu@3@ABU453@@Z 10003500 f i RTreeCooking.obj
 0001:000025d0       ?growAndPushBack@?$Array@VPxVec3@physx@@V?$ReflectionAllocator@VPxVec3@physx@@@shdfnd@2@@shdfnd@physx@@IAEAAVPxVec3@3@ABV43@@Z 100035d0 f i RTreeCooking.obj
 0001:00002670       ?recreate@?$Array@IV?$ReflectionAllocator@I@shdfnd@physx@@@shdfnd@physx@@IAEXI@Z 10003670 f i RTreeCooking.obj
 0001:000026d0       ?recreate@?$Array@UPxBounds3V@physx@@V?$ReflectionAllocator@UPxBounds3V@physx@@@shdfnd@2@@shdfnd@physx@@IAEXI@Z 100036d0 f i RTreeCooking.obj
 0001:00002740       ?recreate@?$Array@URTreeNodeNQ@physx@@V?$ReflectionAllocator@URTreeNodeNQ@physx@@@shdfnd@2@@shdfnd@physx@@IAEXI@Z 10003740 f i RTreeCooking.obj
 0001:000027a0       ?recreate@?$Array@URTreeNodeQ@Gu@physx@@V?$ReflectionAllocator@URTreeNodeQ@Gu@physx@@@shdfnd@3@@shdfnd@physx@@IAEXI@Z 100037a0 f i RTreeCooking.obj
 0001:00002830       ?recreate@?$Array@VPxVec3@physx@@V?$ReflectionAllocator@VPxVec3@physx@@@shdfnd@2@@shdfnd@physx@@IAEXI@Z 10003830 f i RTreeCooking.obj
 0001:00002890       ?resize@?$Array@IV?$ReflectionAllocator@I@shdfnd@physx@@@shdfnd@physx@@QAEXIABI@Z 10003890 f i RTreeCooking.obj
 0001:000028e0       ?resizeUninitialized@?$Array@URTreeNodeNQ@physx@@V?$ReflectionAllocator@URTreeNodeNQ@physx@@@shdfnd@2@@shdfnd@physx@@QAEXI@Z 100038e0 f i RTreeCooking.obj
 0001:00002910       ?sort4@SubSortQuick@physx@@QAEXPIAIIAAV?$Array@URTreeNodeNQ@physx@@V?$ReflectionAllocator@URTreeNodeNQ@physx@@@shdfnd@2@@shdfnd@2@AAIAAUPxBounds3V@2@I@Z 10003910 f i RTreeCooking.obj
 0001:00002c40       ?sort4@SubSortSAH@physx@@QAEXPAIIAAV?$Array@URTreeNodeNQ@physx@@V?$ReflectionAllocator@URTreeNodeNQ@physx@@@shdfnd@2@@shdfnd@2@AAIIPAURTreeNodeNQ@2@@Z 10003c40 f i RTreeCooking.obj
 0001:000031f0       ?split@SubSortSAH@physx@@QAEIPAII@Z 100041f0 f i RTreeCooking.obj
 0001:00003600       ?loadFromDesc@TriangleMeshBuilder@physx@@QAE_NABVPxTriangleMeshDesc@2@ABUPxCookingParams@2@_N@Z 10004600 f   TriangleMeshBuilder.obj
 0001:000038a0       ?save@TriangleMeshBuilder@physx@@QBE_NAAVPxOutputStream@2@_NABUPxCookingParams@2@@Z 100048a0 f   TriangleMeshBuilder.obj
 0001:00003bb0       ?computeLocalBounds@TriangleMeshBuilder@physx@@IAEXXZ 10004bb0 f   TriangleMeshBuilder.obj
 0001:00003c70       ?importMesh@TriangleMeshBuilder@physx@@IAE_NABVPxTriangleMeshDesc@2@ABUPxCookingParams@2@_N@Z 10004c70 f   TriangleMeshBuilder.obj
 0001:00003e30       ??$?_UI@@YAPAXIV?$ReflectionAllocator@I@shdfnd@physx@@PBDH@Z 10004e30 f i TriangleMeshBuilder.obj
 0001:00003e90       ??_H@YGXPAXIIP6EPAX0@Z@Z   10004e90 f i TriangleMeshBuilder.obj
 0001:00003ec0       ?isValid@PxTriangleMeshDesc@physx@@QBE_NXZ 10004ec0 f i TriangleMeshBuilder.obj
 0001:00003f30       ??0BigConvexDataBuilder@physx@@QAE@PBUConvexHullData@Gu@1@PAVBigConvexData@1@PBVPxVec3@1@@Z 10004f30 f   BigConvexDataBuilder.obj
 0001:00003f50       ??1BigConvexDataBuilder@physx@@QAE@XZ 10004f50 f   BigConvexDataBuilder.obj
 0001:00003f60       ?Precompute@BigConvexDataBuilder@physx@@QAE_NI@Z 10004f60 f   BigConvexDataBuilder.obj
 0001:00004250       ?Initialize@BigConvexDataBuilder@physx@@QAE_NXZ 10005250 f   BigConvexDataBuilder.obj
 0001:000042c0       ?PrecomputeSample@BigConvexDataBuilder@physx@@QAE_NIABVPxVec3@2@@Z 100052c0 f   BigConvexDataBuilder.obj
 0001:00004380       ?Save@BigConvexDataBuilder@physx@@QBE_NAAVPxOutputStream@2@_NIPBUHullTriangleData@2@@Z 10005380 f   BigConvexDataBuilder.obj
 0001:00004460       ?ComputeValencies@BigConvexDataBuilder@physx@@QBE_NIPBUHullTriangleData@2@@Z 10005460 f   BigConvexDataBuilder.obj
 0001:000044b0       ?Compute@BigConvexDataBuilder@physx@@QBE_NABUVALENCIESCREATE@2@@Z 100054b0 f   BigConvexDataBuilder.obj
 0001:000046e0       ?Save@BigConvexDataBuilder@physx@@QBE_NAAVPxOutputStream@2@_N@Z 100056e0 f   BigConvexDataBuilder.obj
 0001:00004810       ??0ConvexHullBuilder@physx@@QAE@PAUConvexHullData@Gu@1@@Z 10005810 f   ConvexHullBuilder.obj
 0001:00004860       ??1ConvexHullBuilder@physx@@QAE@XZ 10005860 f   ConvexHullBuilder.obj
 0001:000048e0       ?Init@ConvexHullBuilder@physx@@QAE_NIPBVPxVec3@2@IPBIIPBUPxHullPolygon@2@@Z 100058e0 f   ConvexHullBuilder.obj
 0001:00004e10       ?Save@ConvexHullBuilder@physx@@QBE_NAAVPxOutputStream@2@_N@Z 10005e10 f   ConvexHullBuilder.obj
 0001:00005080       ?CreateEdgeList@ConvexHullBuilder@physx@@QAE_NXZ 10006080 f   ConvexHullBuilder.obj
 0001:000058d0       ?CreatePolygonData@ConvexHullBuilder@physx@@QAE_NXZ 100068d0 f   ConvexHullBuilder.obj
 0001:000060b0       ?CheckHullPolygons@ConvexHullBuilder@physx@@QBE_NXZ 100070b0 f   ConvexHullBuilder.obj
 0001:00006310       ?CreateTrianglesFromPolygons@ConvexHullBuilder@physx@@QAE_NXZ 10007310 f   ConvexHullBuilder.obj
 0001:00006810       ?ComputeGeomCenter@ConvexHullBuilder@physx@@QBE_NAAVPxVec3@2@@Z 10007810 f   ConvexHullBuilder.obj
 0001:00006a20       ?CalculateVertexMapTable@ConvexHullBuilder@physx@@QAE_NI_N@Z 10007a20 f   ConvexHullBuilder.obj
 0001:00006bd0       ?ComputeHullPolygons@ConvexHullBuilder@physx@@QAE_NABIPBVPxVec3@2@0PBI@Z 10007bd0 f   ConvexHullBuilder.obj
 0001:00006dc0       ??$?_UE@@YAPAXIV?$ReflectionAllocator@E@shdfnd@physx@@PBDH@Z 10007dc0 f i ConvexHullBuilder.obj
 0001:00006e20       ??$?_UUHullTriangleData@physx@@@@YAPAXIV?$ReflectionAllocator@UHullTriangleData@physx@@@shdfnd@physx@@PBDH@Z 10007e20 f i ConvexHullBuilder.obj
 0001:00006e80       ??0PxVec3@physx@@QAE@XZ    10007e80 f i ConvexHullBuilder.obj
 0001:00008730       ??0ConvexMeshBuilder@physx@@QAE@XZ 10009730 f   ConvexMeshBuilder.obj
 0001:00008760       ??1ConvexMeshBuilder@physx@@UAE@XZ 10009760 f   ConvexMeshBuilder.obj
 0001:00008790       ?loadFromDesc@ConvexMeshBuilder@physx@@QAE_NABVPxConvexMeshDesc@2@W4Enum@PxPlatform@2@@Z 10009790 f   ConvexMeshBuilder.obj
 0001:00008850       ?save@ConvexMeshBuilder@physx@@QBE_NAAVPxOutputStream@2@_N@Z 10009850 f   ConvexMeshBuilder.obj
 0001:00008a40       ?loadConvexHull@ConvexMeshBuilder@physx@@QAE_NABVPxConvexMeshDesc@2@@Z 10009a40 f   ConvexMeshBuilder.obj
 0001:00008c40       ?computeHullPolygons@ConvexMeshBuilder@physx@@QAE_NABIPBVPxVec3@2@0PBIAAVPxAllocatorCallback@2@AAIAAPAV32@4AAPAI4AAPAUPxHullPolygon@2@@Z 10009c40 f   ConvexMeshBuilder.obj
 0001:00008dd0       ?computeGaussMaps@ConvexMeshBuilder@physx@@QAE_NXZ 10009dd0 f   ConvexMeshBuilder.obj
 0001:00008e80       ?computeMassInfo@ConvexMeshBuilder@physx@@QAEXXZ 10009e80 f   ConvexMeshBuilder.obj
 0001:00009290       ?computeInternalObjects@ConvexMeshBuilder@physx@@QAEXXZ 1000a290 f   ConvexMeshBuilder.obj
 0001:0000948c       ??_EConvexMeshBuilder@physx@@W7AEPAXI@Z 1000a48c f i ConvexMeshBuilder.obj
 0001:000094a0       ??_GConvexMeshBuilder@physx@@UAEPAXI@Z 1000a4a0 f i ConvexMeshBuilder.obj
 0001:000094a0       ??_EConvexMeshBuilder@physx@@UAEPAXI@Z 1000a4a0 f i ConvexMeshBuilder.obj
 0001:00009820       ?isFinite@PxVec3@physx@@QBE_NXZ 1000a820 f i ConvexMeshBuilder.obj
 0001:00009890       ?isReleasable@PxBase@physx@@UBE_NXZ 1000a890 f i ConvexMeshBuilder.obj
 0001:000098a0       ?isValid@PxConvexMeshDesc@physx@@QBE_NXZ 1000a8a0 f i ConvexMeshBuilder.obj
 0001:00009940       ?requires@ConvexMesh@Gu@physx@@UAEXAAVPxProcessPxBaseCallback@3@@Z 1000a940 f i ConvexMeshBuilder.obj
 0001:00009950       ??0HullLibrary@physx@@QAE@XZ 1000a950 f   hulllib.obj
 0001:00009990       ??1HullLibrary@physx@@QAE@XZ 1000a990 f   hulllib.obj
 0001:000099e0       ?CreateConvexHull@HullLibrary@physx@@QAE?AW4HullError@2@ABVHullDesc@2@AAVHullResult@2@@Z 1000a9e0 f   hulllib.obj
 0001:00009e20       ?ReleaseResult@HullLibrary@physx@@QAE?AW4HullError@2@AAVHullResult@2@@Z 1000ae20 f   hulllib.obj
 0001:00009e60       ?CreateTriangleMesh@HullLibrary@physx@@QAE?AW4HullError@2@AAVHullResult@2@PAVConvexHullTriangleInterface@2@@Z 1000ae60 f   hulllib.obj
 0001:0000a130       ?b2bfix@HullLibrary@physx@@AAEXPAVTri@2@0@Z 1000b130 f   hulllib.obj
 0001:0000a250       ?removeb2b@HullLibrary@physx@@AAEXPAVTri@2@0@Z 1000b250 f   hulllib.obj
 0001:0000a2a0       ?checkit@HullLibrary@physx@@ABEXPAVTri@2@@Z 1000b2a0 f   hulllib.obj
 0001:0000a2b0       ?extrude@HullLibrary@physx@@AAEXPAVTri@2@H@Z 1000b2b0 f   hulllib.obj
 0001:0000a5f0       ?extrudable@HullLibrary@physx@@ABEPAVTri@2@M@Z 1000b5f0 f   hulllib.obj
 0001:0000a640       ?calchullgen@HullLibrary@physx@@AAE?AW4HullError@2@PAVfloat3@2@HHM@Z 1000b640 f   hulllib.obj
 0001:0000b4b0       ?calchull@HullLibrary@physx@@AAE?AW4HullError@2@PAVfloat3@2@HAAPAHAAHAAPAV42@2HM@Z 1000c4b0 f   hulllib.obj
 0001:0000b730       ?expandhull@HullLibrary@physx@@AAE?AW4HullError@2@PAVfloat3@2@HAAPAV42@AAHM@Z 1000c730 f   hulllib.obj
 0001:0000bfd0       ?calchullpbev@HullLibrary@physx@@AAE?AW4HullError@2@PAVfloat3@2@HHAAV?$Array@VPlane@physx@@@hullLibArray@2@M@Z 1000cfd0 f   hulllib.obj
 0001:0000ccd0       ?ComputeHull@HullLibrary@physx@@AAE?AW4HullError@2@IPBMAAVPHullResult@2@IMM@Z 1000dcd0 f   hulllib.obj
 0001:0000cef0       ?overhullv@HullLibrary@physx@@AAE?AW4HullError@2@PAVfloat3@2@HHAAPAV42@AAHAAPAH2MMHM@Z 1000def0 f   hulllib.obj
 0001:0000d140       ??0ConvexH@physx@@QAE@HHH@Z 1000e140 f   hulllib.obj
 0001:0000d1d0       ?neib@Tri@physx@@QAEAAHHH@Z 1000e1d0 f   hulllib.obj
 0001:0000d250       ??$Max@M@physx@@YAMABM0@Z  1000e250 f i hulllib.obj
 0001:0000d270       ??$Min@H@physx@@YAHABH0@Z  1000e270 f i hulllib.obj
 0001:0000d290       ??$Min@M@physx@@YAMABM0@Z  1000e290 f i hulllib.obj
 0001:0000d2b0       ??$Swap@H@physx@@YAXAAH0@Z 1000e2b0 f i hulllib.obj
 0001:0000d2d0       ??$__vcrt_va_start_verify_argument_type@QBD@@YAXXZ 1000e2d0 f i hulllib.obj
 0001:0000d2e0       ??$maxdir@Vfloat3@physx@@@physx@@YAHPBVfloat3@0@HABV10@@Z 1000e2e0 f i hulllib.obj
 0001:0000d390       ??$maxdirfiltered@Vfloat3@physx@@@physx@@YAHPBVfloat3@0@HABV10@PA_N@Z 1000e390 f i hulllib.obj
 0001:0000d450       ??$maxdirsterid@Vfloat3@physx@@@physx@@YAHPBVfloat3@0@HABV10@AAV?$Array@H@hullLibArray@0@@Z 1000e450 f i hulllib.obj
 0001:0000d8b0       ??0?$Array@H@hullLibArray@physx@@QAE@H@Z 1000e8b0 f i hulllib.obj
 0001:0000d8e0       ??0?$Array@PAVTri@physx@@@hullLibArray@physx@@QAE@H@Z 1000e8e0 f i hulllib.obj
 0001:0000d910       ??0?$Array@UExpandPlane@physx@@@hullLibArray@physx@@QAE@H@Z 1000e910 f i hulllib.obj
 0001:0000d940       ??0?$Array@VHalfEdge@ConvexH@physx@@@hullLibArray@physx@@QAE@H@Z 1000e940 f i hulllib.obj
 0001:0000d970       ??0?$Array@VPlane@physx@@@hullLibArray@physx@@QAE@H@Z 1000e970 f i hulllib.obj
 0001:0000d9a0       ??0?$Array@Vfloat3@physx@@@hullLibArray@physx@@QAE@H@Z 1000e9a0 f i hulllib.obj
 0001:0000d9d0       ??0?$Array@Vint3@physx@@@hullLibArray@physx@@QAE@H@Z 1000e9d0 f i hulllib.obj
 0001:0000da00       ??0HalfEdge@ConvexH@physx@@QAE@XZ 1000ea00 f i hulllib.obj
 0001:0000da10       ??0Plane@physx@@QAE@XZ     1000ea10 f i hulllib.obj
 0001:0000da30       ??0Tri@physx@@QAE@HHHPAV?$Array@PAVTri@physx@@@hullLibArray@1@@Z 1000ea30 f i hulllib.obj
 0001:0000dab0       ??0float3@physx@@QAE@XZ    1000eab0 f i hulllib.obj
 0001:0000dad0       ??1?$Array@H@hullLibArray@physx@@QAE@XZ 1000ead0 f i hulllib.obj
 0001:0000db10       ??1?$Array@PAVTri@physx@@@hullLibArray@physx@@QAE@XZ 1000eb10 f i hulllib.obj
 0001:0000db50       ??1?$Array@UExpandPlane@physx@@@hullLibArray@physx@@QAE@XZ 1000eb50 f i hulllib.obj
 0001:0000db90       ??1?$Array@VHalfEdge@ConvexH@physx@@@hullLibArray@physx@@QAE@XZ 1000eb90 f i hulllib.obj
 0001:0000dbd0       ??1?$Array@VPlane@physx@@@hullLibArray@physx@@QAE@XZ 1000ebd0 f i hulllib.obj
 0001:0000dc10       ??1?$Array@Vfloat3@physx@@@hullLibArray@physx@@QAE@XZ 1000ec10 f i hulllib.obj
 0001:0000dc50       ??1?$Array@Vint3@physx@@@hullLibArray@physx@@QAE@XZ 1000ec50 f i hulllib.obj
 0001:0000dc90       ??1ConvexH@physx@@QAE@XZ   1000ec90 f i hulllib.obj
 0001:0000dd20       ?Add@?$Array@H@hullLibArray@physx@@QAEAAHH@Z 1000ed20 f i hulllib.obj
 0001:0000dd60       ?Add@?$Array@PAVTri@physx@@@hullLibArray@physx@@QAEAAPAVTri@3@PAV43@@Z 1000ed60 f i hulllib.obj
 0001:0000dda0       ?Add@?$Array@UExpandPlane@physx@@@hullLibArray@physx@@QAEAAUExpandPlane@3@U43@@Z 1000eda0 f i hulllib.obj
 0001:0000de00       ?Add@?$Array@VPlane@physx@@@hullLibArray@physx@@QAEAAVPlane@3@V43@@Z 1000ee00 f i hulllib.obj
 0001:0000de50       ?Add@?$Array@Vfloat3@physx@@@hullLibArray@physx@@QAEAAVfloat3@3@V43@@Z 1000ee50 f i hulllib.obj
 0001:0000deb0       ?Add@?$Array@Vint3@physx@@@hullLibArray@physx@@QAEAAVint3@3@V43@@Z 1000eeb0 f i hulllib.obj
 0001:00010210       ?SetSize@?$Array@PAVTri@physx@@@hullLibArray@physx@@QAEXH@Z 10011210 f i hulllib.obj
 0001:00010250       ?SetSize@?$Array@Vint3@physx@@@hullLibArray@physx@@QAEXH@Z 10011250 f i hulllib.obj
 0001:000103e0       ?allocate@?$Array@H@hullLibArray@physx@@QAEXH@Z 100113e0 f i hulllib.obj
 0001:00010440       ?allocate@?$Array@PAVTri@physx@@@hullLibArray@physx@@QAEXH@Z 10011440 f i hulllib.obj
 0001:000104a0       ?allocate@?$Array@UExpandPlane@physx@@@hullLibArray@physx@@QAEXH@Z 100114a0 f i hulllib.obj
 0001:00010520       ?allocate@?$Array@VHalfEdge@ConvexH@physx@@@hullLibArray@physx@@QAEXH@Z 10011520 f i hulllib.obj
 0001:00010580       ?allocate@?$Array@VPlane@physx@@@hullLibArray@physx@@QAEXH@Z 10011580 f i hulllib.obj
 0001:000105e0       ?allocate@?$Array@Vfloat3@physx@@@hullLibArray@physx@@QAEXH@Z 100115e0 f i hulllib.obj
 0001:00010650       ?allocate@?$Array@Vint3@physx@@@hullLibArray@physx@@QAEXH@Z 10011650 f i hulllib.obj
 0001:000113d0       ___local_stdio_printf_options 100123d0 f i hulllib.obj
 0001:000113e0       _printf                    100123e0 f i hulllib.obj
 0001:00011410       ?computeVolumeIntegrals@physx@@YA_NABVPxSimpleTriangleMesh@1@MAAUPxIntegrals@1@@Z 10012410 f   VolumeIntegration.obj
 0001:00011480       ?computeVolumeIntegralsEberly@physx@@YA_NABVPxSimpleTriangleMesh@1@MAAUPxIntegrals@1@ABVPxVec3@1@@Z 10012480 f   VolumeIntegration.obj
 0001:00012e30       ?ComputeNbBoundaryEdges@AdjTriangle@physx@@QBEIXZ 10013e30 f   Adjacencies.obj
 0001:00012e70       ?ComputeNbNeighbors@AdjTriangle@physx@@QBEIXZ 10013e70 f   Adjacencies.obj
 0001:00012eb0       ?HasNeighbor@AdjTriangle@physx@@QBE_NIPAI@Z 10013eb0 f   Adjacencies.obj
 0001:00012f30       ?Flip@AdjTriangle@physx@@QAEXXZ 10013f30 f   Adjacencies.obj
 0001:00012f40       ??0Adjacencies@physx@@QAE@XZ 10013f40 f   Adjacencies.obj
 0001:00012f50       ??1Adjacencies@physx@@QAE@XZ 10013f50 f   Adjacencies.obj
 0001:00012f80       ?Load@Adjacencies@physx@@QAE_NAAVPxInputStream@2@@Z 10013f80 f   Adjacencies.obj
 0001:00013060       ?Walk@Adjacencies@physx@@QAE_NP6AXABUCommonWalkParams@2@IIII@ZPAX@Z 10014060 f   Adjacencies.obj
 0001:000131c0       ?Walk2@Adjacencies@physx@@QAE_NP6AXABUCommonWalkParams@2@IIII@ZPAXPBVPxVec3@2@PBU?$TriangleT@I@Gu@2@@Z 100141c0 f   Adjacencies.obj
 0001:00013320       ?ComputeNbBoundaryEdges@Adjacencies@physx@@QBEIXZ 10014320 f   Adjacencies.obj
 0001:00013390       ?GetBoundaryVertices@Adjacencies@physx@@QBE_NIPA_NPBU?$TriangleT@I@Gu@2@@Z 10014390 f   Adjacencies.obj
 0001:000134f0       ?MakeLastRef@Adjacencies@physx@@QAE_NAAVAdjTriangle@2@IPAU?$TriangleT@I@Gu@2@@Z 100144f0 f   Adjacencies.obj
 0001:000136b0       ?AssignNewEdgeCode@Adjacencies@physx@@AAEXIE@Z 100146b0 f   Adjacencies.obj
 0001:000136f0       ??0AdjacenciesBuilder@physx@@QAE@XZ 100146f0 f   Adjacencies.obj
 0001:00013700       ??1AdjacenciesBuilder@physx@@QAE@XZ 10014700 f   Adjacencies.obj
 0001:00013730       ?Init@AdjacenciesBuilder@physx@@QAE_NABUADJACENCIESCREATE@2@@Z 10014730 f   Adjacencies.obj
 0001:00013a00       ??0AdjEdge@@QAE@XZ         10014a00 f i Adjacencies.obj
 0001:00013a10       ??0AdjTriangle@physx@@QAE@XZ 10014a10 f i Adjacencies.obj
 0001:00013a20       ??1AdjEdge@@QAE@XZ         10014a20 f i Adjacencies.obj
 0001:00013a30       ??1AdjTriangle@physx@@QAE@XZ 10014a30 f i Adjacencies.obj
 0001:00013a40       ??_EAdjEdge@@QAEPAXI@Z     10014a40 f i Adjacencies.obj
 0001:00013ab0       ??_EAdjTriangle@physx@@QAEPAXI@Z 10014ab0 f i Adjacencies.obj
 0001:00013b20       ??_I@YGXPAXIIP6EX0@Z@Z     10014b20 f i Adjacencies.obj
 0001:00014440       _PxCreateCooking           10015440 f   Cooking.obj
 0001:000144f0       ?release@Cooking@physx@@UAEXXZ 100154f0 f   Cooking.obj
 0001:00014510       ?setParams@Cooking@physx@@UAEXABUPxCookingParams@2@@Z 10015510 f   Cooking.obj
 0001:00014570       ?getParams@Cooking@physx@@UAEABUPxCookingParams@2@XZ 10015570 f   Cooking.obj
 0001:00014580       ?platformMismatch@Cooking@physx@@UAE_NXZ 10015580 f   Cooking.obj
 0001:000145b0       ?cookTriangleMesh@Cooking@physx@@UAE_NABVPxTriangleMeshDesc@2@AAVPxOutputStream@2@@Z 100155b0 f   Cooking.obj
 0001:000146a0       ?createTriangleMesh@Cooking@physx@@UAEPAVPxTriangleMesh@2@ABVPxTriangleMeshDesc@2@AAVPxPhysicsInsertionCallback@2@@Z 100156a0 f   Cooking.obj
 0001:00014770       ?validateTriangleMesh@Cooking@physx@@UAE_NABVPxTriangleMeshDesc@2@@Z 10015770 f   Cooking.obj
 0001:00014820       ?cookConvexMesh@Cooking@physx@@UAE_NABVPxConvexMeshDesc@2@AAVPxOutputStream@2@PAW4Enum@PxConvexMeshCookingResult@2@@Z 10015820 f   Cooking.obj
 0001:00014b40       ?computeHullPolygons@Cooking@physx@@UAE_NABVPxSimpleTriangleMesh@2@AAVPxAllocatorCallback@2@AAIAAPAVPxVec3@2@2AAPAI2AAPAUPxHullPolygon@2@@Z 10015b40 f   Cooking.obj
 0001:00014c70       ?cookHeightField@Cooking@physx@@UAE_NABVPxHeightFieldDesc@2@AAVPxOutputStream@2@@Z 10015c70 f   Cooking.obj
 0001:00014dd0       ?createHeightField@Cooking@physx@@UAEPAVPxHeightField@2@ABVPxHeightFieldDesc@2@AAVPxPhysicsInsertionCallback@2@@Z 10015dd0 f   Cooking.obj
 0001:00014ef0       ?loadTriangleMeshDesc@Cooking@physx@@AAE_NABVPxTriangleMeshDesc@2@AAVTriangleMeshBuilder@2@@Z 10015ef0 f   Cooking.obj
 0001:00014fc0       ??1PxCooking@physx@@MAE@XZ 10015fc0 f i Cooking.obj
 0001:00014fc7       ??_ETriangleMeshBuilder@physx@@W7AEPAXI@Z 10015fc7 f i Cooking.obj
 0001:00014fd0       ??_ECooking@physx@@UAEPAXI@Z 10015fd0 f i Cooking.obj
 0001:00014fd0       ??_GCooking@physx@@UAEPAXI@Z 10015fd0 f i Cooking.obj
 0001:00015010       ??_GPxCooking@physx@@MAEPAXI@Z 10016010 f i Cooking.obj
 0001:00015010       ??_EPxCooking@physx@@MAEPAXI@Z 10016010 f i Cooking.obj
 0001:00015040       ??_GTriangleMeshBuilder@physx@@UAEPAXI@Z 10016040 f i Cooking.obj
 0001:00015040       ??_ETriangleMeshBuilder@physx@@UAEPAXI@Z 10016040 f i Cooking.obj
 0001:00015080       ?requires@TriangleMesh@Gu@physx@@UAEXAAVPxProcessPxBaseCallback@3@@Z 10016080 f i Cooking.obj
 0001:00015090       ??0ReducedVertexCloud@physx@@QAE@PBVPxVec3@1@I@Z 10016090 f   CookingUtils.obj
 0001:000150c0       ??1ReducedVertexCloud@physx@@QAE@XZ 100160c0 f   CookingUtils.obj
 0001:00015100       ?Clean@ReducedVertexCloud@physx@@QAEAAV12@XZ 10016100 f   CookingUtils.obj
 0001:00015140       ?Reduce@ReducedVertexCloud@physx@@QAE_NPAUREDUCEDCLOUD@2@@Z 10016140 f   CookingUtils.obj
 0001:000153b0       ??0EdgeList@Gu@physx@@QAE@XZ 100163b0 f   EdgeList.obj
 0001:000153e0       ??1EdgeList@Gu@physx@@QAE@XZ 100163e0 f   EdgeList.obj
 0001:00015430       ?Load@EdgeList@Gu@physx@@QAE_NAAVPxInputStream@3@@Z 10016430 f   EdgeList.obj
 0001:00015530       ??0EdgeListBuilder@Gu@physx@@QAE@XZ 10016530 f   EdgeList.obj
 0001:00015560       ??1EdgeListBuilder@Gu@physx@@QAE@XZ 10016560 f   EdgeList.obj
 0001:000155b0       ?Init@EdgeListBuilder@Gu@physx@@QAE_NABUEDGELISTCREATE@23@@Z 100165b0 f   EdgeList.obj
 0001:00015680       ?CreateFacesToEdges@EdgeListBuilder@Gu@physx@@AAE_NIPBIPBG@Z 10016680 f   EdgeList.obj
 0001:00015980       ?CreateEdgesToFaces@EdgeListBuilder@Gu@physx@@AAE_NIPBIPBG@Z 10016980 f   EdgeList.obj
 0001:00015b20       ?ComputeActiveEdges@EdgeListBuilder@Gu@physx@@AAE_NIPBIPBGPBVPxVec3@3@M@Z 10016b20 f   EdgeList.obj
 0001:00017330       ??$?_UUEdgeData@Gu@physx@@@@YAPAXIV?$ReflectionAllocator@UEdgeData@Gu@physx@@@shdfnd@physx@@PBDH@Z 10018330 f i EdgeList.obj
 0001:00017390       ??$?_UUEdgeTriangleData@Gu@physx@@@@YAPAXIV?$ReflectionAllocator@UEdgeTriangleData@Gu@physx@@@shdfnd@physx@@PBDH@Z 10018390 f i EdgeList.obj
 0001:000173f0       ?OppositeVertex@@YAIIIIII@Z 100183f0 f i EdgeList.obj
 0001:00017450       ??0InternalTriangleMeshBuilder@physx@@QAE@PAVInternalTriangleMesh@1@ABUPxCookingParams@1@@Z 10018450 f   InternalTriangleMeshBuilder.obj
 0001:00017470       ??1InternalTriangleMeshBuilder@physx@@QAE@XZ 10018470 f   InternalTriangleMeshBuilder.obj
 0001:000174a0       ?cleanMesh@InternalTriangleMeshBuilder@physx@@QAE_N_N@Z 100184a0 f   InternalTriangleMeshBuilder.obj
 0001:00017830       ?fillRemapTable@InternalTriangleMeshBuilder@physx@@QAEXXZ 10018830 f   InternalTriangleMeshBuilder.obj
 0001:000178f0       ?remapTopology@InternalTriangleMeshBuilder@physx@@QAEXPBI@Z 100188f0 f   InternalTriangleMeshBuilder.obj
 0001:00017b10       ?createRTree@InternalTriangleMeshBuilder@physx@@QAE_NXZ 10018b10 f   InternalTriangleMeshBuilder.obj
 0001:00017bd0       ?createSharedEdgeData@InternalTriangleMeshBuilder@physx@@QAEX_N0@Z 10018bd0 f   InternalTriangleMeshBuilder.obj
 0001:00017f20       ?releaseEdgeList@InternalTriangleMeshBuilder@physx@@AAEXXZ 10018f20 f   InternalTriangleMeshBuilder.obj
 0001:00017f50       ?createEdgeList@InternalTriangleMeshBuilder@physx@@AAEXXZ 10018f50 f   InternalTriangleMeshBuilder.obj
 0001:00018050       ??$?_UG@@YAPAXIV?$ReflectionAllocator@G@shdfnd@physx@@PBDH@Z 10019050 f i InternalTriangleMeshBuilder.obj
 0001:000180b0       ??1RemapCallback@RTreeCooker@physx@@UAE@XZ 100190b0 f i InternalTriangleMeshBuilder.obj
 0001:000180c0       ??_GRTreeCookerRemap@@UAEPAXI@Z 100190c0 f i InternalTriangleMeshBuilder.obj
 0001:000180c0       ??_ERTreeCookerRemap@@UAEPAXI@Z 100190c0 f i InternalTriangleMeshBuilder.obj
 0001:000180f0       ??_GRemapCallback@RTreeCooker@physx@@UAEPAXI@Z 100190f0 f i InternalTriangleMeshBuilder.obj
 0001:000180f0       ??_ERemapCallback@RTreeCooker@physx@@UAEPAXI@Z 100190f0 f i InternalTriangleMeshBuilder.obj
 0001:00018120       ?remap@RTreeCookerRemap@@UAEXPAIII@Z 10019120 f i InternalTriangleMeshBuilder.obj
 0001:00018140       ??0MeshCleaner@physx@@QAE@IPBVPxVec3@1@IPBIM@Z 10019140 f   MeshCleaner.obj
 0001:000188c0       ??1MeshCleaner@physx@@QAE@XZ 100198c0 f   MeshCleaner.obj
 0001:00018902       _GetModuleFileNameA@12     10019902 f   kernel32:KERNEL32.dll
 0001:00018908       _LoadLibraryA@4            10019908 f   kernel32:KERNEL32.dll
 0001:0001890e       __imp_load_?writeWord@physx@@YAXG_NAAVPxOutputStream@1@@Z 1001990e f   PhysX3Common_x86:PhysX3Common_x86.dll
 0001:00018918       __tailMerge_PhysX3Common_x86_dll 10019918 f i PhysX3Common_x86:PhysX3Common_x86.dll
 0001:00018929       ?writeWord@physx@@YAXG_NAAVPxOutputStream@1@@Z 10019929 f   PhysX3Common_x86:PhysX3Common_x86.dll
 0001:0001892f       __imp_load_?writeDword@physx@@YAXI_NAAVPxOutputStream@1@@Z 1001992f f   PhysX3Common_x86:PhysX3Common_x86.dll
 0001:00018939       ?writeDword@physx@@YAXI_NAAVPxOutputStream@1@@Z 10019939 f   PhysX3Common_x86:PhysX3Common_x86.dll
 0001:0001893f       __imp_load_?writeFloat@physx@@YAXM_NAAVPxOutputStream@1@@Z 1001993f f   PhysX3Common_x86:PhysX3Common_x86.dll
 0001:00018949       ?writeFloat@physx@@YAXM_NAAVPxOutputStream@1@@Z 10019949 f   PhysX3Common_x86:PhysX3Common_x86.dll
 0001:0001894f       __imp_load_?writeHeader@physx@@YA_NCCCCI_NAAVPxOutputStream@1@@Z 1001994f f   PhysX3Common_x86:PhysX3Common_x86.dll
 0001:00018959       ?writeHeader@physx@@YA_NCCCCI_NAAVPxOutputStream@1@@Z 10019959 f   PhysX3Common_x86:PhysX3Common_x86.dll
 0001:0001895f       __imp_load__PxGetFoundation 1001995f f   PhysX3Common_x86:PhysX3Common_x86.dll
 0001:00018969       _PxGetFoundation           10019969 f   PhysX3Common_x86:PhysX3Common_x86.dll
 0001:0001896f       __imp_load_?getAllocator@shdfnd@physx@@YAAAVPxAllocatorCallback@2@XZ 1001996f f   PhysX3Common_x86:PhysX3Common_x86.dll
 0001:00018979       ?getAllocator@shdfnd@physx@@YAAAVPxAllocatorCallback@2@XZ 10019979 f   PhysX3Common_x86:PhysX3Common_x86.dll
 0001:0001897f       __imp_load_?allocate@Allocator@shdfnd@physx@@QAEPAXIPBDH@Z 1001997f f   PhysX3Common_x86:PhysX3Common_x86.dll
 0001:00018989       ?allocate@Allocator@shdfnd@physx@@QAEPAXIPBDH@Z 10019989 f   PhysX3Common_x86:PhysX3Common_x86.dll
 0001:0001898f       __imp_load_?allocate@TempAllocator@shdfnd@physx@@QAEPAXIPBDH@Z 1001998f f   PhysX3Common_x86:PhysX3Common_x86.dll
 0001:00018999       ?allocate@TempAllocator@shdfnd@physx@@QAEPAXIPBDH@Z 10019999 f   PhysX3Common_x86:PhysX3Common_x86.dll
 0001:0001899f       __imp_load_?deallocate@TempAllocator@shdfnd@physx@@QAEXPAX@Z 1001999f f   PhysX3Common_x86:PhysX3Common_x86.dll
 0001:000189a9       ?deallocate@TempAllocator@shdfnd@physx@@QAEXPAX@Z 100199a9 f   PhysX3Common_x86:PhysX3Common_x86.dll
 0001:000189af       __imp_load_?computeBoundsAroundVertices@Gu@physx@@YAXAAVPxBounds3@2@IPIBVPxVec3@2@@Z 100199af f   PhysX3Common_x86:PhysX3Common_x86.dll
 0001:000189b9       ?computeBoundsAroundVertices@Gu@physx@@YAXAAVPxBounds3@2@IPIBVPxVec3@2@@Z 100199b9 f   PhysX3Common_x86:PhysX3Common_x86.dll
 0001:000189bf       __imp_load_?deallocate@Allocator@shdfnd@physx@@QAEXPAX@Z 100199bf f   PhysX3Common_x86:PhysX3Common_x86.dll
 0001:000189c9       ?deallocate@Allocator@shdfnd@physx@@QAEXPAX@Z 100199c9 f   PhysX3Common_x86:PhysX3Common_x86.dll
 0001:000189cf       __imp_load_?getInstance@Foundation@shdfnd@physx@@SAAAV123@XZ 100199cf f   PhysX3Common_x86:PhysX3Common_x86.dll
 0001:000189d9       ?getInstance@Foundation@shdfnd@physx@@SAAAV123@XZ 100199d9 f   PhysX3Common_x86:PhysX3Common_x86.dll
 0001:000189df       __imp_load_?error@Foundation@shdfnd@physx@@QAAXW4Enum@PxErrorCode@3@PBDH1ZZ 100199df f   PhysX3Common_x86:PhysX3Common_x86.dll
 0001:000189e9       ?error@Foundation@shdfnd@physx@@QAAXW4Enum@PxErrorCode@3@PBDH1ZZ 100199e9 f   PhysX3Common_x86:PhysX3Common_x86.dll
 0001:000189ef       __imp_load_?save@RTree@Gu@physx@@QBE_NAAVPxOutputStream@3@@Z 100199ef f   PhysX3Common_x86:PhysX3Common_x86.dll
 0001:000189f9       ?save@RTree@Gu@physx@@QBE_NAAVPxOutputStream@3@@Z 100199f9 f   PhysX3Common_x86:PhysX3Common_x86.dll
 0001:000189ff       __imp_load_?release@InternalTriangleMesh@physx@@QAEXXZ 100199ff f   PhysX3Common_x86:PhysX3Common_x86.dll
 0001:00018a09       ?release@InternalTriangleMesh@physx@@QAEXXZ 10019a09 f   PhysX3Common_x86:PhysX3Common_x86.dll
 0001:00018a0f       __imp_load_?allocateVertices@InternalTriangleMesh@physx@@QAEPAVPxVec3@2@I@Z 10019a0f f   PhysX3Common_x86:PhysX3Common_x86.dll
 0001:00018a19       ?allocateVertices@InternalTriangleMesh@physx@@QAEPAVPxVec3@2@I@Z 10019a19 f   PhysX3Common_x86:PhysX3Common_x86.dll
 0001:00018a1f       __imp_load_?allocateTriangles@InternalTriangleMesh@physx@@QAEPAXI_N@Z 10019a1f f   PhysX3Common_x86:PhysX3Common_x86.dll
 0001:00018a29       ?allocateTriangles@InternalTriangleMesh@physx@@QAEPAXI_N@Z 10019a29 f   PhysX3Common_x86:PhysX3Common_x86.dll
 0001:00018a2f       __imp_load_?allocateMaterials@InternalTriangleMesh@physx@@QAEPAGXZ 10019a2f f   PhysX3Common_x86:PhysX3Common_x86.dll
 0001:00018a39       ?allocateMaterials@InternalTriangleMesh@physx@@QAEPAGXZ 10019a39 f   PhysX3Common_x86:PhysX3Common_x86.dll
 0001:00018a3f       __imp_load_?writeWordBuffer@physx@@YAXPBGI_NAAVPxOutputStream@1@@Z 10019a3f f   PhysX3Common_x86:PhysX3Common_x86.dll
 0001:00018a49       ?writeWordBuffer@physx@@YAXPBGI_NAAVPxOutputStream@1@@Z 10019a49 f   PhysX3Common_x86:PhysX3Common_x86.dll
 0001:00018a4f       __imp_load_?writeFloatBuffer@physx@@YAXPBMI_NAAVPxOutputStream@1@@Z 10019a4f f   PhysX3Common_x86:PhysX3Common_x86.dll
 0001:00018a59       ?writeFloatBuffer@physx@@YAXPBMI_NAAVPxOutputStream@1@@Z 10019a59 f   PhysX3Common_x86:PhysX3Common_x86.dll
 0001:00018a5f       __imp_load_?computeMaxIndex@physx@@YAIPBII@Z 10019a5f f   PhysX3Common_x86:PhysX3Common_x86.dll
 0001:00018a69       ?computeMaxIndex@physx@@YAIPBII@Z 10019a69 f   PhysX3Common_x86:PhysX3Common_x86.dll
 0001:00018a6f       __imp_load_?storeIndices@physx@@YAXIIPBIAAVPxOutputStream@1@_N@Z 10019a6f f   PhysX3Common_x86:PhysX3Common_x86.dll
 0001:00018a79       ?storeIndices@physx@@YAXIIPBIAAVPxOutputStream@1@_N@Z 10019a79 f   PhysX3Common_x86:PhysX3Common_x86.dll
 0001:00018a7f       __imp_load_?computeMaxIndex@physx@@YAGPBGI@Z 10019a7f f   PhysX3Common_x86:PhysX3Common_x86.dll
 0001:00018a89       ?computeMaxIndex@physx@@YAGPBGI@Z 10019a89 f   PhysX3Common_x86:PhysX3Common_x86.dll
 0001:00018a8f       __imp_load_?WriteHeader@Gu@physx@@YA_NEEEEI_NAAVPxOutputStream@2@@Z 10019a8f f   PhysX3Common_x86:PhysX3Common_x86.dll
 0001:00018a99       ?WriteHeader@Gu@physx@@YA_NEEEEI_NAAVPxOutputStream@2@@Z 10019a99 f   PhysX3Common_x86:PhysX3Common_x86.dll
 0001:00018a9f       __imp_load_?StoreIndices@Gu@physx@@YAXGIPBGAAVPxOutputStream@2@_N@Z 10019a9f f   PhysX3Common_x86:PhysX3Common_x86.dll
 0001:00018aa9       ?StoreIndices@Gu@physx@@YAXGIPBGAAVPxOutputStream@2@_N@Z 10019aa9 f   PhysX3Common_x86:PhysX3Common_x86.dll
 0001:00018aaf       __imp_load_?CreateOffsets@BigConvexData@physx@@IAEXXZ 10019aaf f   PhysX3Common_x86:PhysX3Common_x86.dll
 0001:00018ab9       ?CreateOffsets@BigConvexData@physx@@IAEXXZ 10019ab9 f   PhysX3Common_x86:PhysX3Common_x86.dll
 0001:00018abf       __imp_load_??0RadixSortBuffered@Gu@physx@@QAE@XZ 10019abf f   PhysX3Common_x86:PhysX3Common_x86.dll
 0001:00018ac9       ??0RadixSortBuffered@Gu@physx@@QAE@XZ 10019ac9 f   PhysX3Common_x86:PhysX3Common_x86.dll
 0001:00018acf       __imp_load_??1RadixSortBuffered@Gu@physx@@UAE@XZ 10019acf f   PhysX3Common_x86:PhysX3Common_x86.dll
 0001:00018ad9       ??1RadixSortBuffered@Gu@physx@@UAE@XZ 10019ad9 f   PhysX3Common_x86:PhysX3Common_x86.dll
 0001:00018adf       __imp_load_?Sort@RadixSortBuffered@Gu@physx@@QAEAAV123@PBIIW4RadixHint@23@@Z 10019adf f   PhysX3Common_x86:PhysX3Common_x86.dll
 0001:00018ae9       ?Sort@RadixSortBuffered@Gu@physx@@QAEAAV123@PBIIW4RadixHint@23@@Z 10019ae9 f   PhysX3Common_x86:PhysX3Common_x86.dll
 0001:00018aef       __imp_load_??0Container@Gu@physx@@QAE@XZ 10019aef f   PhysX3Common_x86:PhysX3Common_x86.dll
 0001:00018af9       ??0Container@Gu@physx@@QAE@XZ 10019af9 f   PhysX3Common_x86:PhysX3Common_x86.dll
 0001:00018aff       __imp_load_??0Container@Gu@physx@@QAE@ABV012@@Z 10019aff f   PhysX3Common_x86:PhysX3Common_x86.dll
 0001:00018b09       ??0Container@Gu@physx@@QAE@ABV012@@Z 10019b09 f   PhysX3Common_x86:PhysX3Common_x86.dll
 0001:00018b0f       __imp_load_??1Container@Gu@physx@@QAE@XZ 10019b0f f   PhysX3Common_x86:PhysX3Common_x86.dll
 0001:00018b19       ??1Container@Gu@physx@@QAE@XZ 10019b19 f   PhysX3Common_x86:PhysX3Common_x86.dll
 0001:00018b1f       __imp_load_?Empty@Container@Gu@physx@@QAEAAV123@XZ 10019b1f f   PhysX3Common_x86:PhysX3Common_x86.dll
 0001:00018b29       ?Empty@Container@Gu@physx@@QAEAAV123@XZ 10019b29 f   PhysX3Common_x86:PhysX3Common_x86.dll
 0001:00018b2f       __imp_load_?Contains@Container@Gu@physx@@QBE_NIPAI@Z 10019b2f f   PhysX3Common_x86:PhysX3Common_x86.dll
 0001:00018b39       ?Contains@Container@Gu@physx@@QBE_NIPAI@Z 10019b39 f   PhysX3Common_x86:PhysX3Common_x86.dll
 0001:00018b3f       __imp_load_??4Container@Gu@physx@@QAEXABV012@@Z 10019b3f f   PhysX3Common_x86:PhysX3Common_x86.dll
 0001:00018b49       ??4Container@Gu@physx@@QAEXABV012@@Z 10019b49 f   PhysX3Common_x86:PhysX3Common_x86.dll
 0001:00018b4f       __imp_load_?Resize@Container@Gu@physx@@AAE_NI@Z 10019b4f f   PhysX3Common_x86:PhysX3Common_x86.dll
 0001:00018b59       ?Resize@Container@Gu@physx@@AAE_NI@Z 10019b59 f   PhysX3Common_x86:PhysX3Common_x86.dll
 0001:00018b5f       __imp_load_??0ConvexMesh@Gu@physx@@QAE@XZ 10019b5f f   PhysX3Common_x86:PhysX3Common_x86.dll
 0001:00018b69       ??0ConvexMesh@Gu@physx@@QAE@XZ 10019b69 f   PhysX3Common_x86:PhysX3Common_x86.dll
 0001:00018b6f       __imp_load_??1ConvexMesh@Gu@physx@@UAE@XZ 10019b6f f   PhysX3Common_x86:PhysX3Common_x86.dll
 0001:00018b79       ??1ConvexMesh@Gu@physx@@UAE@XZ 10019b79 f   PhysX3Common_x86:PhysX3Common_x86.dll
 0001:00018b7f       __imp_load_??0BigConvexData@physx@@QAE@XZ 10019b7f f   PhysX3Common_x86:PhysX3Common_x86.dll
 0001:00018b89       ??0BigConvexData@physx@@QAE@XZ 10019b89 f   PhysX3Common_x86:PhysX3Common_x86.dll
 0001:00018b8f       __imp_load_??1BigConvexData@physx@@QAE@XZ 10019b8f f   PhysX3Common_x86:PhysX3Common_x86.dll
 0001:00018b99       ??1BigConvexData@physx@@QAE@XZ 10019b99 f   PhysX3Common_x86:PhysX3Common_x86.dll
 0001:00018b9f       __imp_load_?exportExtraData@ConvexMesh@Gu@physx@@UAEXAAVPxSerializationContext@3@@Z 10019b9f f   PhysX3Common_x86:PhysX3Common_x86.dll
 0001:00018ba9       ?exportExtraData@ConvexMesh@Gu@physx@@UAEXAAVPxSerializationContext@3@@Z 10019ba9 f   PhysX3Common_x86:PhysX3Common_x86.dll
 0001:00018baf       __imp_load_?getConcreteTypeName@PxConvexMesh@physx@@UBEPBDXZ 10019baf f   PhysX3Common_x86:PhysX3Common_x86.dll
 0001:00018bb9       ?getConcreteTypeName@PxConvexMesh@physx@@UBEPBDXZ 10019bb9 f   PhysX3Common_x86:PhysX3Common_x86.dll
 0001:00018bbf       __imp_load_?getIndexBuffer@ConvexMesh@Gu@physx@@UBEPBEXZ 10019bbf f   PhysX3Common_x86:PhysX3Common_x86.dll
 0001:00018bc9       ?getIndexBuffer@ConvexMesh@Gu@physx@@UBEPBEXZ 10019bc9 f   PhysX3Common_x86:PhysX3Common_x86.dll
 0001:00018bcf       __imp_load_?getLocalBounds@ConvexMesh@Gu@physx@@UBE?AVPxBounds3@3@XZ 10019bcf f   PhysX3Common_x86:PhysX3Common_x86.dll
 0001:00018bd9       ?getLocalBounds@ConvexMesh@Gu@physx@@UBE?AVPxBounds3@3@XZ 10019bd9 f   PhysX3Common_x86:PhysX3Common_x86.dll
 0001:00018bdf       __imp_load_?getMassInformation@ConvexMesh@Gu@physx@@UBEXAAMAAVPxMat33@3@AAVPxVec3@3@@Z 10019bdf f   PhysX3Common_x86:PhysX3Common_x86.dll
 0001:00018be9       ?getMassInformation@ConvexMesh@Gu@physx@@UBEXAAMAAVPxMat33@3@AAVPxVec3@3@@Z 10019be9 f   PhysX3Common_x86:PhysX3Common_x86.dll
 0001:00018bef       __imp_load_?getNbPolygons@ConvexMesh@Gu@physx@@UBEIXZ 10019bef f   PhysX3Common_x86:PhysX3Common_x86.dll
 0001:00018bf9       ?getNbPolygons@ConvexMesh@Gu@physx@@UBEIXZ 10019bf9 f   PhysX3Common_x86:PhysX3Common_x86.dll
 0001:00018bff       __imp_load_?getNbVertices@ConvexMesh@Gu@physx@@UBEIXZ 10019bff f   PhysX3Common_x86:PhysX3Common_x86.dll
 0001:00018c09       ?getNbVertices@ConvexMesh@Gu@physx@@UBEIXZ 10019c09 f   PhysX3Common_x86:PhysX3Common_x86.dll
 0001:00018c0f       __imp_load_?getPolygonData@ConvexMesh@Gu@physx@@UBE_NIAAUPxHullPolygon@3@@Z 10019c0f f   PhysX3Common_x86:PhysX3Common_x86.dll
 0001:00018c19       ?getPolygonData@ConvexMesh@Gu@physx@@UBE_NIAAUPxHullPolygon@3@@Z 10019c19 f   PhysX3Common_x86:PhysX3Common_x86.dll
 0001:00018c1f       __imp_load_?getReferenceCount@ConvexMesh@Gu@physx@@UBEIXZ 10019c1f f   PhysX3Common_x86:PhysX3Common_x86.dll
 0001:00018c29       ?getReferenceCount@ConvexMesh@Gu@physx@@UBEIXZ 10019c29 f   PhysX3Common_x86:PhysX3Common_x86.dll
 0001:00018c2f       __imp_load_?getVertices@ConvexMesh@Gu@physx@@UBEPBVPxVec3@3@XZ 10019c2f f   PhysX3Common_x86:PhysX3Common_x86.dll
 0001:00018c39       ?getVertices@ConvexMesh@Gu@physx@@UBEPBVPxVec3@3@XZ 10019c39 f   PhysX3Common_x86:PhysX3Common_x86.dll
 0001:00018c3f       __imp_load_?isKindOf@PxConvexMesh@physx@@MBE_NPBD@Z 10019c3f f   PhysX3Common_x86:PhysX3Common_x86.dll
 0001:00018c49       ?isKindOf@PxConvexMesh@physx@@MBE_NPBD@Z 10019c49 f   PhysX3Common_x86:PhysX3Common_x86.dll
 0001:00018c4f       __imp_load_?onRefCountZero@ConvexMesh@Gu@physx@@UAEXXZ 10019c4f f   PhysX3Common_x86:PhysX3Common_x86.dll
 0001:00018c59       ?onRefCountZero@ConvexMesh@Gu@physx@@UAEXXZ 10019c59 f   PhysX3Common_x86:PhysX3Common_x86.dll
 0001:00018c5f       __imp_load_?release@ConvexMesh@Gu@physx@@UAEXXZ 10019c5f f   PhysX3Common_x86:PhysX3Common_x86.dll
 0001:00018c69       ?release@ConvexMesh@Gu@physx@@UAEXXZ 10019c69 f   PhysX3Common_x86:PhysX3Common_x86.dll
 0001:00018c6f       __imp_load_?readDword@physx@@YAI_NAAVPxInputStream@1@@Z 10019c6f f   PhysX3Common_x86:PhysX3Common_x86.dll
 0001:00018c79       ?readDword@physx@@YAI_NAAVPxInputStream@1@@Z 10019c79 f   PhysX3Common_x86:PhysX3Common_x86.dll
 0001:00018c7f       __imp_load_?ReadHeader@Gu@physx@@YA_NEEEEAAIAA_NAAVPxInputStream@2@@Z 10019c7f f   PhysX3Common_x86:PhysX3Common_x86.dll
 0001:00018c89       ?ReadHeader@Gu@physx@@YA_NEEEEAAIAA_NAAVPxInputStream@2@@Z 10019c89 f   PhysX3Common_x86:PhysX3Common_x86.dll
 0001:00018c8f       __imp_load_??0FPUGuard@shdfnd@physx@@QAE@XZ 10019c8f f   PhysX3Common_x86:PhysX3Common_x86.dll
 0001:00018c99       ??0FPUGuard@shdfnd@physx@@QAE@XZ 10019c99 f   PhysX3Common_x86:PhysX3Common_x86.dll
 0001:00018c9f       __imp_load_??1FPUGuard@shdfnd@physx@@QAE@XZ 10019c9f f   PhysX3Common_x86:PhysX3Common_x86.dll
 0001:00018ca9       ??1FPUGuard@shdfnd@physx@@QAE@XZ 10019ca9 f   PhysX3Common_x86:PhysX3Common_x86.dll
 0001:00018caf       __imp_load_?incRefCount@Foundation@shdfnd@physx@@SAXXZ 10019caf f   PhysX3Common_x86:PhysX3Common_x86.dll
 0001:00018cb9       ?incRefCount@Foundation@shdfnd@physx@@SAXXZ 10019cb9 f   PhysX3Common_x86:PhysX3Common_x86.dll
 0001:00018cbf       __imp_load_?decRefCount@Foundation@shdfnd@physx@@SAXXZ 10019cbf f   PhysX3Common_x86:PhysX3Common_x86.dll
 0001:00018cc9       ?decRefCount@Foundation@shdfnd@physx@@SAXXZ 10019cc9 f   PhysX3Common_x86:PhysX3Common_x86.dll
 0001:00018ccf       __imp_load_??0TriangleMesh@Gu@physx@@QAE@XZ 10019ccf f   PhysX3Common_x86:PhysX3Common_x86.dll
 0001:00018cd9       ??0TriangleMesh@Gu@physx@@QAE@XZ 10019cd9 f   PhysX3Common_x86:PhysX3Common_x86.dll
 0001:00018cdf       __imp_load_?checkMeshIndicesSize@TriangleMesh@Gu@physx@@QAEXXZ 10019cdf f   PhysX3Common_x86:PhysX3Common_x86.dll
 0001:00018ce9       ?checkMeshIndicesSize@TriangleMesh@Gu@physx@@QAEXXZ 10019ce9 f   PhysX3Common_x86:PhysX3Common_x86.dll
 0001:00018cef       __imp_load_??1TriangleMesh@Gu@physx@@UAE@XZ 10019cef f   PhysX3Common_x86:PhysX3Common_x86.dll
 0001:00018cf9       ??1TriangleMesh@Gu@physx@@UAE@XZ 10019cf9 f   PhysX3Common_x86:PhysX3Common_x86.dll
 0001:00018cff       __imp_load_??0HeightField@Gu@physx@@QAE@PAVGuMeshFactory@2@@Z 10019cff f   PhysX3Common_x86:PhysX3Common_x86.dll
 0001:00018d09       ??0HeightField@Gu@physx@@QAE@PAVGuMeshFactory@2@@Z 10019d09 f   PhysX3Common_x86:PhysX3Common_x86.dll
 0001:00018d0f       __imp_load_?loadFromDesc@HeightField@Gu@physx@@QAE_NABVPxHeightFieldDesc@3@_N@Z 10019d0f f   PhysX3Common_x86:PhysX3Common_x86.dll
 0001:00018d19       ?loadFromDesc@HeightField@Gu@physx@@QAE_NABVPxHeightFieldDesc@3@_N@Z 10019d19 f   PhysX3Common_x86:PhysX3Common_x86.dll
 0001:00018d1f       __imp_load_?releaseMemory@HeightField@Gu@physx@@QAEX_N@Z 10019d1f f   PhysX3Common_x86:PhysX3Common_x86.dll
 0001:00018d29       ?releaseMemory@HeightField@Gu@physx@@QAEX_N@Z 10019d29 f   PhysX3Common_x86:PhysX3Common_x86.dll
 0001:00018d2f       __imp_load_?exportExtraData@TriangleMesh@Gu@physx@@UAEXAAVPxSerializationContext@3@@Z 10019d2f f   PhysX3Common_x86:PhysX3Common_x86.dll
 0001:00018d39       ?exportExtraData@TriangleMesh@Gu@physx@@UAEXAAVPxSerializationContext@3@@Z 10019d39 f   PhysX3Common_x86:PhysX3Common_x86.dll
 0001:00018d3f       __imp_load_?getConcreteTypeName@PxTriangleMesh@physx@@UBEPBDXZ 10019d3f f   PhysX3Common_x86:PhysX3Common_x86.dll
 0001:00018d49       ?getConcreteTypeName@PxTriangleMesh@physx@@UBEPBDXZ 10019d49 f   PhysX3Common_x86:PhysX3Common_x86.dll
 0001:00018d4f       __imp_load_?getLocalBounds@TriangleMesh@Gu@physx@@UBE?AVPxBounds3@3@XZ 10019d4f f   PhysX3Common_x86:PhysX3Common_x86.dll
 0001:00018d59       ?getLocalBounds@TriangleMesh@Gu@physx@@UBE?AVPxBounds3@3@XZ 10019d59 f   PhysX3Common_x86:PhysX3Common_x86.dll
 0001:00018d5f       __imp_load_?getNbTriangles@TriangleMesh@Gu@physx@@UBEIXZ 10019d5f f   PhysX3Common_x86:PhysX3Common_x86.dll
 0001:00018d69       ?getNbTriangles@TriangleMesh@Gu@physx@@UBEIXZ 10019d69 f   PhysX3Common_x86:PhysX3Common_x86.dll
 0001:00018d6f       __imp_load_?getNbVertices@TriangleMesh@Gu@physx@@UBEIXZ 10019d6f f   PhysX3Common_x86:PhysX3Common_x86.dll
 0001:00018d79       ?getNbVertices@TriangleMesh@Gu@physx@@UBEIXZ 10019d79 f   PhysX3Common_x86:PhysX3Common_x86.dll
 0001:00018d7f       __imp_load_?getReferenceCount@TriangleMesh@Gu@physx@@UBEIXZ 10019d7f f   PhysX3Common_x86:PhysX3Common_x86.dll
 0001:00018d89       ?getReferenceCount@TriangleMesh@Gu@physx@@UBEIXZ 10019d89 f   PhysX3Common_x86:PhysX3Common_x86.dll
 0001:00018d8f       __imp_load_?getTriangleMaterialIndex@TriangleMesh@Gu@physx@@UBEGI@Z 10019d8f f   PhysX3Common_x86:PhysX3Common_x86.dll
 0001:00018d99       ?getTriangleMaterialIndex@TriangleMesh@Gu@physx@@UBEGI@Z 10019d99 f   PhysX3Common_x86:PhysX3Common_x86.dll
 0001:00018d9f       __imp_load_?getTriangleMeshFlags@TriangleMesh@Gu@physx@@UBE?AV?$PxFlags@W4Enum@PxTriangleMeshFlag@physx@@E@3@XZ 10019d9f f   PhysX3Common_x86:PhysX3Common_x86.dll
 0001:00018da9       ?getTriangleMeshFlags@TriangleMesh@Gu@physx@@UBE?AV?$PxFlags@W4Enum@PxTriangleMeshFlag@physx@@E@3@XZ 10019da9 f   PhysX3Common_x86:PhysX3Common_x86.dll
 0001:00018daf       __imp_load_?getTriangles@TriangleMesh@Gu@physx@@UBEPBXXZ 10019daf f   PhysX3Common_x86:PhysX3Common_x86.dll
 0001:00018db9       ?getTriangles@TriangleMesh@Gu@physx@@UBEPBXXZ 10019db9 f   PhysX3Common_x86:PhysX3Common_x86.dll
 0001:00018dbf       __imp_load_?getTrianglesRemap@TriangleMesh@Gu@physx@@UBEPBIXZ 10019dbf f   PhysX3Common_x86:PhysX3Common_x86.dll
 0001:00018dc9       ?getTrianglesRemap@TriangleMesh@Gu@physx@@UBEPBIXZ 10019dc9 f   PhysX3Common_x86:PhysX3Common_x86.dll
 0001:00018dcf       __imp_load_?getVertices@TriangleMesh@Gu@physx@@UBEPBVPxVec3@3@XZ 10019dcf f   PhysX3Common_x86:PhysX3Common_x86.dll
 0001:00018dd9       ?getVertices@TriangleMesh@Gu@physx@@UBEPBVPxVec3@3@XZ 10019dd9 f   PhysX3Common_x86:PhysX3Common_x86.dll
 0001:00018ddf       __imp_load_?isKindOf@PxTriangleMesh@physx@@MBE_NPBD@Z 10019ddf f   PhysX3Common_x86:PhysX3Common_x86.dll
 0001:00018de9       ?isKindOf@PxTriangleMesh@physx@@MBE_NPBD@Z 10019de9 f   PhysX3Common_x86:PhysX3Common_x86.dll
 0001:00018def       __imp_load_?onRefCountZero@TriangleMesh@Gu@physx@@UAEXXZ 10019def f   PhysX3Common_x86:PhysX3Common_x86.dll
 0001:00018df9       ?onRefCountZero@TriangleMesh@Gu@physx@@UAEXXZ 10019df9 f   PhysX3Common_x86:PhysX3Common_x86.dll
 0001:00018dff       __imp_load_?release@TriangleMesh@Gu@physx@@UAEXXZ 10019dff f   PhysX3Common_x86:PhysX3Common_x86.dll
 0001:00018e09       ?release@TriangleMesh@Gu@physx@@UAEXXZ 10019e09 f   PhysX3Common_x86:PhysX3Common_x86.dll
 0001:00018e0f       __imp_load_?setupMeshInterface@InternalTriangleMesh@physx@@QAEXXZ 10019e0f f   PhysX3Common_x86:PhysX3Common_x86.dll
 0001:00018e19       ?setupMeshInterface@InternalTriangleMesh@physx@@QAEXXZ 10019e19 f   PhysX3Common_x86:PhysX3Common_x86.dll
 0001:00018e1f       ??$PFromRva@PAP6GHXZ@@YGPAP6GHXZK@Z 10019e1f f i delayimp:delayhlp.obj
 0001:00018e31       ??$PFromRva@PAPAUHINSTANCE__@@@@YGPAPAUHINSTANCE__@@K@Z 10019e31 f i delayimp:delayhlp.obj
 0001:00018e43       ??$PFromRva@PAU_IMAGE_IMPORT_BY_NAME@@@@YGPAU_IMAGE_IMPORT_BY_NAME@@K@Z 10019e43 f i delayimp:delayhlp.obj
 0001:00018e55       ??$PFromRva@PAU_IMAGE_THUNK_DATA32@@@@YGPAU_IMAGE_THUNK_DATA32@@K@Z 10019e55 f i delayimp:delayhlp.obj
 0001:00018e67       ??$PFromRva@PBD@@YGPBDK@Z  10019e67 f i delayimp:delayhlp.obj
 0001:00018e79       ??$PFromRva@PBUImgDelayDescr@@@@YGPBUImgDelayDescr@@K@Z 10019e79 f i delayimp:delayhlp.obj
 0001:00018e8b       ??$PFromRva@PBU_IMAGE_THUNK_DATA32@@@@YGPBU_IMAGE_THUNK_DATA32@@K@Z 10019e8b f i delayimp:delayhlp.obj
 0001:00018e9d       ?CountOfImports@@YGIPBU_IMAGE_THUNK_DATA32@@@Z 10019e9d f i delayimp:delayhlp.obj
 0001:00018eb8       ?DloadAcquireSectionWriteAccess@@YGXXZ 10019eb8 f i delayimp:delayhlp.obj
 0001:00018eeb       ?DloadGetSRWLockFunctionPointers@@YGEXZ 10019eeb f i delayimp:delayhlp.obj
 0001:00018f66       ?DloadLock@@YGXXZ          10019f66 f i delayimp:delayhlp.obj
 0001:00018fc3       ?DloadMakePermanentImageCommit@@YGXPAXK@Z 10019fc3 f i delayimp:delayhlp.obj
 0001:00019035       ?DloadObtainSection@@YGPAXPAK0@Z 1001a035 f i delayimp:delayhlp.obj
 0001:000190b8       ?DloadProtectSection@@YGXKPAK@Z 1001a0b8 f i delayimp:delayhlp.obj
 0001:00019128       ?DloadReleaseSectionWriteAccess@@YGXXZ 1001a128 f i delayimp:delayhlp.obj
 0001:00019160       ?DloadUnlock@@YGXXZ        1001a160 f i delayimp:delayhlp.obj
 0001:000191bf       ?IndexFromPImgThunkData@@YGIPBU_IMAGE_THUNK_DATA32@@0@Z 1001a1bf f i delayimp:delayhlp.obj
 0001:00019321       _HRESULT_FROM_WIN32@4      1001a321 f i delayimp:delayhlp.obj
 0001:00019339       _ReadAcquire@4             1001a339 f i delayimp:delayhlp.obj
 0001:00019347       _ReadPointerAcquire@4      1001a347 f i delayimp:delayhlp.obj
 0001:00019355       _WritePointerRelease@8     1001a355 f i delayimp:delayhlp.obj
 0001:00019366       _WriteRelease@8            1001a366 f i delayimp:delayhlp.obj
 0001:00019377       __InlineInterlockedCompareExchangePointer@12 1001a377 f i delayimp:delayhlp.obj
 0001:0001938d       ___FUnloadDelayLoadedDLL2@4 1001a38d f   delayimp:delayhlp.obj
 0001:00019413       ___HrLoadAllImportsForDll@4 1001a413 f   delayimp:delayhlp.obj
 0001:00019476       ___delayLoadHelper2@8      1001a476 f   delayimp:delayhlp.obj
 0001:000196fb       ??_U@YAPAXI@Z              1001a6fb f   LIBCMT:new_array.obj
 0001:00019704       ??_V@YAXPAX@Z              1001a704 f   LIBCMT:delete_array.obj
 0001:00019710       __alloca_probe_16          1001a710 f   LIBCMT:alloca16.obj
 0001:00019726       __alloca_probe_8           1001a726     LIBCMT:alloca16.obj
 0001:00019740       __ftoui3                   1001a740 f   LIBCMT:_ftol3_.obj
 0001:0001974f       __ftoul3                   1001a74f f   LIBCMT:_ftol3_.obj
 0001:0001975e       __ftol3                    1001a75e f   LIBCMT:_ftol3_.obj
 0001:0001976b       __ftol3_NaN                1001a76b f   LIBCMT:_ftol3_.obj
 0001:00019783       __ftol3_work               1001a783 f   LIBCMT:_ftol3_.obj
 0001:00019809       __ftol3_common             1001a809 f   LIBCMT:_ftol3_.obj
 0001:000198cb       __ftol3_arg_error          1001a8cb f   LIBCMT:_ftol3_.obj
 0001:000198dd       __ftol3_except             1001a8dd f   LIBCMT:_ftol3_.obj
 0001:00019921       __dtoui3                   1001a921 f   LIBCMT:_ftol3_.obj
 0001:00019930       __dtoul3                   1001a930 f   LIBCMT:_ftol3_.obj
 0001:0001993f       __dtol3                    1001a93f f   LIBCMT:_ftol3_.obj
 0001:0001994c       __dtol3_NaN                1001a94c f   LIBCMT:_ftol3_.obj
 0001:00019969       __dtol3_work               1001a969 f   LIBCMT:_ftol3_.obj
 0001:00019a50       __ultod3                   1001aa50 f   LIBCMT:_ftol3_.obj
 0001:00019a90       __ltod3                    1001aa90 f   LIBCMT:_ftol3_.obj
 0001:00019ab7       ?__scrt_initialize_type_info@@YAXXZ 1001aab7 f   LIBCMT:tncleanup.obj
 0001:00019ac3       ?__scrt_uninitialize_type_info@@YAXXZ 1001aac3 f   LIBCMT:tncleanup.obj
 0001:00019acf       ??1type_info@@UAE@XZ       1001aacf f   LIBCMT:std_type_info_static.obj
 0001:00019ad6       ??_Gtype_info@@UAEPAXI@Z   1001aad6 f i LIBCMT:std_type_info_static.obj
 0001:00019ad6       ??_Etype_info@@UAEPAXI@Z   1001aad6 f i LIBCMT:std_type_info_static.obj
 0001:00019af9       ??3@YAXPAXI@Z              1001aaf9 f   LIBCMT:delete_scalar_size.obj
 0001:00019b10       __alloca_probe             1001ab10 f   LIBCMT:chkstk.obj
 0001:00019b10       __chkstk                   1001ab10 f   LIBCMT:chkstk.obj
 0001:00019e45       __CRT_INIT@12              1001ae45 f   LIBCMT:dll_dllmain.obj
 0001:00019e4e       __DllMainCRTStartup@12     1001ae4e f   LIBCMT:dll_dllmain.obj
 0001:00019e71       @__security_check_cookie@4 1001ae71 f   LIBCMT:_secchk_.obj
 0001:00019e82       @_guard_check_icall_nop@4  1001ae82 f i LIBCMT:guard_support.obj
 0001:00019e83       __guard_icall_checks_enforced 1001ae83 f i LIBCMT:guard_support.obj
 0001:00019e95       ??2@YAPAXI@Z               1001ae95 f   LIBCMT:new_scalar.obj
 0001:00019ec8       ??3@YAXPAX@Z               1001aec8 f   LIBCMT:delete_scalar.obj
 0001:00019ecd       ??$__crt_fast_decode_pointer@PAP6AXXZ@@YAPAP6AXXZQAP6AXXZ@Z 1001aecd f i LIBCMT:utility.obj
 0001:00019ee1       ??$__crt_fast_encode_pointer@PAP6AXXZ@@YAPAP6AXXZQAP6AXXZ@Z 1001aee1 f i LIBCMT:utility.obj
 0001:00019efe       ?__crt_rotate_pointer_value@@YAIIH@Z 1001aefe f i LIBCMT:utility.obj
 0001:00019f0b       ?configure_argv@__scrt_narrow_argv_policy@@SAHXZ 1001af0b f i LIBCMT:utility.obj
 0001:00019f8f       _NtCurrentTeb              1001af8f f i LIBCMT:utility.obj
 0001:00019f96       ___scrt_acquire_startup_lock 1001af96 f   LIBCMT:utility.obj
 0001:00019fcb       ___scrt_dllmain_after_initialize_c 1001afcb f   LIBCMT:utility.obj
 0001:00019ff6       ___scrt_dllmain_before_initialize_c 1001aff6 f   LIBCMT:utility.obj
 0001:0001a004       ___scrt_dllmain_crt_thread_attach 1001b004 f   LIBCMT:utility.obj
 0001:0001a023       ___scrt_dllmain_crt_thread_detach 1001b023 f   LIBCMT:utility.obj
 0001:0001a030       ___scrt_dllmain_exception_filter 1001b030 f   LIBCMT:utility.obj
 0001:0001a063       ___scrt_dllmain_uninitialize_c 1001b063 f   LIBCMT:utility.obj
 0001:0001a086       ___scrt_dllmain_uninitialize_critical 1001b086 f   LIBCMT:utility.obj
 0001:0001a093       ___scrt_initialize_crt     1001b093 f   LIBCMT:utility.obj
 0001:0001a0cc       ___scrt_initialize_onexit_tables 1001b0cc f   LIBCMT:utility.obj
 0001:0001a163       ___scrt_is_nonwritable_in_current_image 1001b163 f   LIBCMT:utility.obj
 0001:0001a1ed       ___scrt_release_startup_lock 1001b1ed f   LIBCMT:utility.obj
 0001:0001a20a       ___scrt_uninitialize_crt   1001b20a f   LIBCMT:utility.obj
 0001:0001a232       __onexit                   1001b232 f   LIBCMT:utility.obj
 0001:0001a26d       _at_quick_exit             1001b26d f   LIBCMT:utility.obj
 0001:0001a29e       _atexit                    1001b29e f   LIBCMT:utility.obj
 0001:0001a2b3       ___security_init_cookie    1001b2b3 f   LIBCMT:gs_support.obj
 0001:0001a34f       _DllMain@12                1001b34f f   LIBCMT:dll_dllmain_stub.obj
 0001:0001a355       ___local_stdio_scanf_options 1001b355 f i LIBCMT:default_local_stdio_options.obj
 0001:0001a35b       ___scrt_initialize_default_local_stdio_options 1001b35b f   LIBCMT:default_local_stdio_options.obj
 0001:0001a378       ___scrt_get_dyn_tls_init_callback 1001b378 f   LIBCMT:dyn_tls_init.obj
 0001:0001a37e       ___scrt_fastfail           1001b37e f   LIBCMT:utility_desktop.obj
 0001:0001a499       ___scrt_get_show_window_mode 1001b499 f   LIBCMT:utility_desktop.obj
 0001:0001a4cc       ___scrt_initialize_winrt   1001b4cc f   LIBCMT:utility_desktop.obj
 0001:0001a4cf       ___scrt_is_managed_app     1001b4cf f   LIBCMT:utility_desktop.obj
 0001:0001a513       ___scrt_set_unhandled_exception_filter 1001b513 f   LIBCMT:utility_desktop.obj
 0001:0001a51f       ___scrt_unhandled_exception_filter@4 1001b51f f   LIBCMT:utility_desktop.obj
 0001:0001a560       __crt_debugger_hook        1001b560 f   LIBCMT:utility_desktop.obj
 0001:0001a568       __RTC_Initialize           1001b568 f   LIBCMT:_initsect_.obj
 0001:0001a593       __RTC_Terminate            1001b593 f   LIBCMT:_initsect_.obj
 0001:0001a5be       @_guard_check_icall@4      1001b5be f i LIBCMT:checkcfg.obj
 0001:0001a5d0       __SEH_prolog4              1001b5d0 f   LIBCMT:_sehprolg4_.obj
 0001:0001a616       __SEH_epilog4              1001b616 f   LIBCMT:_sehprolg4_.obj
 0001:0001a62b       ___raise_securityfailure   1001b62b f   LIBCMT:gs_report.obj
 0001:0001a653       ___report_gsfailure        1001b653 f   LIBCMT:gs_report.obj
 0001:0001a74e       ___report_rangecheckfailure 1001b74e f   LIBCMT:gs_report.obj
 0001:0001a75a       ___report_securityfailure  1001b75a f   LIBCMT:gs_report.obj
 0001:0001a82a       ___report_securityfailureEx 1001b82a f   LIBCMT:gs_report.obj
 0001:0001a940       ??0bad_alloc@std@@AAE@QBD@Z 1001b940 f i LIBCMT:throw_bad_alloc.obj
 0001:0001a95d       ??0bad_alloc@std@@QAE@ABV01@@Z 1001b95d f i LIBCMT:throw_bad_alloc.obj
 0001:0001a978       ??0bad_alloc@std@@QAE@XZ   1001b978 f i LIBCMT:throw_bad_alloc.obj
 0001:0001a990       ??0bad_array_new_length@std@@QAE@ABV01@@Z 1001b990 f i LIBCMT:throw_bad_alloc.obj
 0001:0001a9ab       ??0bad_array_new_length@std@@QAE@XZ 1001b9ab f i LIBCMT:throw_bad_alloc.obj
 0001:0001a9c3       ??0exception@std@@QAE@ABV01@@Z 1001b9c3 f i LIBCMT:throw_bad_alloc.obj
 0001:0001a9ef       ??0exception@std@@QAE@QBDH@Z 1001b9ef f i LIBCMT:throw_bad_alloc.obj
 0001:0001aa0c       ??1bad_alloc@std@@UAE@XZ   1001ba0c f i LIBCMT:throw_bad_alloc.obj
 0001:0001aa1d       ??1bad_array_new_length@std@@UAE@XZ 1001ba1d f i LIBCMT:throw_bad_alloc.obj
 0001:0001aa2e       ??1exception@std@@UAE@XZ   1001ba2e f i LIBCMT:throw_bad_alloc.obj
 0001:0001aa3f       ??_Gbad_alloc@std@@UAEPAXI@Z 1001ba3f f i LIBCMT:throw_bad_alloc.obj
 0001:0001aa3f       ??_Ebad_alloc@std@@UAEPAXI@Z 1001ba3f f i LIBCMT:throw_bad_alloc.obj
 0001:0001aa6c       ??_Ebad_array_new_length@std@@UAEPAXI@Z 1001ba6c f i LIBCMT:throw_bad_alloc.obj
 0001:0001aa6c       ??_Gbad_array_new_length@std@@UAEPAXI@Z 1001ba6c f i LIBCMT:throw_bad_alloc.obj
 0001:0001aa99       ??_Eexception@std@@UAEPAXI@Z 1001ba99 f i LIBCMT:throw_bad_alloc.obj
 0001:0001aa99       ??_Gexception@std@@UAEPAXI@Z 1001ba99 f i LIBCMT:throw_bad_alloc.obj
 0001:0001aac6       ?__scrt_throw_std_bad_alloc@@YAXXZ 1001bac6 f   LIBCMT:throw_bad_alloc.obj
 0001:0001aae3       ?__scrt_throw_std_bad_array_new_length@@YAXXZ 1001bae3 f   LIBCMT:throw_bad_alloc.obj
 0001:0001ab00       ?what@exception@std@@UBEPBDXZ 1001bb00 f i LIBCMT:throw_bad_alloc.obj
 0001:0001ab0d       ___isa_available_init      1001bb0d f   LIBCMT:_cpu_disp_.obj
 0001:0001aca7       __get_startup_argv_mode    1001bca7 f   LIBCMT:argv_mode.obj
 0001:0001acab       ___scrt_is_ucrt_dll_in_use 1001bcab f   LIBCMT:ucrt_detection.obj
 0001:0001acc0       _strstr                    1001bcc0 f   libvcruntime:strstr.obj
 0001:0001af30       _memset                    1001bf30 f   libvcruntime:memset.obj
 0001:0001b098       ??$?RD@__crt_internal_free_policy@@QBEXQBD@Z 1001c098 f i libvcruntime:std_type_info.obj
 0001:0001b0a8       ??$?RX@__crt_internal_free_policy@@QBEXQBX@Z 1001c0a8 f i libvcruntime:std_type_info.obj
 0001:0001b0b8       ??$__crt_interlocked_compare_exchange_pointer@$$CBD$$T$$T@@YAPBDPDSBD$$T1@Z 1001c0b8 f i libvcruntime:std_type_info.obj
 0001:0001b0ca       ??$__crt_interlocked_compare_exchange_pointer@$$CBDPAD$$T@@YAPBDPDSBDQAD$$T@Z 1001c0ca f i libvcruntime:std_type_info.obj
 0001:0001b0dc       ??$__crt_interlocked_read_pointer@$$CBD@@YAPBDPDSBD@Z 1001c0dc f i libvcruntime:std_type_info.obj
 0001:0001b0ec       ??0?$__crt_unique_heap_ptr@DU__crt_internal_free_policy@@@@QAE@QAD@Z 1001c0ec f i libvcruntime:std_type_info.obj
 0001:0001b0fa       ??0?$__crt_unique_heap_ptr@XU__crt_internal_free_policy@@@@QAE@QAX@Z 1001c0fa f i libvcruntime:std_type_info.obj
 0001:0001b108       ??1?$__crt_unique_heap_ptr@DU__crt_internal_free_policy@@@@QAE@XZ 1001c108 f i libvcruntime:std_type_info.obj
 0001:0001b118       ??1?$__crt_unique_heap_ptr@XU__crt_internal_free_policy@@@@QAE@XZ 1001c118 f i libvcruntime:std_type_info.obj
 0001:0001b134       ??B?$__crt_unique_heap_ptr@DU__crt_internal_free_policy@@@@QBE_NXZ 1001c134 f i libvcruntime:std_type_info.obj
 0001:0001b13b       ??B?$__crt_unique_heap_ptr@XU__crt_internal_free_policy@@@@QBE_NXZ 1001c13b f i libvcruntime:std_type_info.obj
 0001:0001b162       ?detach@?$__crt_unique_heap_ptr@XU__crt_internal_free_policy@@@@QAEPAXXZ 1001c162 f i libvcruntime:std_type_info.obj
 0001:0001b168       ?get@?$__crt_unique_heap_ptr@DU__crt_internal_free_policy@@@@QBEPADXZ 1001c168 f i libvcruntime:std_type_info.obj
 0001:0001b16b       ?get@?$__crt_unique_heap_ptr@XU__crt_internal_free_policy@@@@QBEPAXXZ 1001c16b f i libvcruntime:std_type_info.obj
 0001:0001b16e       ?is_valid@?$__crt_unique_heap_ptr@DU__crt_internal_free_policy@@@@QBE_NXZ 1001c16e f i libvcruntime:std_type_info.obj
 0001:0001b175       ?is_valid@?$__crt_unique_heap_ptr@XU__crt_internal_free_policy@@@@QBE_NXZ 1001c175 f i libvcruntime:std_type_info.obj
 0001:0001b17c       ?release@?$__crt_unique_heap_ptr@DU__crt_internal_free_policy@@@@QAEXXZ 1001c17c f i libvcruntime:std_type_info.obj
 0001:0001b18c       ?release@?$__crt_unique_heap_ptr@XU__crt_internal_free_policy@@@@QAEXXZ 1001c18c f i libvcruntime:std_type_info.obj
 0001:0001b19c       ___std_type_info_compare   1001c19c f   libvcruntime:std_type_info.obj
 0001:0001b1d8       ___std_type_info_destroy_list 1001c1d8 f   libvcruntime:std_type_info.obj
 0001:0001b1fb       ___std_type_info_hash      1001c1fb f   libvcruntime:std_type_info.obj
 0001:0001b221       ___std_type_info_name      1001c221 f   libvcruntime:std_type_info.obj
 0001:0001b2f0       _memcpy                    1001c2f0 f   libvcruntime:memcpy.obj
 0001:0001b864       ??$__crt_fast_decode_pointer@P6AXXZ@@YAP6AXXZQ6AXXZ@Z 1001c864 f i libvcruntime:purevirt.obj
 0001:0001b878       ??$__crt_fast_encode_pointer@P6AXXZ@@YAP6AXXZQ6AXXZ@Z 1001c878 f i libvcruntime:purevirt.obj
 0001:0001b895       ??$__crt_interlocked_compare_exchange_pointer@$$A6AXXZ$$T$$T@@YAP6AXXZPDS6AXXZ$$T1@Z 1001c895 f i libvcruntime:purevirt.obj
 0001:0001b8a7       ??$__crt_interlocked_exchange_pointer@$$A6AXXZP6AXXZ@@YAP6AXXZPDS6AXXZQ6AXXZ@Z 1001c8a7 f i libvcruntime:purevirt.obj
 0001:0001b8b4       ??$__crt_interlocked_read_pointer@$$A6AXXZ@@YAP6AXXZPDS6AXXZ@Z 1001c8b4 f i libvcruntime:purevirt.obj
 0001:0001b8c4       __get_purecall_handler     1001c8c4 f   libvcruntime:purevirt.obj
 0001:0001b8e3       __purecall                 1001c8e3 f   libvcruntime:purevirt.obj
 0001:0001b8fe       __set_purecall_handler     1001c8fe f   libvcruntime:purevirt.obj
 0001:0001b970       __except_handler4          1001c970 f   libvcruntime:_chandler4_.obj
 0001:0001bad6       ___vcrt_initialize         1001cad6 f   libvcruntime:initialization.obj
 0001:0001baff       ___vcrt_thread_attach      1001caff f   libvcruntime:initialization.obj
 0001:0001bb0a       ___vcrt_thread_detach      1001cb0a f   libvcruntime:initialization.obj
 0001:0001bb15       ___vcrt_uninitialize       1001cb15 f   libvcruntime:initialization.obj
 0001:0001bb34       ___vcrt_uninitialize_critical 1001cb34 f   libvcruntime:initialization.obj
 0001:0001bb3d       ??$?RD@__crt_public_free_policy@@QBEXQBD@Z 1001cb3d f i libvcruntime:std_exception.obj
 0001:0001bb4d       ??0?$__crt_unique_heap_ptr@DU__crt_public_free_policy@@@@QAE@QAD@Z 1001cb4d f i libvcruntime:std_exception.obj
 0001:0001bb5b       ??1?$__crt_unique_heap_ptr@DU__crt_public_free_policy@@@@QAE@XZ 1001cb5b f i libvcruntime:std_exception.obj
 0001:0001bb6b       ??B?$__crt_unique_heap_ptr@DU__crt_public_free_policy@@@@QBE_NXZ 1001cb6b f i libvcruntime:std_exception.obj
 0001:0001bb72       ?detach@?$__crt_unique_heap_ptr@DU__crt_public_free_policy@@@@QAEPADXZ 1001cb72 f i libvcruntime:std_exception.obj
 0001:0001bb78       ?get@?$__crt_unique_heap_ptr@DU__crt_public_free_policy@@@@QBEPADXZ 1001cb78 f i libvcruntime:std_exception.obj
 0001:0001bb7b       ?is_valid@?$__crt_unique_heap_ptr@DU__crt_public_free_policy@@@@QBE_NXZ 1001cb7b f i libvcruntime:std_exception.obj
 0001:0001bb82       ?release@?$__crt_unique_heap_ptr@DU__crt_public_free_policy@@@@QAEXXZ 1001cb82 f i libvcruntime:std_exception.obj
 0001:0001bb92       ___std_exception_copy      1001cb92 f   libvcruntime:std_exception.obj
 0001:0001bbf5       ___std_exception_destroy   1001cbf5 f   libvcruntime:std_exception.obj
 0001:0001bc14       __CxxThrowException@8      1001cc14 f   libvcruntime:throw.obj
 0001:0001bc90       _strchr                    1001cc90 f   libvcruntime:strchr.obj
 0001:0001bcfe       ___from_strstr_to_strchr   1001ccfe     libvcruntime:strchr.obj
 0001:0001bdbb       ??0Block@_HeapManager@@QAE@XZ 1001cdbb f i libvcruntime:undname.obj
 0001:0001bdc1       ??0DName@@QAE@AAPBDD@Z     1001cdc1 f   libvcruntime:undname.obj
 0001:0001be7a       ??0DName@@QAE@ABV0@@Z      1001ce7a f i libvcruntime:undname.obj
 0001:0001be90       ??0DName@@QAE@D@Z          1001ce90 f   libvcruntime:undname.obj
 0001:0001bebc       ??0DName@@QAE@PAV0@@Z      1001cebc f   libvcruntime:undname.obj
 0001:0001bf09       ??0DName@@QAE@PBD@Z        1001cf09 f   libvcruntime:undname.obj
 0001:0001bf43       ??0DName@@QAE@W4DNameStatus@@@Z 1001cf43 f   libvcruntime:undname.obj
 0001:0001bf86       ??0DName@@QAE@XZ           1001cf86 f i libvcruntime:undname.obj
 0001:0001bf97       ??0DName@@QAE@_J@Z         1001cf97 f   libvcruntime:undname.obj
 0001:0001c02c       ??0DName@@QAE@_K@Z         1001d02c f   libvcruntime:undname.obj
 0001:0001c09b       ??0DNameNode@@IAE@XZ       1001d09b f   libvcruntime:undname.obj
 0001:0001c0a4       ??0DNameStatusNode@@AAE@W4DNameStatus@@@Z 1001d0a4 f   libvcruntime:undname.obj
 0001:0001c0c7       ??0Replicator@@QAE@XZ      1001d0c7 f i libvcruntime:undname.obj
 0001:0001c0cd       ??0UnDecorator@@QAE@PADPBDHP6APADJ@ZK@Z 1001d0cd f i libvcruntime:undname.obj
 0001:0001c136       ??0charNode@@QAE@D@Z       1001d136 f   libvcruntime:undname.obj
 0001:0001c14b       ??0pDNameNode@@QAE@PAVDName@@@Z 1001d14b f   libvcruntime:undname.obj
 0001:0001c173       ??0pairNode@@QAE@PAVDNameNode@@0@Z 1001d173 f   libvcruntime:undname.obj
 0001:0001c192       ??0pcharNode@@QAE@PBDH@Z   1001d192 f   libvcruntime:undname.obj
 0001:0001c1eb       ??2@YAPAXIAAV_HeapManager@@H@Z 1001d1eb f i libvcruntime:undname.obj
 0001:0001c200       ??4DName@@QAEAAV0@ABV0@@Z  1001d200 f   libvcruntime:undname.obj
 0001:0001c216       ??4DName@@QAEAAV0@D@Z      1001d216 f i libvcruntime:undname.obj
 0001:0001c242       ??4DName@@QAEAAV0@PAV0@@Z  1001d242 f   libvcruntime:undname.obj
 0001:0001c28b       ??4DName@@QAEAAV0@PBD@Z    1001d28b f   libvcruntime:undname.obj
 0001:0001c2bd       ??4DName@@QAEAAV0@W4DNameStatus@@@Z 1001d2bd f   libvcruntime:undname.obj
 0001:0001c2f2       ??AReplicator@@QBE?AVDName@@H@Z 1001d2f2 f   libvcruntime:undname.obj
 0001:0001c32e       ??BUnDecorator@@QAEPADXZ   1001d32e f i libvcruntime:undname.obj
 0001:0001c4a7       ??H@YA?AVDName@@DABV0@@Z   1001d4a7 f i libvcruntime:undname.obj
 0001:0001c4cb       ??H@YA?AVDName@@PBDABV0@@Z 1001d4cb f i libvcruntime:undname.obj
 0001:0001c4ef       ??H@YA?AVDName@@W4DNameStatus@@ABV0@@Z 1001d4ef f i libvcruntime:undname.obj
 0001:0001c513       ??HDName@@QBE?AV0@ABV0@@Z  1001d513 f   libvcruntime:undname.obj
 0001:0001c535       ??HDName@@QBE?AV0@D@Z      1001d535 f   libvcruntime:undname.obj
 0001:0001c557       ??HDName@@QBE?AV0@PAV0@@Z  1001d557 f   libvcruntime:undname.obj
 0001:0001c579       ??HDName@@QBE?AV0@PBD@Z    1001d579 f   libvcruntime:undname.obj
 0001:0001c59b       ??HDName@@QBE?AV0@W4DNameStatus@@@Z 1001d59b f   libvcruntime:undname.obj
 0001:0001c5bd       ??YDName@@QAEAAV0@ABV0@@Z  1001d5bd f   libvcruntime:undname.obj
 0001:0001c600       ??YDName@@QAEAAV0@D@Z      1001d600 f   libvcruntime:undname.obj
 0001:0001c650       ??YDName@@QAEAAV0@PAV0@@Z  1001d650 f   libvcruntime:undname.obj
 0001:0001c6b5       ??YDName@@QAEAAV0@PBD@Z    1001d6b5 f   libvcruntime:undname.obj
 0001:0001c716       ??YDName@@QAEAAV0@W4DNameStatus@@@Z 1001d716 f   libvcruntime:undname.obj
 0001:0001c756       ??YReplicator@@QAEAAV0@ABVDName@@@Z 1001d756 f   libvcruntime:undname.obj
 0001:0001c7a0       ??_5DName@@QAEAAV0@ABV0@@Z 1001d7a0 f   libvcruntime:undname.obj
 0001:0001c7bc       ?Constructor@_HeapManager@@QAEXP6APAXI@ZP6AXPAX@Z@Z 1001d7bc f i libvcruntime:undname.obj
 0001:0001c7d9       ?Destructor@_HeapManager@@QAEXXZ 1001d7d9 f i libvcruntime:undname.obj
 0001:0001c812       ?UScore@UnDecorator@@SAPBDW4Tokens@@@Z 1001d812 f   libvcruntime:undname.obj
 0001:0001c82f       ?append@DName@@AAEXPAVDNameNode@@@Z 1001d82f f   libvcruntime:undname.obj
 0001:0001c875       ?composeDeclaration@UnDecorator@@CA?AVDName@@ABV2@@Z 1001d875 f i libvcruntime:undname.obj
 0001:0001d571       ?doAccessSpecifiers@UnDecorator@@SAHXZ 1001e571 f i libvcruntime:undname.obj
 0001:0001d57f       ?doAllocationLanguage@UnDecorator@@SAHXZ 1001e57f f i libvcruntime:undname.obj
 0001:0001d58d       ?doAllocationModel@UnDecorator@@SAHXZ 1001e58d f i libvcruntime:undname.obj
 0001:0001d59b       ?doEcsu@UnDecorator@@SAHXZ 1001e59b f i libvcruntime:undname.obj
 0001:0001d5a9       ?doEllipsis@UnDecorator@@SAHXZ 1001e5a9 f i libvcruntime:undname.obj
 0001:0001d5b7       ?doFunctionReturns@UnDecorator@@SAHXZ 1001e5b7 f i libvcruntime:undname.obj
 0001:0001d5c5       ?doMSKeywords@UnDecorator@@SAHXZ 1001e5c5 f i libvcruntime:undname.obj
 0001:0001d5d2       ?doMemberTypes@UnDecorator@@SAHXZ 1001e5d2 f i libvcruntime:undname.obj
 0001:0001d5e0       ?doNameOnly@UnDecorator@@SAHXZ 1001e5e0 f i libvcruntime:undname.obj
 0001:0001d5eb       ?doNoIdentCharCheck@UnDecorator@@SAHXZ 1001e5eb f i libvcruntime:undname.obj
 0001:0001d5f6       ?doPchar@DName@@AAEXPBDH@Z 1001e5f6 f   libvcruntime:undname.obj
 0001:0001d680       ?doPtr64@UnDecorator@@SAHXZ 1001e680 f i libvcruntime:undname.obj
 0001:0001d68e       ?doRestrictionSpec@UnDecorator@@SAHXZ 1001e68e f i libvcruntime:undname.obj
 0001:0001d69c       ?doThisTypes@UnDecorator@@SAHXZ 1001e69c f i libvcruntime:undname.obj
 0001:0001d6ae       ?doThrowTypes@UnDecorator@@SAHXZ 1001e6ae f i libvcruntime:undname.obj
 0001:0001d6bc       ?doTypeOnly@UnDecorator@@SAHXZ 1001e6bc f i libvcruntime:undname.obj
 0001:0001d6c7       ?doUnderScore@UnDecorator@@SAHXZ 1001e6c7 f i libvcruntime:undname.obj
 0001:0001d6d2       ?getArgumentList@UnDecorator@@CA?AVDName@@XZ 1001e6d2 f   libvcruntime:undname.obj
 0001:0001d7de       ?getArgumentTypes@UnDecorator@@CA?AVDName@@XZ 1001e7de f   libvcruntime:undname.obj
 0001:0001d8be       ?getArrayType@UnDecorator@@CA?AVDName@@ABV2@@Z 1001e8be f i libvcruntime:undname.obj
 0001:0001dac0       ?getBasedType@UnDecorator@@CA?AVDName@@XZ 1001eac0 f   libvcruntime:undname.obj
 0001:0001db59       ?getBasicDataType@UnDecorator@@CA?AVDName@@ABV2@@Z 1001eb59 f   libvcruntime:undname.obj
 0001:0001df48       ?getCallIndex@UnDecorator@@CA?AVDName@@XZ 1001ef48 f i libvcruntime:undname.obj
 0001:0001df5c       ?getCallingConvention@UnDecorator@@CA?AVDName@@XZ 1001ef5c f   libvcruntime:undname.obj
 0001:0001e01b       ?getDataIndirectType@UnDecorator@@CA?AVDName@@ABV2@PBD0H@Z 1001f01b f   libvcruntime:undname.obj
 0001:0001e63e       ?getDataIndirectType@UnDecorator@@CA?AVDName@@XZ 1001f63e f i libvcruntime:undname.obj
 0001:0001e677       ?getDataType@UnDecorator@@CA?AVDName@@PAV2@@Z 1001f677 f   libvcruntime:undname.obj
 0001:0001e749       ?getDecoratedName@UnDecorator@@CA?AVDName@@XZ 1001f749 f   libvcruntime:undname.obj
 0001:0001e995       ?getDimension@UnDecorator@@CA?AVDName@@_N@Z 1001f995 f   libvcruntime:undname.obj
 0001:0001eacc       ?getDispatchTarget@UnDecorator@@CA?AVDName@@XZ 1001facc f   libvcruntime:undname.obj
 0001:0001eb27       ?getDisplacement@UnDecorator@@CA?AVDName@@XZ 1001fb27 f i libvcruntime:undname.obj
 0001:0001eb3b       ?getECSUDataType@UnDecorator@@CA?AVDName@@XZ 1001fb3b f   libvcruntime:undname.obj
 0001:0001ec58       ?getECSUName@UnDecorator@@CA?AVDName@@XZ 1001fc58 f i libvcruntime:undname.obj
 0001:0001ec69       ?getEnumType@UnDecorator@@CA?AVDName@@XZ 1001fc69 f i libvcruntime:undname.obj
 0001:0001ed55       ?getExtendedDataIndirectType@UnDecorator@@CA?AVDName@@AAPBDAA_NH@Z 1001fd55 f   libvcruntime:undname.obj
 0001:0001eefe       ?getExternalDataType@UnDecorator@@CA?AVDName@@ABV2@@Z 1001fefe f i libvcruntime:undname.obj
 0001:0001ef77       ?getFunctionIndirectType@UnDecorator@@CA?AVDName@@ABV2@@Z 1001ff77 f   libvcruntime:undname.obj
 0001:0001f380       ?getGuardNumber@UnDecorator@@CA?AVDName@@XZ 10020380 f i libvcruntime:undname.obj
 0001:0001f394       ?getLastChar@DName@@QBEDXZ 10020394 f i libvcruntime:undname.obj
 0001:0001f3b3       ?getLastChar@DNameStatusNode@@UBEDXZ 100203b3 f i libvcruntime:undname.obj
 0001:0001f3bf       ?getLastChar@charNode@@UBEDXZ 100203bf f i libvcruntime:undname.obj
 0001:0001f3c3       ?getLastChar@pDNameNode@@UBEDXZ 100203c3 f i libvcruntime:undname.obj
 0001:0001f3d1       ?getLastChar@pairNode@@UBEDXZ 100203d1 f i libvcruntime:undname.obj
 0001:0001f404       ?getLastChar@pcharNode@@UBEDXZ 10020404 f i libvcruntime:undname.obj
 0001:0001f416       ?getLexicalFrame@UnDecorator@@CA?AVDName@@XZ 10020416 f i libvcruntime:undname.obj
 0001:0001f453       ?getMemory@_HeapManager@@QAEPAXIH@Z 10020453 f   libvcruntime:undname.obj
 0001:0001f4e1       ?getNumberOfDimensions@UnDecorator@@CAHXZ 100204e1 f   libvcruntime:undname.obj
 0001:0001f542       ?getOperatorName@UnDecorator@@CA?AVDName@@_NPA_N@Z 10020542 f i libvcruntime:undname.obj
 0001:0001fb69       ?getPointerType@UnDecorator@@CA?AVDName@@ABV2@0@Z 10020b69 f i libvcruntime:undname.obj
 0001:0001fb87       ?getPointerTypeArray@UnDecorator@@CA?AVDName@@ABV2@0@Z 10020b87 f i libvcruntime:undname.obj
 0001:0001fba5       ?getPrimaryDataType@UnDecorator@@CA?AVDName@@ABV2@@Z 10020ba5 f   libvcruntime:undname.obj
 0001:0001fd99       ?getPtrRefDataType@UnDecorator@@CA?AVDName@@ABV2@H@Z 10020d99 f   libvcruntime:undname.obj
 0001:0001fe9b       ?getPtrRefType@UnDecorator@@CA?AVDName@@ABV2@0PBD@Z 10020e9b f   libvcruntime:undname.obj
 0001:0001ff97       ?getReferenceType@UnDecorator@@CA?AVDName@@ABV2@0PBD@Z 10020f97 f i libvcruntime:undname.obj
 0001:0001ffb3       ?getRestrictionSpec@UnDecorator@@CA?AVDName@@XZ 10020fb3 f   libvcruntime:undname.obj
 0001:000200a5       ?getReturnType@UnDecorator@@CA?AVDName@@PAV2@@Z 100210a5 f   libvcruntime:undname.obj
 0001:000200d4       ?getScope@UnDecorator@@CA?AVDName@@XZ 100210d4 f   libvcruntime:undname.obj
 0001:000204b2       ?getScopedName@UnDecorator@@CA?AVDName@@XZ 100214b2 f   libvcruntime:undname.obj
 0001:000205ad       ?getSignedDimension@UnDecorator@@CA?AVDName@@XZ 100215ad f   libvcruntime:undname.obj
 0001:00020600       ?getStorageConvention@UnDecorator@@CA?AVDName@@XZ 10021600 f i libvcruntime:undname.obj
 0001:00020611       ?getString@DName@@QBEPADPAD0@Z 10021611 f i libvcruntime:undname.obj
 0001:0002063d       ?getString@DName@@QBEPADPADH@Z 1002163d f i libvcruntime:undname.obj
 0001:00020693       ?getString@DNameStatusNode@@UBEPADPAD0@Z 10021693 f i libvcruntime:undname.obj
 0001:000206ba       ?getString@charNode@@UBEPADPAD0@Z 100216ba f i libvcruntime:undname.obj
 0001:000206cf       ?getString@pDNameNode@@UBEPADPAD0@Z 100216cf f i libvcruntime:undname.obj
 0001:000206e6       ?getString@pairNode@@UBEPADPAD0@Z 100216e6 f i libvcruntime:undname.obj
 0001:0002072a       ?getString@pcharNode@@UBEPADPAD0@Z 1002172a f i libvcruntime:undname.obj
 0001:00020745       ?getStringEncoding@UnDecorator@@CA?AVDName@@PADH@Z 10021745 f   libvcruntime:undname.obj
 0001:000207e8       ?getStringHelper@@YAPADPAD00H@Z 100217e8 f i libvcruntime:undname.obj
 0001:0002081f       ?getSymbolName@UnDecorator@@CA?AVDName@@XZ 1002181f f i libvcruntime:undname.obj
 0001:00020867       ?getTemplateArgumentList@UnDecorator@@CA?AVDName@@XZ 10021867 f   libvcruntime:undname.obj
 0001:00020b0b       ?getTemplateConstant@UnDecorator@@CA?AVDName@@XZ 10021b0b f   libvcruntime:undname.obj
 0001:00020e4f       ?getTemplateName@UnDecorator@@CA?AVDName@@_N@Z 10021e4f f   libvcruntime:undname.obj
 0001:00020fa5       ?getThisType@UnDecorator@@CA?AVDName@@XZ 10021fa5 f i libvcruntime:undname.obj
 0001:00020fdf       ?getThrowTypes@UnDecorator@@CA?AVDName@@XZ 10021fdf f   libvcruntime:undname.obj
[...]
 0002:0000a7e0       __sehtable$_fputwc         100607e0     libucrt:fputwc.obj
 0002:0000a800       __sehtable$_fputc          10060800     libucrt:fputc.obj
 0002:0000a820       __sehtable$__free_locale   10060820     libucrt:wsetlocale.obj
 0002:0000a848       __sehtable$___acrt_uninitialize_locale 10060848     libucrt:wsetlocale.obj
 0002:0000a868       __sehtable$??$?RV<lambda_76aaead6e312921abc834cb00a638bdd>@@AAV<lambda_176e34f99554166dd2fac165c457248c>@@V<lambda_998ee1c9f4290b119b936bcd6215875a>@@@?$__crt_seh_guarded_call@X@@QAEX$$QAV<lambda_76aaead6e312921abc834cb00a638bdd>@@AAV<lambda_176e34f99554166dd2fac165c457248c>@@$$QAV<lambda_998ee1c9f4290b119b936bcd6215875a>@@@Z 10060868     libucrt:wsetlocale.obj
 0002:0000a888       __sehtable$??$?RV<lambda_c9469061b39d205f0f236529d4a41659>@@AAV<lambda_b7fb1a997d3ebc0cc0186c5835178808>@@V<lambda_14b92c79d699846b5cc916cd4cf280e4>@@@?$__crt_seh_guarded_call@X@@QAEX$$QAV<lambda_c9469061b39d205f0f236529d4a41659>@@AAV<lambda_b7fb1a997d3ebc0cc0186c5835178808>@@$$QAV<lambda_14b92c79d699846b5cc916cd4cf280e4>@@@Z 10060888     libucrt:wsetlocale.obj
 0002:0000a8a8       __sehtable$??$?RV<lambda_70818de7b02deff9841e8b0962a60ed9>@@AAV<lambda_2af78c5f5901b1372d98f9ab3177dfa6>@@AAV<lambda_f51fe5fd7c79a33db34fc9310f277369>@@@?$__crt_seh_guarded_call@X@@QAEX$$QAV<lambda_70818de7b02deff9841e8b0962a60ed9>@@AAV<lambda_2af78c5f5901b1372d98f9ab3177dfa6>@@AAV<lambda_f51fe5fd7c79a33db34fc9310f277369>@@@Z 100608a8     libucrt:wsetlocale.obj
 0002:0000a8c8       __sehtable$??$?RV<lambda_c76fdea48760d5f9368b465f31df4405>@@AAV<lambda_e378711a6f6581bf7f0efd7cdf97f5d9>@@V<lambda_e927a58b2a85c081d733e8c6192ae2d2>@@@?$__crt_seh_guarded_call@X@@QAEX$$QAV<lambda_c76fdea48760d5f9368b465f31df4405>@@AAV<lambda_e378711a6f6581bf7f0efd7cdf97f5d9>@@$$QAV<lambda_e927a58b2a85c081d733e8c6192ae2d2>@@@Z 100608c8     libucrt:wsetlocale.obj
 0002:0000a8e8       __sehtable$___acrt_update_thread_multibyte_data 100608e8     libucrt:mbctype.obj
 0002:0000a908       __sehtable$??$?RV<lambda_978dc153c237d78434369da87b74ff60>@@AAV<lambda_ad1ced32f4ac17aa236e5ef05d6b3b7c>@@V<lambda_4a8533e2866a575feecb8298ce776b0d>@@@?$__crt_seh_guarded_call@X@@QAEX$$QAV<lambda_978dc153c237d78434369da87b74ff60>@@AAV<lambda_ad1ced32f4ac17aa236e5ef05d6b3b7c>@@$$QAV<lambda_4a8533e2866a575feecb8298ce776b0d>@@@Z 10060908     libucrt:mbctype.obj
 0002:0000a928       __sehtable$_signal         10060928     libucrt:signal.obj
 0002:0000a948       __sehtable$_raise          10060948     libucrt:signal.obj
 0002:0000a968       __sehtable$?ctrlevent_capture@@YGHK@Z 10060968     libucrt:signal.obj
 0002:0000a988       __sehtable$??$?RV<lambda_a048d3beccc847880fc8490e18b82769>@@AAV<lambda_ec61778202f4f5fc7e7711acc23c3bca>@@V<lambda_f7496a158712204296dd6628a163878e>@@@?$__crt_seh_guarded_call@P6AXH@Z@@QAEP6AXH@Z$$QAV<lambda_a048d3beccc847880fc8490e18b82769>@@AAV<lambda_ec61778202f4f5fc7e7711acc23c3bca>@@$$QAV<lambda_f7496a158712204296dd6628a163878e>@@@Z 10060988     libucrt:signal.obj
 0002:0000a9a8       __sehtable$_fclose         100609a8     libucrt:fclose.obj
 0002:0000a9c8       __sehtable$??$?RV<lambda_61cee617f5178ae960314fd4d05640a0>@@AAV<lambda_6978c1fb23f02e42e1d9e99668cc68aa>@@V<lambda_9cd88cf8ad10232537feb2133f08c833>@@@?$__crt_seh_guarded_call@H@@QAEH$$QAV<lambda_61cee617f5178ae960314fd4d05640a0>@@AAV<lambda_6978c1fb23f02e42e1d9e99668cc68aa>@@$$QAV<lambda_9cd88cf8ad10232537feb2133f08c833>@@@Z 100609c8     libucrt:commit.obj
 0002:0000a9e8       __sehtable$__write         100609e8     libucrt:write.obj
 0002:0000aa08       __sehtable$__open_osfhandle 10060a08     libucrt:osfinfo.obj
 0002:0000aa28       __sehtable$__alloc_osfhnd  10060a28     libucrt:osfinfo.obj
 0002:0000aa48       __sehtable$___acrt_lowio_ensure_fh_exists 10060a48     libucrt:osfinfo.obj
 0002:0000aa68       __sehtable$___acrt_update_thread_locale_data 10060a68     libucrt:locale_refcounting.obj
 0002:0000aa88       __sehtable$??$?RV<lambda_123407a5e2ac06da108355a851863b7a>@@AAV<lambda_2fe9b910cf3cbf4a0ab98a02ba45b3ec>@@V<lambda_ae55bdf541ad94d75914d381c370e64d>@@@?$__crt_seh_guarded_call@H@@QAEH$$QAV<lambda_123407a5e2ac06da108355a851863b7a>@@AAV<lambda_2fe9b910cf3cbf4a0ab98a02ba45b3ec>@@$$QAV<lambda_ae55bdf541ad94d75914d381c370e64d>@@@Z 10060a88     libucrt:close.obj
 0002:0000aaa8       __sehtable$?__acrt_stdio_allocate_stream@@YA?AV__crt_stdio_stream@@XZ 10060aa8     libucrt:stream.obj
 0002:0000aac8       __sehtable$??$common_lseek@J@@YAJHJH@Z 10060ac8     libucrt:lseek.obj
 0002:0000aae8       __sehtable$??$common_lseek@_J@@YA_JH_JH@Z 10060ae8     libucrt:lseek.obj
 0002:0000ab08       __sehtable$??$?RV<lambda_4980db0136e49a56f91ef52c46ca659a>@@AAV<lambda_6e3e78bb6855d1e4040e022c1b427e22>@@V<lambda_9c074eaf62197b4fd0274ed9e7824161>@@@?$__crt_seh_guarded_call@G@@QAEG$$QAV<lambda_4980db0136e49a56f91ef52c46ca659a>@@AAV<lambda_6e3e78bb6855d1e4040e022c1b427e22>@@$$QAV<lambda_9c074eaf62197b4fd0274ed9e7824161>@@@Z 10060b08     libucrt:putwch.obj
 0002:0000ab28       __sehtable$__IsNonwritableInCurrentImage 10060b28     LIBCMT:pesect.obj
 0002:0000be00       .edata                     10061e00     PhysX3Cooking_x86.exp
 0002:0000be28       rgpv                       10061e28     PhysX3Cooking_x86.exp
 0002:0000be30       rgszName                   10061e30     PhysX3Cooking_x86.exp
 0002:0000be38       rgwOrd                     10061e38     PhysX3Cooking_x86.exp
 0002:0000be3c       szName                     10061e3c     PhysX3Cooking_x86.exp
 0002:0000be52       $N00001                    10061e52     PhysX3Cooking_x86.exp
 0002:0000be62       $N00002                    10061e62     PhysX3Cooking_x86.exp
 0002:0000c03a       .idata$6                   1006203a     kernel32:KERNEL32.dll
 0003:00000000       ?physXCommonDebugx64@shdfnd@physx@@3PBDB 10063000     WindowsCookingDelayLoadHook.obj
 0003:00000004       ?physXCommonCheckedx64@shdfnd@physx@@3PBDB 10063004     WindowsCookingDelayLoadHook.obj
 0003:00000008       ?physXCommonProfilex64@shdfnd@physx@@3PBDB 10063008     WindowsCookingDelayLoadHook.obj
 0003:0000000c       ?physXCommonReleasex64@shdfnd@physx@@3PBDB 1006300c     WindowsCookingDelayLoadHook.obj
 0003:00000010       ?physXCommonDebugx86@shdfnd@physx@@3PBDB 10063010     WindowsCookingDelayLoadHook.obj
 0003:00000014       ?physXCommonCheckedx86@shdfnd@physx@@3PBDB 10063014     WindowsCookingDelayLoadHook.obj
 0003:00000018       ?physXCommonProfilex86@shdfnd@physx@@3PBDB 10063018     WindowsCookingDelayLoadHook.obj
 0003:0000001c       ?physXCommonReleasex86@shdfnd@physx@@3PBDB 1006301c     WindowsCookingDelayLoadHook.obj
 0003:00000020       ?physXCommonDebugARM@shdfnd@physx@@3PBDB 10063020     WindowsCookingDelayLoadHook.obj
 0003:00000024       ?physXCommonCheckedARM@shdfnd@physx@@3PBDB 10063024     WindowsCookingDelayLoadHook.obj
 0003:00000028       ?physXCommonProfileARM@shdfnd@physx@@3PBDB 10063028     WindowsCookingDelayLoadHook.obj
 0003:0000002c       ?physXCommonReleaseARM@shdfnd@physx@@3PBDB 1006302c     WindowsCookingDelayLoadHook.obj
 0003:00000034       ?er@?1??neib@Tri@physx@@QAEAAHHH@Z@4HA 10063034     hulllib.obj
 0003:00000060       ?__vcrt_flsindex@@3KA      10063060     libvcruntime:per_thread_data.obj
 0003:00000128       ?global_msvcrt_heap_handle_cache@?1??__acrt_get_msvcrt_heap_handle@@9@4PAXA 10063128     libucrt:free_base.obj
 0003:00000130       ?__DAZ_ENABLED@?1??__set_fpsr_sse2@@9@9 10063130     libucrt:fpctrl.obj
 0003:00000134       _errno_no_memory           10063134     libucrt:errno.obj
 0003:00000138       _doserrno_no_memory        10063138     libucrt:errno.obj
 0003:00000170       ___acrt_flsindex           10063170     libucrt:per_thread_data.obj
 0003:00000174       __ctype_loc_style          10063174     libucrt:wsetlocale.obj
 0003:00000250       ___rgctypeflag             10063250     libucrt:mbctype.obj
 0003:00000258       ___rgcode_page_info        10063258     libucrt:mbctype.obj
 0003:00000cf0       ?gDelayLoadHook@@3PBVPxDelayLoadHook@physx@@B 10063cf0     WindowsCookingDelayLoadHook.obj
 0003:00000d00       ?maxV3Error@_VecMathTests@aos@shdfnd@physx@@3T__m128@@B 10063d00     RTreeCooking.obj
 0003:00000d10       ?minFError@_VecMathTests@aos@shdfnd@physx@@3T__m128@@B 10063d10     RTreeCooking.obj
 0003:00000d20       ?maxV4Error@_VecMathTests@aos@shdfnd@physx@@3T__m128@@B 10063d20     RTreeCooking.obj
 0003:00000d30       ?minV4Error@_VecMathTests@aos@shdfnd@physx@@3T__m128@@B 10063d30     RTreeCooking.obj
 0003:00000d40       ?minV3Error@_VecMathTests@aos@shdfnd@physx@@3T__m128@@B 10063d40     RTreeCooking.obj
 0003:00000d50       ?maxFError@_VecMathTests@aos@shdfnd@physx@@3T__m128@@B 10063d50     RTreeCooking.obj
 0003:00000d60       ?maxV3Error@_VecMathTests@aos@shdfnd@physx@@3T__m128@@B 10063d60     TriangleMeshBuilder.obj
 0003:00000d70       ?minFError@_VecMathTests@aos@shdfnd@physx@@3T__m128@@B 10063d70     TriangleMeshBuilder.obj
 0003:00000d80       ?maxV4Error@_VecMathTests@aos@shdfnd@physx@@3T__m128@@B 10063d80     TriangleMeshBuilder.obj
 0003:00000d90       ?minV4Error@_VecMathTests@aos@shdfnd@physx@@3T__m128@@B 10063d90     TriangleMeshBuilder.obj
 0003:00000da0       ?minV3Error@_VecMathTests@aos@shdfnd@physx@@3T__m128@@B 10063da0     TriangleMeshBuilder.obj
 0003:00000db0       ?maxFError@_VecMathTests@aos@shdfnd@physx@@3T__m128@@B 10063db0     TriangleMeshBuilder.obj
 0003:00000dc0       ?maxV3Error@_VecMathTests@aos@shdfnd@physx@@3T__m128@@B 10063dc0     ConvexMeshBuilder.obj
 0003:00000dd0       ?minFError@_VecMathTests@aos@shdfnd@physx@@3T__m128@@B 10063dd0     ConvexMeshBuilder.obj
 0003:00000de0       ?maxV4Error@_VecMathTests@aos@shdfnd@physx@@3T__m128@@B 10063de0     ConvexMeshBuilder.obj
 0003:00000df0       ?minV4Error@_VecMathTests@aos@shdfnd@physx@@3T__m128@@B 10063df0     ConvexMeshBuilder.obj
 0003:00000e00       ?minV3Error@_VecMathTests@aos@shdfnd@physx@@3T__m128@@B 10063e00     ConvexMeshBuilder.obj
 0003:00000e10       ?maxFError@_VecMathTests@aos@shdfnd@physx@@3T__m128@@B 10063e10     ConvexMeshBuilder.obj
 0003:00000e50       ?__proc_attached@@3HA      10063e50     LIBCMT:dll_dllmain.obj
 0003:00000e5c       ?module_local_atexit_table@@3U_onexit_table_t@@A 10063e5c     LIBCMT:utility.obj
 0003:00000e68       ?module_local_at_quick_exit_table@@3U_onexit_table_t@@A 10063e68     LIBCMT:utility.obj
 0003:00000e74       ?is_initialized_as_dll@@3_NA 10063e74     LIBCMT:utility.obj
 0003:00000e88       _GS_ExceptionRecord        10063e88     LIBCMT:gs_report.obj
 0003:00000ed8       _GS_ContextRecord          10063ed8     LIBCMT:gs_report.obj
 0003:000011d4       ?heap@@3V_HeapManager@@A   100641d4     libvcruntime:undname.obj
 0003:00001220       ?__vcrt_startup_thread_ptd@@3U__vcrt_ptd@@A 10064220     libvcruntime:per_thread_data.obj
 0003:00001248       ___vcrt_lock_table         10064248     libvcruntime:locks.obj
 0003:00001260       ___vcrt_locks_initialized  10064260     libvcruntime:locks.obj
 0003:00001264       ?module_handles@@3PAPAUHINSTANCE__@@A 10064264     libvcruntime:winapi_downlevel.obj
 0003:00001274       ?encoded_function_pointers@@3PAPAXA 10064274     libvcruntime:winapi_downlevel.obj
 0003:000012a4       ___acrt_new_handler        100642a4     libucrt:new_handler.obj
 0003:000012a8       _c_termination_complete    100642a8     libucrt:exit.obj
 0003:000012ac       _thread_local_exit_callback_func 100642ac     libucrt:exit.obj
 0003:000012b0       ?c_exit_complete@?5??common_exit@@YAXHW4_crt_exit_cleanup_mode@@W4_crt_exit_return_mode@@@Z@4_NA 100642b0     libucrt:exit.obj
 0003:000012b8       ?program_name@?5???$common_configure_argv@D@@YAHW4_crt_argv_mode@@@Z@4PADA 100642b8     libucrt:argv_parsing.obj
 0003:000013c0       ?program_name@?5???$common_configure_argv@_W@@YAHW4_crt_argv_mode@@@Z@4PA_WA 100643c0     libucrt:argv_parsing.obj
 0003:000015f4       ___acrt_invalid_parameter_handler 100645f4     libucrt:invalid_parameter.obj
 0003:000015f8       _module_handles            100645f8     libucrt:winapi_thunks.obj
 0003:00001648       _encoded_function_pointers 10064648     libucrt:winapi_thunks.obj
 0003:000016c8       ?static_enum_proc@?1??enum_system_locales_ex_nolock@@YAHQ6GHPA_WKJ@Z@Z@4P6GH0KJ@ZA 100646c8     libucrt:winapi_thunks.obj
 0003:000016cc       ?state_cache@?1??__acrt_is_packaged_app@@9@4JA 100646cc     libucrt:winapi_thunks.obj
 0003:000018d4       _enable_percent_n          100648d4     libucrt:printf_count_output.obj
 0003:000018e8       _user_matherr              100648e8     libucrt:matherr.obj
 0003:000018f0       ___acrt_lock_table         100648f0     libucrt:locks.obj
 0003:00001a28       ___acrt_locks_initialized  10064a28     libucrt:locks.obj
 0003:00001a44       _fSystemSet                10064a44     libucrt:mbctype.obj
 0003:00001a48       ?initialized@?1??__acrt_initialize_multibyte@@9@4_NA 10064a48     libucrt:mbctype.obj
 0003:00001a6c       _console_ctrl_handler_installed 10064a6c     libucrt:signal.obj
 0003:00001a70       _ctrlc_action              10064a70     libucrt:signal.obj
 0003:00001a74       _ctrlbreak_action          10064a74     libucrt:signal.obj
 0003:00001a78       _abort_action              10064a78     libucrt:signal.obj
 0003:00001a7c       _term_action               10064a7c     libucrt:signal.obj
 0003:00001a80       ___acrt_global_new_mode    10064a80     libucrt:new_mode.obj
 0003:00001a90       ___acrt_app_type           10064a90     libucrt:report_runtime_error.obj
 0003:00001a98       ?outmsg@?9??__acrt_report_runtime_error@@9@4PA_WA 10064a98     libucrt:report_runtime_error.obj
 0003:000020c0       ___acrt_error_mode         100650c0     libucrt:set_error_mode.obj
 0003:000020c4       __pmatherr_set             100650c4     libucrt:libm_error.obj
 0004:00000000       __guard_fids____dcrt_uninitialize_environments_nolock 10066000     libucrt:environment_initialization.obj
 0004:00000008       __guard_fids__             10066008     libucrt:initialization.obj
 0004:00000068       __guard_fids__set_terminate 10066068     libucrt:terminate.obj
 0004:0000006c       __guard_fids___get_terminate 1006606c     libucrt:terminate.obj
 0004:00000070       __guard_fids_?get_terminate_or_default@@YAP6AXXZQBU__acrt_ptd@@@Z 10066070     libucrt:terminate.obj
 0004:00000074       __guard_fids__             10066074     libucrt:stdio_initializer.obj
 0004:00000078       __guard_fids__             10066078     libucrt:stdio_initializer.obj
 0004:0000007c       __guard_fids_?enum_system_locales_ex_nolock@@YAHQ6GHPA_WKJ@Z@Z 1006607c     libucrt:winapi_thunks.obj
 0004:00000080       __guard_fids_??B<lambda_5a01b672d24c8480ee9d6bdb50dd3881>@@QBEP6GHPA_W@ZXZ 10066080     libucrt:winapi_thunks.obj
 0004:00000084       __guard_fids_??R<lambda_a463b7b0560cfcaf9b17f27c6ef46564>@@QBEHXZ 10066084     libucrt:winapi_thunks.obj
 0004:00000088       __guard_fids_??$?RV<lambda_9227be29367c048ad7fd93a717dcb1a1>@@AAV<lambda_a463b7b0560cfcaf9b17f27c6ef46564>@@V<lambda_ccea11b5727ccf69be64f5f5d9a08d9f>@@@?$__crt_seh_guarded_call@H@@QAEH$$QAV<lambda_9227be29367c048ad7fd93a717dcb1a1>@@AAV<lambda_a463b7b0560cfcaf9b17f27c6ef46564>@@$$QAV<lambda_ccea11b5727ccf69be64f5f5d9a08d9f>@@@Z 10066088     libucrt:winapi_thunks.obj
 0004:0000008c       __guard_fids____acrt_initialize_ptd 1006608c     libucrt:per_thread_data.obj
 0004:00000090       __guard_fids__             10066090     libucrt:wsetlocale.obj
 0004:000000a8       __guard_fids_??$expand_argument_wildcards@D@@YAHQAD0AAV?$argument_list@D@?A0xb0e4b824@@@Z 100660a8     libucrt:argv_wildcards.obj
 0004:000000ac       __guard_fids_??$expand_argument_wildcards@_W@@YAHQA_W0AAV?$argument_list@_W@?A0xb0e4b824@@@Z 100660ac     libucrt:argv_wildcards.obj
 0004:000000b0       __guard_fids_??B<lambda_62bb7ecb46d0a77b591a051c43eb5ad1>@@QBEP6AHPBX0@ZXZ 100660b0     libucrt:argv_wildcards.obj
 0004:000000b4       __guard_fids_??B<lambda_a75c72a202f46efc7a9b191949c2fc0f>@@QBEP6AHPBX0@ZXZ 100660b4     libucrt:argv_wildcards.obj
 0004:000000b8       __guard_fids__signal       100660b8     libucrt:signal.obj
 0004:000000bc       __guard_fids__             100660bc     libucrt:locale_initializer.obj
 0004:000000c0       __guard_fids__GetLocaleNameFromLangCountry 100660c0     libucrt:get_qualified_locale.obj
 0004:000000c4       __guard_fids__GetLocaleNameFromLanguage 100660c4     libucrt:get_qualified_locale.obj
 0004:000000c8       __guard_fids__GetLcidFromLangCountry 100660c8     libucrt:getqloc_downlevel.obj
 0004:000000cc       __guard_fids__GetLcidFromLanguage 100660cc     libucrt:getqloc_downlevel.obj
 0004:000000d0       __guard_fids__GetLcidFromCountry 100660d0     libucrt:getqloc_downlevel.obj
 0004:000000d4       __guard_fids__             100660d4     libucrt:multibyte_initializer.obj
 0004:000000d8       __guard_fids__             100660d8     libucrt:sse2_initializer.obj
 0004:000000dc       __guard_fids_??$common_show_message_box@D@@YAHQBD0I@Z 100660dc     libucrt:crtmbox.obj
 0004:000000e0       __guard_fids_??$common_show_message_box@_W@@YAHQB_W0I@Z 100660e0     libucrt:crtmbox.obj
 0004:000000e4       __guard_fids____libm_error_support 100660e4     libucrt:libm_error.obj
 0004:000000e8       __guard_fids__             100660e8     libucrt:console_output_initializer.obj
 0004:000000ec       __guard_fids__             100660ec     LIBCMT:std_type_info_static.obj
 0004:000000f0       __guard_fids_?dllmain_crt_process_attach@@YAHQAUHINSTANCE__@@QAX@Z 100660f0     LIBCMT:dll_dllmain.obj
 0004:000000f8       __guard_fids_?dllmain_dispatch@@YAHQAUHINSTANCE__@@KQAX@Z 100660f8     LIBCMT:dll_dllmain.obj
 0004:000000fc       __guard_fids__             100660fc     LIBCMT:guard_support.obj
 0004:00000100       __guard_fids___guard_icall_checks_enforced 10066100     LIBCMT:guard_support.obj
 0004:00000104       __guard_fids____scrt_set_unhandled_exception_filter 10066104     LIBCMT:utility_desktop.obj
 0004:00000108       __guard_fids__             10066108     LIBCMT:throw_bad_alloc.obj
 0004:00000110       __guard_fids__             10066110     LIBCMT:throw_bad_alloc.obj
 0004:00000118       __guard_fids__             10066118     LIBCMT:throw_bad_alloc.obj
 0004:00000120       __guard_fids__             10066120     LIBCMT:throw_bad_alloc.obj
 0004:00000124       __guard_fids__             10066124     LIBCMT:throw_bad_alloc.obj
 0004:00000128       __guard_fids__             10066128     LIBCMT:throw_bad_alloc.obj
 0004:0000012c       __guard_fids__             1006612c     LIBCMT:throw_bad_alloc.obj
 0004:00000130       __guard_fids__             10066130     LIBCMT:throw_bad_alloc.obj
 0004:00000134       __guard_fids____std_type_info_name 10066134     libvcruntime:std_type_info.obj
 0004:0000013c       __guard_fids_??B<lambda_e0128dce7362637f77e3b418282c6919>@@QBEP6APAXI@ZXZ 1006613c     libvcruntime:std_type_info.obj
 0004:00000140       __guard_fids_??B<lambda_c4560dd375471d1680776ed19953e709>@@QBEP6AXQAX@ZXZ 10066140     libvcruntime:std_type_info.obj
 0004:00000144       __guard_fids__             10066144     libvcruntime:undname.obj
 0004:00000150       __guard_fids__             10066150     libvcruntime:undname.obj
 0004:0000015c       __guard_fids__             1006615c     libvcruntime:undname.obj
 0004:00000168       __guard_fids__             10066168     libvcruntime:undname.obj
 0004:00000174       __guard_fids__             10066174     libvcruntime:undname.obj
 0004:00000180       __guard_fids__             10066180     libvcruntime:undname.obj
 0004:0000018c       __guard_fids____vcrt_initialize_ptd 1006618c     libvcruntime:per_thread_data.obj
 0005:000000a0       $R000000                   100670a0     PhysX3Cooking.res
 0005:000003d8       $R000338                   100673d8     PhysX3Cooking.res
