 PhysX3Cooking_x86

 Timestamp is 58ed7623 (Tue Apr 11 18:34:43 2017)

 Preferred load address is 10000000

 Start         Length     Name                   Class
 0001:00000000 000001e0H .text$di                CODE
 0001:000001e0 0001abd6H .text$mn                CODE
 0002:00000000 000000fcH .idata$5                DATA
 0002:000000fc 00000004H .00cfg                  DATA
 0002:00000100 00000004H .CRT$XCA                DATA
 0002:00000104 00000048H .CRT$XCU                DATA
 0002:0000014c 00000004H .CRT$XCZ                DATA
 0002:00000150 00000004H .CRT$XIA                DATA
 0002:00000154 00000004H .CRT$XIZ                DATA
 0002:00000158 00000004H .CRT$XPA                DATA
 0002:0000015c 00000004H .CRT$XPZ                DATA
 0002:00000160 00000004H .CRT$XTA                DATA
 0002:00000164 0000000cH .CRT$XTZ                DATA
 0002:00000170 000018c4H .rdata                  DATA
 0002:00001a34 0000012cH .rdata$r                DATA
 0002:00001b60 00000004H .rdata$sxdata           DATA
 0002:00001b64 00000380H .rdata$zzzdbg           DATA
 0002:00001ee4 00000004H .rtc$IAA                DATA
 0002:00001ee8 00000004H .rtc$IZZ                DATA
 0002:00001eec 00000004H .rtc$TAA                DATA
 0002:00001ef0 00000008H .rtc$TZZ                DATA
 0002:00001ef8 0000010cH .xdata$x                DATA
 0002:00002004 00000020H .didat$2                DATA
 0002:00002024 00000020H .didat$3                DATA
 0002:00002044 00000144H .didat$4                DATA
 0002:00002188 00000fecH .didat$6                DATA
 0002:00003174 0000014cH .didat$7                DATA
 0002:000032c0 00000084H .edata                  DATA
 0002:00003344 00000078H .idata$2                DATA
 0002:000033bc 00000014H .idata$3                DATA
 0002:000033d0 000000fcH .idata$4                DATA
 0002:000034cc 000004feH .idata$6                DATA
 0003:00000000 00000058H .data                   DATA
 0003:00000058 0000031cH .data$r                 DATA
 0003:00000374 0000014cH .didat$5                DATA
 0003:000004c0 000004c0H .bss                    DATA
 0004:00000000 0000004cH .gfids$y                DATA
 0005:00000000 000000a0H .rsrc$01                DATA
 0005:000000a0 000004b8H .rsrc$02                DATA

  Address         Publics by Value              Rva+Base       Lib:Object

 0000:00000000       ___guard_fids_count        00000000     <absolute>
 0000:00000000       ___guard_iat_count         00000000     <absolute>
 0000:00000000       ___guard_iat_table         00000000     <absolute>
 0000:00000000       ___guard_fids_table        00000000     <absolute>
 0000:00000000       ___guard_longjmp_table     00000000     <absolute>
 0000:00000000       ___dynamic_value_reloc_table 00000000     <absolute>
 0000:00000000       ___guard_longjmp_count     00000000     <absolute>
 0000:00000001       ___safe_se_handler_count   00000001     <absolute>
 0000:00000100       ___guard_flags             00000100     <absolute>
 0000:00000000       ___ImageBase               10000000     <linker-defined>
 0001:000001e0       _PxSetPhysXCookingDelayLoadHook 100011e0 f   WindowsCookingDelayLoadHook.obj
 0001:000001f0       ?delayHook@@YGP6GHXZIPAUDelayLoadInfo@@@Z 100011f0 f   WindowsCookingDelayLoadHook.obj
 0001:00000240       ?physXCommonDliNotePreLoadLibrary@shdfnd@physx@@YGP6GHXZPBDPBVPxDelayLoadHook@2@@Z 10001240 f i WindowsCookingDelayLoadHook.obj
 0001:00000650       ?saveHeightField@physx@@YA_NABVHeightField@Gu@1@AAVPxOutputStream@1@_N@Z 10001650 f   HeightFieldCooking.obj
 0001:00000880       ?__empty_global_delete@@YAXPAX@Z 10001880 f i HeightFieldCooking.obj
 0001:00000890       ?__global_array_delete@@YAXPAXI@Z 10001890 f i HeightFieldCooking.obj
 0001:00000890       ?__empty_global_delete@@YAXPAXI@Z 10001890 f i HeightFieldCooking.obj
 0001:00000890       ?__global_delete@@YAXPAXI@Z 10001890 f i HeightFieldCooking.obj
 0001:000008a0       ?buildFromTriangles@RTreeCooker@physx@@SAXAAURTree@Gu@2@PBVPxVec3@2@IPBGPBIIAAV?$Array@IV?$ReflectionAllocator@I@shdfnd@physx@@@shdfnd@2@PAURemapCallback@12@MW4Enum@PxMeshCookingHint@2@@Z 100018a0 f   RTreeCooking.obj
 0001:00000ac0       ??$median3@I$$CBUSortBoundsPredicate@physx@@@internal@shdfnd@physx@@YAXPAIHHABUSortBoundsPredicate@2@@Z 10001ac0 f i RTreeCooking.obj
 0001:00000bc0       ??$partition@I$$CBU?$Less@I@shdfnd@physx@@@internal@shdfnd@physx@@YAHPAIHHABU?$Less@I@12@@Z 10001bc0 f i RTreeCooking.obj
 0001:00000c50       ??$partition@I$$CBUSortBoundsPredicate@physx@@@internal@shdfnd@physx@@YAHPAIHHABUSortBoundsPredicate@2@@Z 10001c50 f i RTreeCooking.obj
 0001:00000d10       ??$partition@UBoundsLTE@physx@@@quickSelect@physx@@YAIPIAIIIIABUBoundsLTE@1@@Z 10001d10 f i RTreeCooking.obj
 0001:00000d90       ??$quickSelectFirstK@UBoundsLTE@physx@@@quickSelect@physx@@YAXPIAIIIIABUBoundsLTE@1@@Z 10001d90 f i RTreeCooking.obj
 0001:00000e40       ??$smallSort@I$$CBU?$Less@I@shdfnd@physx@@@internal@shdfnd@physx@@YAXPAIHHABU?$Less@I@12@@Z 10001e40 f i RTreeCooking.obj
 0001:00000ec0       ??$smallSort@I$$CBUSortBoundsPredicate@physx@@@internal@shdfnd@physx@@YAXPAIHHABUSortBoundsPredicate@2@@Z 10001ec0 f i RTreeCooking.obj
 0001:00000f90       ??$sort@I@shdfnd@physx@@YAXPAII@Z 10001f90 f i RTreeCooking.obj
 0001:00000fb0       ??$sort@IU?$Less@I@shdfnd@physx@@V?$ReflectionAllocator@I@23@@shdfnd@physx@@YAXPAIIABU?$Less@I@01@ABV?$ReflectionAllocator@I@01@I@Z 10001fb0 f i RTreeCooking.obj
 0001:00001120       ??$sort@IUSortBoundsPredicate@physx@@@shdfnd@physx@@YAXPAIIABUSortBoundsPredicate@1@@Z 10002120 f i RTreeCooking.obj
 0001:00001140       ??$sort@IUSortBoundsPredicate@physx@@V?$ReflectionAllocator@I@shdfnd@2@@shdfnd@physx@@YAXPAIIABUSortBoundsPredicate@1@ABV?$ReflectionAllocator@I@01@I@Z 10002140 f i RTreeCooking.obj
 0001:000012b0       ??0SubSortQuick@physx@@QAE@PAIPBUPxBounds3V@1@IM@Z 100022b0 f i RTreeCooking.obj
 0001:000013d0       ??0SubSortSAH@physx@@QAE@PAIPBUPxBounds3V@1@IPBI22222M@Z 100023d0 f i RTreeCooking.obj
 0001:000014b0       ?allocate@?$Array@IV?$ReflectionAllocator@I@shdfnd@physx@@@shdfnd@physx@@IAEPAII@Z 100024b0 f i RTreeCooking.obj
 0001:00001530       ?allocate@?$Array@UPxBounds3V@physx@@V?$ReflectionAllocator@UPxBounds3V@physx@@@shdfnd@2@@shdfnd@physx@@IAEPAUPxBounds3V@3@I@Z 10002530 f i RTreeCooking.obj
 0001:000015a0       ?allocate@?$Array@URTreeNodeNQ@physx@@V?$ReflectionAllocator@URTreeNodeNQ@physx@@@shdfnd@2@@shdfnd@physx@@IAEPAURTreeNodeNQ@3@I@Z 100025a0 f i RTreeCooking.obj
 0001:00001610       ?allocate@?$Array@URTreeNodeQ@Gu@physx@@V?$ReflectionAllocator@URTreeNodeQ@Gu@physx@@@shdfnd@3@@shdfnd@physx@@IAEPAURTreeNodeQ@Gu@3@I@Z 10002610 f i RTreeCooking.obj
 0001:00001690       ?allocate@?$Array@VPxVec3@physx@@V?$ReflectionAllocator@VPxVec3@physx@@@shdfnd@2@@shdfnd@physx@@IAEPAVPxVec3@3@I@Z 10002690 f i RTreeCooking.obj
 0001:00001710       ?allocate@?$InlineAllocator@$0CA@V?$ReflectionAllocator@UInterval@physx@@@shdfnd@physx@@@shdfnd@physx@@QAEPAXIPBDH@Z 10002710 f i RTreeCooking.obj
 0001:00002070       ?copy@?$Array@URTreeNodeNQ@physx@@V?$ReflectionAllocator@URTreeNodeNQ@physx@@@shdfnd@2@@shdfnd@physx@@KAXPAURTreeNodeNQ@3@0PBU43@@Z 10003070 f i RTreeCooking.obj
 0001:000020e0       ?copy@?$Array@VPxVec3@physx@@V?$ReflectionAllocator@VPxVec3@physx@@@shdfnd@2@@shdfnd@physx@@KAXPAVPxVec3@3@0PBV43@@Z 100030e0 f i RTreeCooking.obj
 0001:000021b0       ?grow@?$Stack@V?$ReflectionAllocator@I@shdfnd@physx@@@internal@shdfnd@physx@@QAEXXZ 100031b0 f i RTreeCooking.obj
 0001:00002250       ?growAndPushBack@?$Array@IV?$ReflectionAllocator@I@shdfnd@physx@@@shdfnd@physx@@IAEAAIABI@Z 10003250 f i RTreeCooking.obj
 0001:000022e0       ?growAndPushBack@?$Array@UInterval@physx@@V?$InlineAllocator@$0CA@V?$ReflectionAllocator@UInterval@physx@@@shdfnd@physx@@@shdfnd@2@@shdfnd@physx@@IAEAAUInterval@3@ABU43@@Z 100032e0 f i RTreeCooking.obj
 0001:000023a0       ?growAndPushBack@?$Array@UPxBounds3V@physx@@V?$ReflectionAllocator@UPxBounds3V@physx@@@shdfnd@2@@shdfnd@physx@@IAEAAUPxBounds3V@3@ABU43@@Z 100033a0 f i RTreeCooking.obj
 0001:00002450       ?growAndPushBack@?$Array@URTreeNodeNQ@physx@@V?$ReflectionAllocator@URTreeNodeNQ@physx@@@shdfnd@2@@shdfnd@physx@@IAEAAURTreeNodeNQ@3@ABU43@@Z 10003450 f i RTreeCooking.obj
 0001:00002500       ?growAndPushBack@?$Array@URTreeNodeQ@Gu@physx@@V?$ReflectionAllocator@URTreeNodeQ@Gu@physx@@@shdfnd@3@@shdfnd@physx@@IAEAAURTreeNodeQ@Gu@3@ABU453@@Z 10003500 f i RTreeCooking.obj
 0001:000025d0       ?growAndPushBack@?$Array@VPxVec3@physx@@V?$ReflectionAllocator@VPxVec3@physx@@@shdfnd@2@@shdfnd@physx@@IAEAAVPxVec3@3@ABV43@@Z 100035d0 f i RTreeCooking.obj
 0001:00002670       ?recreate@?$Array@IV?$ReflectionAllocator@I@shdfnd@physx@@@shdfnd@physx@@IAEXI@Z 10003670 f i RTreeCooking.obj
 0001:000026d0       ?recreate@?$Array@UPxBounds3V@physx@@V?$ReflectionAllocator@UPxBounds3V@physx@@@shdfnd@2@@shdfnd@physx@@IAEXI@Z 100036d0 f i RTreeCooking.obj
 0001:00002740       ?recreate@?$Array@URTreeNodeNQ@physx@@V?$ReflectionAllocator@URTreeNodeNQ@physx@@@shdfnd@2@@shdfnd@physx@@IAEXI@Z 10003740 f i RTreeCooking.obj
 0001:000027a0       ?recreate@?$Array@URTreeNodeQ@Gu@physx@@V?$ReflectionAllocator@URTreeNodeQ@Gu@physx@@@shdfnd@3@@shdfnd@physx@@IAEXI@Z 100037a0 f i RTreeCooking.obj
 0001:00002830       ?recreate@?$Array@VPxVec3@physx@@V?$ReflectionAllocator@VPxVec3@physx@@@shdfnd@2@@shdfnd@physx@@IAEXI@Z 10003830 f i RTreeCooking.obj
 0001:00002890       ?resize@?$Array@IV?$ReflectionAllocator@I@shdfnd@physx@@@shdfnd@physx@@QAEXIABI@Z 10003890 f i RTreeCooking.obj
 0001:000028e0       ?resizeUninitialized@?$Array@URTreeNodeNQ@physx@@V?$ReflectionAllocator@URTreeNodeNQ@physx@@@shdfnd@2@@shdfnd@physx@@QAEXI@Z 100038e0 f i RTreeCooking.obj
 0001:00002910       ?sort4@SubSortQuick@physx@@QAEXPIAIIAAV?$Array@URTreeNodeNQ@physx@@V?$ReflectionAllocator@URTreeNodeNQ@physx@@@shdfnd@2@@shdfnd@2@AAIAAUPxBounds3V@2@I@Z 10003910 f i RTreeCooking.obj
 0001:00002c40       ?sort4@SubSortSAH@physx@@QAEXPAIIAAV?$Array@URTreeNodeNQ@physx@@V?$ReflectionAllocator@URTreeNodeNQ@physx@@@shdfnd@2@@shdfnd@2@AAIIPAURTreeNodeNQ@2@@Z 10003c40 f i RTreeCooking.obj
 0001:000031f0       ?split@SubSortSAH@physx@@QAEIPAII@Z 100041f0 f i RTreeCooking.obj
 0001:00003600       ?loadFromDesc@TriangleMeshBuilder@physx@@QAE_NABVPxTriangleMeshDesc@2@ABUPxCookingParams@2@_N@Z 10004600 f   TriangleMeshBuilder.obj
 0001:000038a0       ?save@TriangleMeshBuilder@physx@@QBE_NAAVPxOutputStream@2@_NABUPxCookingParams@2@@Z 100048a0 f   TriangleMeshBuilder.obj
 0001:00003bb0       ?computeLocalBounds@TriangleMeshBuilder@physx@@IAEXXZ 10004bb0 f   TriangleMeshBuilder.obj
 0001:00003c70       ?importMesh@TriangleMeshBuilder@physx@@IAE_NABVPxTriangleMeshDesc@2@ABUPxCookingParams@2@_N@Z 10004c70 f   TriangleMeshBuilder.obj
 0001:00003e30       ??$?_UI@@YAPAXIV?$ReflectionAllocator@I@shdfnd@physx@@PBDH@Z 10004e30 f i TriangleMeshBuilder.obj
 0001:00003e90       ??_H@YGXPAXIIP6EPAX0@Z@Z   10004e90 f i TriangleMeshBuilder.obj
 0001:00003ec0       ?isValid@PxTriangleMeshDesc@physx@@QBE_NXZ 10004ec0 f i TriangleMeshBuilder.obj
 0001:00003f30       ??0BigConvexDataBuilder@physx@@QAE@PBUConvexHullData@Gu@1@PAVBigConvexData@1@PBVPxVec3@1@@Z 10004f30 f   BigConvexDataBuilder.obj
 0001:00003f50       ??1BigConvexDataBuilder@physx@@QAE@XZ 10004f50 f   BigConvexDataBuilder.obj
 0001:00003f60       ?Precompute@BigConvexDataBuilder@physx@@QAE_NI@Z 10004f60 f   BigConvexDataBuilder.obj
 0001:00004250       ?Initialize@BigConvexDataBuilder@physx@@QAE_NXZ 10005250 f   BigConvexDataBuilder.obj
 0001:000042c0       ?PrecomputeSample@BigConvexDataBuilder@physx@@QAE_NIABVPxVec3@2@@Z 100052c0 f   BigConvexDataBuilder.obj
 0001:00004380       ?Save@BigConvexDataBuilder@physx@@QBE_NAAVPxOutputStream@2@_NIPBUHullTriangleData@2@@Z 10005380 f   BigConvexDataBuilder.obj
 0001:00004460       ?ComputeValencies@BigConvexDataBuilder@physx@@QBE_NIPBUHullTriangleData@2@@Z 10005460 f   BigConvexDataBuilder.obj
 0001:000044b0       ?Compute@BigConvexDataBuilder@physx@@QBE_NABUVALENCIESCREATE@2@@Z 100054b0 f   BigConvexDataBuilder.obj
 0001:000046e0       ?Save@BigConvexDataBuilder@physx@@QBE_NAAVPxOutputStream@2@_N@Z 100056e0 f   BigConvexDataBuilder.obj
 0001:00004810       ??0ConvexHullBuilder@physx@@QAE@PAUConvexHullData@Gu@1@@Z 10005810 f   ConvexHullBuilder.obj
 0001:00004860       ??1ConvexHullBuilder@physx@@QAE@XZ 10005860 f   ConvexHullBuilder.obj
 0001:000048e0       ?Init@ConvexHullBuilder@physx@@QAE_NIPBVPxVec3@2@IPBIIPBUPxHullPolygon@2@@Z 100058e0 f   ConvexHullBuilder.obj
 0001:00004e10       ?Save@ConvexHullBuilder@physx@@QBE_NAAVPxOutputStream@2@_N@Z 10005e10 f   ConvexHullBuilder.obj
 0001:00005080       ?CreateEdgeList@ConvexHullBuilder@physx@@QAE_NXZ 10006080 f   ConvexHullBuilder.obj
 0001:000058d0       ?CreatePolygonData@ConvexHullBuilder@physx@@QAE_NXZ 100068d0 f   ConvexHullBuilder.obj
 0001:000060b0       ?CheckHullPolygons@ConvexHullBuilder@physx@@QBE_NXZ 100070b0 f   ConvexHullBuilder.obj
 0001:00006310       ?CreateTrianglesFromPolygons@ConvexHullBuilder@physx@@QAE_NXZ 10007310 f   ConvexHullBuilder.obj
 0001:00006820       ?ComputeGeomCenter@ConvexHullBuilder@physx@@QBE_NAAVPxVec3@2@@Z 10007820 f   ConvexHullBuilder.obj
 0001:00006a30       ?CalculateVertexMapTable@ConvexHullBuilder@physx@@QAE_NI_N@Z 10007a30 f   ConvexHullBuilder.obj
 0001:00006be0       ?ComputeHullPolygons@ConvexHullBuilder@physx@@QAE_NABIPBVPxVec3@2@0PBI@Z 10007be0 f   ConvexHullBuilder.obj
 0001:00006dd0       ??$?_UE@@YAPAXIV?$ReflectionAllocator@E@shdfnd@physx@@PBDH@Z 10007dd0 f i ConvexHullBuilder.obj
 0001:00006e30       ??$?_UUHullTriangleData@physx@@@@YAPAXIV?$ReflectionAllocator@UHullTriangleData@physx@@@shdfnd@physx@@PBDH@Z 10007e30 f i ConvexHullBuilder.obj
 0001:00006e90       ??0PxVec3@physx@@QAE@XZ    10007e90 f i ConvexHullBuilder.obj
 0001:00008740       ??0ConvexMeshBuilder@physx@@QAE@XZ 10009740 f   ConvexMeshBuilder.obj
 0001:00008770       ??1ConvexMeshBuilder@physx@@UAE@XZ 10009770 f   ConvexMeshBuilder.obj
 0001:000087a0       ?loadFromDesc@ConvexMeshBuilder@physx@@QAE_NABVPxConvexMeshDesc@2@W4Enum@PxPlatform@2@@Z 100097a0 f   ConvexMeshBuilder.obj
 0001:00008860       ?save@ConvexMeshBuilder@physx@@QBE_NAAVPxOutputStream@2@_N@Z 10009860 f   ConvexMeshBuilder.obj
 0001:00008a50       ?loadConvexHull@ConvexMeshBuilder@physx@@QAE_NABVPxConvexMeshDesc@2@@Z 10009a50 f   ConvexMeshBuilder.obj
 0001:00008c50       ?computeHullPolygons@ConvexMeshBuilder@physx@@QAE_NABIPBVPxVec3@2@0PBIAAVPxAllocatorCallback@2@AAIAAPAV32@4AAPAI4AAPAUPxHullPolygon@2@@Z 10009c50 f   ConvexMeshBuilder.obj
 0001:00008de0       ?computeGaussMaps@ConvexMeshBuilder@physx@@QAE_NXZ 10009de0 f   ConvexMeshBuilder.obj
 0001:00008e90       ?computeMassInfo@ConvexMeshBuilder@physx@@QAEXXZ 10009e90 f   ConvexMeshBuilder.obj
 0001:00009290       ?computeInternalObjects@ConvexMeshBuilder@physx@@QAEXXZ 1000a290 f   ConvexMeshBuilder.obj
 0001:0000948c       ??_EConvexMeshBuilder@physx@@W7AEPAXI@Z 1000a48c f i ConvexMeshBuilder.obj
 0001:000094a0       ??_GConvexMeshBuilder@physx@@UAEPAXI@Z 1000a4a0 f i ConvexMeshBuilder.obj
 0001:000094a0       ??_EConvexMeshBuilder@physx@@UAEPAXI@Z 1000a4a0 f i ConvexMeshBuilder.obj
 0001:00009820       ?isFinite@PxVec3@physx@@QBE_NXZ 1000a820 f i ConvexMeshBuilder.obj
 0001:00009890       ?isReleasable@PxBase@physx@@UBE_NXZ 1000a890 f i ConvexMeshBuilder.obj
 0001:000098a0       ?isValid@PxConvexMeshDesc@physx@@QBE_NXZ 1000a8a0 f i ConvexMeshBuilder.obj
 0001:00009940       ?requires@ConvexMesh@Gu@physx@@UAEXAAVPxProcessPxBaseCallback@3@@Z 1000a940 f i ConvexMeshBuilder.obj
 0001:00009950       ??0HullLibrary@physx@@QAE@XZ 1000a950 f   hulllib.obj
 0001:00009990       ??1HullLibrary@physx@@QAE@XZ 1000a990 f   hulllib.obj
 0001:000099e0       ?CreateConvexHull@HullLibrary@physx@@QAE?AW4HullError@2@ABVHullDesc@2@AAVHullResult@2@@Z 1000a9e0 f   hulllib.obj
 0001:00009d20       ?ReleaseResult@HullLibrary@physx@@QAE?AW4HullError@2@AAVHullResult@2@@Z 1000ad20 f   hulllib.obj
 0001:00009d60       ?CreateTriangleMesh@HullLibrary@physx@@QAE?AW4HullError@2@AAVHullResult@2@PAVConvexHullTriangleInterface@2@@Z 1000ad60 f   hulllib.obj
 0001:0000a030       ?b2bfix@HullLibrary@physx@@AAEXPAVTri@2@0@Z 1000b030 f   hulllib.obj
 0001:0000a150       ?removeb2b@HullLibrary@physx@@AAEXPAVTri@2@0@Z 1000b150 f   hulllib.obj
 0001:0000a1a0       ?checkit@HullLibrary@physx@@ABEXPAVTri@2@@Z 1000b1a0 f   hulllib.obj
 0001:0000a1b0       ?extrude@HullLibrary@physx@@AAEXPAVTri@2@H@Z 1000b1b0 f   hulllib.obj
 0001:0000a4f0       ?extrudable@HullLibrary@physx@@ABEPAVTri@2@M@Z 1000b4f0 f   hulllib.obj
 0001:0000a540       ?calchullgen@HullLibrary@physx@@AAE?AW4HullError@2@PAVfloat3@2@HHM@Z 1000b540 f   hulllib.obj
 0001:0000b3b0       ?calchull@HullLibrary@physx@@AAE?AW4HullError@2@PAVfloat3@2@HAAPAHAAHAAPAV42@2HM@Z 1000c3b0 f   hulllib.obj
 0001:0000b630       ?expandhull@HullLibrary@physx@@AAE?AW4HullError@2@PAVfloat3@2@HAAPAV42@AAHM@Z 1000c630 f   hulllib.obj
 0001:0000bed0       ?calchullpbev@HullLibrary@physx@@AAE?AW4HullError@2@PAVfloat3@2@HHAAV?$Array@VPlane@physx@@@hullLibArray@2@M@Z 1000ced0 f   hulllib.obj
 0001:0000cbd0       ?ComputeHull@HullLibrary@physx@@AAE?AW4HullError@2@IPBMAAVPHullResult@2@IMM@Z 1000dbd0 f   hulllib.obj
 0001:0000cdf0       ?overhullv@HullLibrary@physx@@AAE?AW4HullError@2@PAVfloat3@2@HHAAPAV42@AAHAAPAH2MMHM@Z 1000ddf0 f   hulllib.obj
 0001:0000d040       ??0ConvexH@physx@@QAE@HHH@Z 1000e040 f   hulllib.obj
 0001:0000d0d0       ?neib@Tri@physx@@QAEAAHHH@Z 1000e0d0 f   hulllib.obj
 0001:0000d150       ??$?_UM@@YAPAXIV?$ReflectionAllocator@M@shdfnd@physx@@PBDH@Z 1000e150 f i hulllib.obj
 0001:0000d1b0       ??$Max@M@physx@@YAMABM0@Z  1000e1b0 f i hulllib.obj
 0001:0000d1d0       ??$Min@H@physx@@YAHABH0@Z  1000e1d0 f i hulllib.obj
 0001:0000d1f0       ??$Min@M@physx@@YAMABM0@Z  1000e1f0 f i hulllib.obj
 0001:0000d210       ??$Swap@H@physx@@YAXAAH0@Z 1000e210 f i hulllib.obj
 0001:0000d230       ??$__vcrt_va_start_verify_argument_type@QBD@@YAXXZ 1000e230 f i hulllib.obj
 0001:0000d240       ??$maxdir@Vfloat3@physx@@@physx@@YAHPBVfloat3@0@HABV10@@Z 1000e240 f i hulllib.obj
 0001:0000d2f0       ??$maxdirfiltered@Vfloat3@physx@@@physx@@YAHPBVfloat3@0@HABV10@PA_N@Z 1000e2f0 f i hulllib.obj
 0001:0000d3b0       ??$maxdirsterid@Vfloat3@physx@@@physx@@YAHPBVfloat3@0@HABV10@AAV?$Array@H@hullLibArray@0@@Z 1000e3b0 f i hulllib.obj
 0001:0000d810       ??0?$Array@H@hullLibArray@physx@@QAE@H@Z 1000e810 f i hulllib.obj
 0001:0000d840       ??0?$Array@PAVTri@physx@@@hullLibArray@physx@@QAE@H@Z 1000e840 f i hulllib.obj
 0001:0000d870       ??0?$Array@UExpandPlane@physx@@@hullLibArray@physx@@QAE@H@Z 1000e870 f i hulllib.obj
 0001:0000d8a0       ??0?$Array@VHalfEdge@ConvexH@physx@@@hullLibArray@physx@@QAE@H@Z 1000e8a0 f i hulllib.obj
 0001:0000d8d0       ??0?$Array@VPlane@physx@@@hullLibArray@physx@@QAE@H@Z 1000e8d0 f i hulllib.obj
 0001:0000d900       ??0?$Array@Vfloat3@physx@@@hullLibArray@physx@@QAE@H@Z 1000e900 f i hulllib.obj
 0001:0000d930       ??0?$Array@Vint3@physx@@@hullLibArray@physx@@QAE@H@Z 1000e930 f i hulllib.obj
 0001:0000d960       ??0HalfEdge@ConvexH@physx@@QAE@XZ 1000e960 f i hulllib.obj
 0001:0000d970       ??0Plane@physx@@QAE@XZ     1000e970 f i hulllib.obj
 0001:0000d990       ??0Tri@physx@@QAE@HHHPAV?$Array@PAVTri@physx@@@hullLibArray@1@@Z 1000e990 f i hulllib.obj
 0001:0000da10       ??0float3@physx@@QAE@XZ    1000ea10 f i hulllib.obj
 0001:0000da30       ??1?$Array@H@hullLibArray@physx@@QAE@XZ 1000ea30 f i hulllib.obj
 0001:0000da70       ??1?$Array@PAVTri@physx@@@hullLibArray@physx@@QAE@XZ 1000ea70 f i hulllib.obj
 0001:0000dab0       ??1?$Array@UExpandPlane@physx@@@hullLibArray@physx@@QAE@XZ 1000eab0 f i hulllib.obj
 0001:0000daf0       ??1?$Array@VHalfEdge@ConvexH@physx@@@hullLibArray@physx@@QAE@XZ 1000eaf0 f i hulllib.obj
 0001:0000db30       ??1?$Array@VPlane@physx@@@hullLibArray@physx@@QAE@XZ 1000eb30 f i hulllib.obj
 0001:0000db70       ??1?$Array@Vfloat3@physx@@@hullLibArray@physx@@QAE@XZ 1000eb70 f i hulllib.obj
 0001:0000dbb0       ??1?$Array@Vint3@physx@@@hullLibArray@physx@@QAE@XZ 1000ebb0 f i hulllib.obj
 0001:0000dbf0       ??1ConvexH@physx@@QAE@XZ   1000ebf0 f i hulllib.obj
 0001:0000dc80       ?Add@?$Array@H@hullLibArray@physx@@QAEAAHH@Z 1000ec80 f i hulllib.obj
 0001:0000dcc0       ?Add@?$Array@PAVTri@physx@@@hullLibArray@physx@@QAEAAPAVTri@3@PAV43@@Z 1000ecc0 f i hulllib.obj
 0001:0000dd00       ?Add@?$Array@UExpandPlane@physx@@@hullLibArray@physx@@QAEAAUExpandPlane@3@U43@@Z 1000ed00 f i hulllib.obj
 0001:0000dd60       ?Add@?$Array@VPlane@physx@@@hullLibArray@physx@@QAEAAVPlane@3@V43@@Z 1000ed60 f i hulllib.obj
 0001:0000ddb0       ?Add@?$Array@Vfloat3@physx@@@hullLibArray@physx@@QAEAAVfloat3@3@V43@@Z 1000edb0 f i hulllib.obj
 0001:0000de10       ?Add@?$Array@Vint3@physx@@@hullLibArray@physx@@QAEAAVint3@3@V43@@Z 1000ee10 f i hulllib.obj
 0001:00010160       ?SetSize@?$Array@PAVTri@physx@@@hullLibArray@physx@@QAEXH@Z 10011160 f i hulllib.obj
 0001:000101a0       ?SetSize@?$Array@Vint3@physx@@@hullLibArray@physx@@QAEXH@Z 100111a0 f i hulllib.obj
 0001:00010330       ?allocate@?$Array@H@hullLibArray@physx@@QAEXH@Z 10011330 f i hulllib.obj
 0001:00010390       ?allocate@?$Array@PAVTri@physx@@@hullLibArray@physx@@QAEXH@Z 10011390 f i hulllib.obj
 0001:000103f0       ?allocate@?$Array@UExpandPlane@physx@@@hullLibArray@physx@@QAEXH@Z 100113f0 f i hulllib.obj
 0001:00010470       ?allocate@?$Array@VHalfEdge@ConvexH@physx@@@hullLibArray@physx@@QAEXH@Z 10011470 f i hulllib.obj
 0001:000104d0       ?allocate@?$Array@VPlane@physx@@@hullLibArray@physx@@QAEXH@Z 100114d0 f i hulllib.obj
 0001:00010530       ?allocate@?$Array@Vfloat3@physx@@@hullLibArray@physx@@QAEXH@Z 10011530 f i hulllib.obj
 0001:000105a0       ?allocate@?$Array@Vint3@physx@@@hullLibArray@physx@@QAEXH@Z 100115a0 f i hulllib.obj
 0001:00011320       ___local_stdio_printf_options 10012320 f i hulllib.obj
 0001:00011330       _printf                    10012330 f i hulllib.obj
 0001:00011360       ?computeVolumeIntegrals@physx@@YA_NABVPxSimpleTriangleMesh@1@MAAUPxIntegrals@1@@Z 10012360 f   VolumeIntegration.obj
 0001:000113d0       ?computeVolumeIntegralsEberly@physx@@YA_NABVPxSimpleTriangleMesh@1@MAAUPxIntegrals@1@ABVPxVec3@1@@Z 100123d0 f   VolumeIntegration.obj
 0001:00012d70       ?ComputeNbBoundaryEdges@AdjTriangle@physx@@QBEIXZ 10013d70 f   Adjacencies.obj
 0001:00012db0       ?ComputeNbNeighbors@AdjTriangle@physx@@QBEIXZ 10013db0 f   Adjacencies.obj
 0001:00012df0       ?HasNeighbor@AdjTriangle@physx@@QBE_NIPAI@Z 10013df0 f   Adjacencies.obj
 0001:00012e70       ?Flip@AdjTriangle@physx@@QAEXXZ 10013e70 f   Adjacencies.obj
 0001:00012e80       ??0Adjacencies@physx@@QAE@XZ 10013e80 f   Adjacencies.obj
 0001:00012e90       ??1Adjacencies@physx@@QAE@XZ 10013e90 f   Adjacencies.obj
 0001:00012ec0       ?Load@Adjacencies@physx@@QAE_NAAVPxInputStream@2@@Z 10013ec0 f   Adjacencies.obj
 0001:00012fa0       ?Walk@Adjacencies@physx@@QAE_NP6AXABUCommonWalkParams@2@IIII@ZPAX@Z 10013fa0 f   Adjacencies.obj
 0001:00013100       ?Walk2@Adjacencies@physx@@QAE_NP6AXABUCommonWalkParams@2@IIII@ZPAXPBVPxVec3@2@PBU?$TriangleT@I@Gu@2@@Z 10014100 f   Adjacencies.obj
 0001:00013260       ?ComputeNbBoundaryEdges@Adjacencies@physx@@QBEIXZ 10014260 f   Adjacencies.obj
 0001:000132d0       ?GetBoundaryVertices@Adjacencies@physx@@QBE_NIPA_NPBU?$TriangleT@I@Gu@2@@Z 100142d0 f   Adjacencies.obj
 0001:00013430       ?MakeLastRef@Adjacencies@physx@@QAE_NAAVAdjTriangle@2@IPAU?$TriangleT@I@Gu@2@@Z 10014430 f   Adjacencies.obj
 0001:000135f0       ?AssignNewEdgeCode@Adjacencies@physx@@AAEXIE@Z 100145f0 f   Adjacencies.obj
 0001:00013630       ??0AdjacenciesBuilder@physx@@QAE@XZ 10014630 f   Adjacencies.obj
 0001:00013640       ??1AdjacenciesBuilder@physx@@QAE@XZ 10014640 f   Adjacencies.obj
 0001:00013670       ?Init@AdjacenciesBuilder@physx@@QAE_NABUADJACENCIESCREATE@2@@Z 10014670 f   Adjacencies.obj
 0001:00013940       ??0AdjEdge@@QAE@XZ         10014940 f i Adjacencies.obj
 0001:00013950       ??0AdjTriangle@physx@@QAE@XZ 10014950 f i Adjacencies.obj
 0001:00013960       ??1AdjEdge@@QAE@XZ         10014960 f i Adjacencies.obj
 0001:00013970       ??1AdjTriangle@physx@@QAE@XZ 10014970 f i Adjacencies.obj
 0001:00013980       ??_EAdjEdge@@QAEPAXI@Z     10014980 f i Adjacencies.obj
 0001:000139f0       ??_EAdjTriangle@physx@@QAEPAXI@Z 100149f0 f i Adjacencies.obj
 0001:00013a60       ??_I@YGXPAXIIP6EX0@Z@Z     10014a60 f i Adjacencies.obj
 0001:00014380       _PxCreateCooking           10015380 f   Cooking.obj
 0001:00014440       ?release@Cooking@physx@@UAEXXZ 10015440 f   Cooking.obj
 0001:00014460       ?setParams@Cooking@physx@@UAEXABUPxCookingParams@2@@Z 10015460 f   Cooking.obj
 0001:000144c0       ?getParams@Cooking@physx@@UAEABUPxCookingParams@2@XZ 100154c0 f   Cooking.obj
 0001:000144d0       ?platformMismatch@Cooking@physx@@UAE_NXZ 100154d0 f   Cooking.obj
 0001:00014500       ?cookTriangleMesh@Cooking@physx@@UAE_NABVPxTriangleMeshDesc@2@AAVPxOutputStream@2@@Z 10015500 f   Cooking.obj
 0001:000145f0       ?createTriangleMesh@Cooking@physx@@UAEPAVPxTriangleMesh@2@ABVPxTriangleMeshDesc@2@AAVPxPhysicsInsertionCallback@2@@Z 100155f0 f   Cooking.obj
 0001:000146c0       ?validateTriangleMesh@Cooking@physx@@UAE_NABVPxTriangleMeshDesc@2@@Z 100156c0 f   Cooking.obj
 0001:00014770       ?cookConvexMesh@Cooking@physx@@UAE_NABVPxConvexMeshDesc@2@AAVPxOutputStream@2@PAW4Enum@PxConvexMeshCookingResult@2@@Z 10015770 f   Cooking.obj
 0001:00014a90       ?computeHullPolygons@Cooking@physx@@UAE_NABVPxSimpleTriangleMesh@2@AAVPxAllocatorCallback@2@AAIAAPAVPxVec3@2@2AAPAI2AAPAUPxHullPolygon@2@@Z 10015a90 f   Cooking.obj
 0001:00014bc0       ?cookHeightField@Cooking@physx@@UAE_NABVPxHeightFieldDesc@2@AAVPxOutputStream@2@@Z 10015bc0 f   Cooking.obj
 0001:00014d20       ?createHeightField@Cooking@physx@@UAEPAVPxHeightField@2@ABVPxHeightFieldDesc@2@AAVPxPhysicsInsertionCallback@2@@Z 10015d20 f   Cooking.obj
 0001:00014e50       ?loadTriangleMeshDesc@Cooking@physx@@AAE_NABVPxTriangleMeshDesc@2@AAVTriangleMeshBuilder@2@@Z 10015e50 f   Cooking.obj
 0001:00014f20       ??1PxCooking@physx@@MAE@XZ 10015f20 f i Cooking.obj
 0001:00014f27       ??_ETriangleMeshBuilder@physx@@W7AEPAXI@Z 10015f27 f i Cooking.obj
 0001:00014f30       ??_GCooking@physx@@UAEPAXI@Z 10015f30 f i Cooking.obj
 0001:00014f30       ??_ECooking@physx@@UAEPAXI@Z 10015f30 f i Cooking.obj
 0001:00014f70       ??_GPxCooking@physx@@MAEPAXI@Z 10015f70 f i Cooking.obj
 0001:00014f70       ??_EPxCooking@physx@@MAEPAXI@Z 10015f70 f i Cooking.obj
 0001:00014fa0       ??_GTriangleMeshBuilder@physx@@UAEPAXI@Z 10015fa0 f i Cooking.obj
 0001:00014fa0       ??_ETriangleMeshBuilder@physx@@UAEPAXI@Z 10015fa0 f i Cooking.obj
 0001:00014fe0       ?requires@TriangleMesh@Gu@physx@@UAEXAAVPxProcessPxBaseCallback@3@@Z 10015fe0 f i Cooking.obj
 0001:00014ff0       ??0ReducedVertexCloud@physx@@QAE@PBVPxVec3@1@I@Z 10015ff0 f   CookingUtils.obj
 0001:00015020       ??1ReducedVertexCloud@physx@@QAE@XZ 10016020 f   CookingUtils.obj
 0001:00015060       ?Clean@ReducedVertexCloud@physx@@QAEAAV12@XZ 10016060 f   CookingUtils.obj
 0001:000150a0       ?Reduce@ReducedVertexCloud@physx@@QAE_NPAUREDUCEDCLOUD@2@@Z 100160a0 f   CookingUtils.obj
 0001:00015310       ??0EdgeList@Gu@physx@@QAE@XZ 10016310 f   EdgeList.obj
 0001:00015340       ??1EdgeList@Gu@physx@@QAE@XZ 10016340 f   EdgeList.obj
 0001:00015390       ?Load@EdgeList@Gu@physx@@QAE_NAAVPxInputStream@3@@Z 10016390 f   EdgeList.obj
 0001:00015490       ??0EdgeListBuilder@Gu@physx@@QAE@XZ 10016490 f   EdgeList.obj
 0001:000154c0       ??1EdgeListBuilder@Gu@physx@@QAE@XZ 100164c0 f   EdgeList.obj
 0001:00015510       ?Init@EdgeListBuilder@Gu@physx@@QAE_NABUEDGELISTCREATE@23@@Z 10016510 f   EdgeList.obj
 0001:000155e0       ?CreateFacesToEdges@EdgeListBuilder@Gu@physx@@AAE_NIPBIPBG@Z 100165e0 f   EdgeList.obj
 0001:000158e0       ?CreateEdgesToFaces@EdgeListBuilder@Gu@physx@@AAE_NIPBIPBG@Z 100168e0 f   EdgeList.obj
 0001:00015a80       ?ComputeActiveEdges@EdgeListBuilder@Gu@physx@@AAE_NIPBIPBGPBVPxVec3@3@M@Z 10016a80 f   EdgeList.obj
 0001:00017290       ??$?_UUEdgeData@Gu@physx@@@@YAPAXIV?$ReflectionAllocator@UEdgeData@Gu@physx@@@shdfnd@physx@@PBDH@Z 10018290 f i EdgeList.obj
 0001:000172f0       ??$?_UUEdgeTriangleData@Gu@physx@@@@YAPAXIV?$ReflectionAllocator@UEdgeTriangleData@Gu@physx@@@shdfnd@physx@@PBDH@Z 100182f0 f i EdgeList.obj
 0001:00017350       ?OppositeVertex@@YAIIIIII@Z 10018350 f i EdgeList.obj
 0001:000173b0       ??0InternalTriangleMeshBuilder@physx@@QAE@PAVInternalTriangleMesh@1@ABUPxCookingParams@1@@Z 100183b0 f   InternalTriangleMeshBuilder.obj
 0001:000173d0       ??1InternalTriangleMeshBuilder@physx@@QAE@XZ 100183d0 f   InternalTriangleMeshBuilder.obj
 0001:00017400       ?cleanMesh@InternalTriangleMeshBuilder@physx@@QAE_N_N@Z 10018400 f   InternalTriangleMeshBuilder.obj
 0001:00017790       ?fillRemapTable@InternalTriangleMeshBuilder@physx@@QAEXXZ 10018790 f   InternalTriangleMeshBuilder.obj
 0001:00017850       ?remapTopology@InternalTriangleMeshBuilder@physx@@QAEXPBI@Z 10018850 f   InternalTriangleMeshBuilder.obj
 0001:00017a70       ?createRTree@InternalTriangleMeshBuilder@physx@@QAE_NXZ 10018a70 f   InternalTriangleMeshBuilder.obj
 0001:00017b30       ?createSharedEdgeData@InternalTriangleMeshBuilder@physx@@QAEX_N0@Z 10018b30 f   InternalTriangleMeshBuilder.obj
 0001:00017e80       ?releaseEdgeList@InternalTriangleMeshBuilder@physx@@AAEXXZ 10018e80 f   InternalTriangleMeshBuilder.obj
 0001:00017eb0       ?createEdgeList@InternalTriangleMeshBuilder@physx@@AAEXXZ 10018eb0 f   InternalTriangleMeshBuilder.obj
 0001:00017fb0       ??$?_UG@@YAPAXIV?$ReflectionAllocator@G@shdfnd@physx@@PBDH@Z 10018fb0 f i InternalTriangleMeshBuilder.obj
 0001:00018010       ??1RemapCallback@RTreeCooker@physx@@UAE@XZ 10019010 f i InternalTriangleMeshBuilder.obj
 0001:00018020       ??_GRTreeCookerRemap@@UAEPAXI@Z 10019020 f i InternalTriangleMeshBuilder.obj
 0001:00018020       ??_ERTreeCookerRemap@@UAEPAXI@Z 10019020 f i InternalTriangleMeshBuilder.obj
 0001:00018050       ??_GRemapCallback@RTreeCooker@physx@@UAEPAXI@Z 10019050 f i InternalTriangleMeshBuilder.obj
 0001:00018050       ??_ERemapCallback@RTreeCooker@physx@@UAEPAXI@Z 10019050 f i InternalTriangleMeshBuilder.obj
 0001:00018080       ?remap@RTreeCookerRemap@@UAEXPAIII@Z 10019080 f i InternalTriangleMeshBuilder.obj
 0001:000180a0       ??0MeshCleaner@physx@@QAE@IPBVPxVec3@1@IPBIM@Z 100190a0 f   MeshCleaner.obj
 0001:00018820       ??1MeshCleaner@physx@@QAE@XZ 10019820 f   MeshCleaner.obj
 0001:00018862       _GetModuleFileNameA@12     10019862 f   kernel32:KERNEL32.dll
 0001:00018868       _LoadLibraryA@4            10019868 f   kernel32:KERNEL32.dll
 0001:0001886e       __imp_load_?writeWord@physx@@YAXG_NAAVPxOutputStream@1@@Z 1001986e f   PhysX3Common_x86:PhysX3Common_x86.dll
 0001:00018878       __tailMerge_PhysX3Common_x86_dll 10019878 f i PhysX3Common_x86:PhysX3Common_x86.dll
 0001:00018889       ?writeWord@physx@@YAXG_NAAVPxOutputStream@1@@Z 10019889 f   PhysX3Common_x86:PhysX3Common_x86.dll
 0001:0001888f       __imp_load_?writeDword@physx@@YAXI_NAAVPxOutputStream@1@@Z 1001988f f   PhysX3Common_x86:PhysX3Common_x86.dll
 0001:00018899       ?writeDword@physx@@YAXI_NAAVPxOutputStream@1@@Z 10019899 f   PhysX3Common_x86:PhysX3Common_x86.dll
 0001:0001889f       __imp_load_?writeFloat@physx@@YAXM_NAAVPxOutputStream@1@@Z 1001989f f   PhysX3Common_x86:PhysX3Common_x86.dll
 0001:000188a9       ?writeFloat@physx@@YAXM_NAAVPxOutputStream@1@@Z 100198a9 f   PhysX3Common_x86:PhysX3Common_x86.dll
 0001:000188af       __imp_load_?writeHeader@physx@@YA_NCCCCI_NAAVPxOutputStream@1@@Z 100198af f   PhysX3Common_x86:PhysX3Common_x86.dll
 0001:000188b9       ?writeHeader@physx@@YA_NCCCCI_NAAVPxOutputStream@1@@Z 100198b9 f   PhysX3Common_x86:PhysX3Common_x86.dll
 0001:000188bf       __imp_load__PxGetFoundation 100198bf f   PhysX3Common_x86:PhysX3Common_x86.dll
 0001:000188c9       _PxGetFoundation           100198c9 f   PhysX3Common_x86:PhysX3Common_x86.dll
 0001:000188cf       __imp_load_?getAllocator@shdfnd@physx@@YAAAVPxAllocatorCallback@2@XZ 100198cf f   PhysX3Common_x86:PhysX3Common_x86.dll
 0001:000188d9       ?getAllocator@shdfnd@physx@@YAAAVPxAllocatorCallback@2@XZ 100198d9 f   PhysX3Common_x86:PhysX3Common_x86.dll
 0001:000188df       __imp_load_?allocate@Allocator@shdfnd@physx@@QAEPAXIPBDH@Z 100198df f   PhysX3Common_x86:PhysX3Common_x86.dll
 0001:000188e9       ?allocate@Allocator@shdfnd@physx@@QAEPAXIPBDH@Z 100198e9 f   PhysX3Common_x86:PhysX3Common_x86.dll
 0001:000188ef       __imp_load_?allocate@TempAllocator@shdfnd@physx@@QAEPAXIPBDH@Z 100198ef f   PhysX3Common_x86:PhysX3Common_x86.dll
 0001:000188f9       ?allocate@TempAllocator@shdfnd@physx@@QAEPAXIPBDH@Z 100198f9 f   PhysX3Common_x86:PhysX3Common_x86.dll
 0001:000188ff       __imp_load_?deallocate@TempAllocator@shdfnd@physx@@QAEXPAX@Z 100198ff f   PhysX3Common_x86:PhysX3Common_x86.dll
 0001:00018909       ?deallocate@TempAllocator@shdfnd@physx@@QAEXPAX@Z 10019909 f   PhysX3Common_x86:PhysX3Common_x86.dll
 0001:0001890f       __imp_load_?computeBoundsAroundVertices@Gu@physx@@YAXAAVPxBounds3@2@IPIBVPxVec3@2@@Z 1001990f f   PhysX3Common_x86:PhysX3Common_x86.dll
 0001:00018919       ?computeBoundsAroundVertices@Gu@physx@@YAXAAVPxBounds3@2@IPIBVPxVec3@2@@Z 10019919 f   PhysX3Common_x86:PhysX3Common_x86.dll
 0001:0001891f       __imp_load_?deallocate@Allocator@shdfnd@physx@@QAEXPAX@Z 1001991f f   PhysX3Common_x86:PhysX3Common_x86.dll
 0001:00018929       ?deallocate@Allocator@shdfnd@physx@@QAEXPAX@Z 10019929 f   PhysX3Common_x86:PhysX3Common_x86.dll
 0001:0001892f       __imp_load_?getInstance@Foundation@shdfnd@physx@@SAAAV123@XZ 1001992f f   PhysX3Common_x86:PhysX3Common_x86.dll
 0001:00018939       ?getInstance@Foundation@shdfnd@physx@@SAAAV123@XZ 10019939 f   PhysX3Common_x86:PhysX3Common_x86.dll
 0001:0001893f       __imp_load_?error@Foundation@shdfnd@physx@@QAAXW4Enum@PxErrorCode@3@PBDH1ZZ 1001993f f   PhysX3Common_x86:PhysX3Common_x86.dll
 0001:00018949       ?error@Foundation@shdfnd@physx@@QAAXW4Enum@PxErrorCode@3@PBDH1ZZ 10019949 f   PhysX3Common_x86:PhysX3Common_x86.dll
 0001:0001894f       __imp_load_?save@RTree@Gu@physx@@QBE_NAAVPxOutputStream@3@@Z 1001994f f   PhysX3Common_x86:PhysX3Common_x86.dll
 0001:00018959       ?save@RTree@Gu@physx@@QBE_NAAVPxOutputStream@3@@Z 10019959 f   PhysX3Common_x86:PhysX3Common_x86.dll
 0001:0001895f       __imp_load_?release@InternalTriangleMesh@physx@@QAEXXZ 1001995f f   PhysX3Common_x86:PhysX3Common_x86.dll
 0001:00018969       ?release@InternalTriangleMesh@physx@@QAEXXZ 10019969 f   PhysX3Common_x86:PhysX3Common_x86.dll
 0001:0001896f       __imp_load_?allocateVertices@InternalTriangleMesh@physx@@QAEPAVPxVec3@2@I@Z 1001996f f   PhysX3Common_x86:PhysX3Common_x86.dll
 0001:00018979       ?allocateVertices@InternalTriangleMesh@physx@@QAEPAVPxVec3@2@I@Z 10019979 f   PhysX3Common_x86:PhysX3Common_x86.dll
 0001:0001897f       __imp_load_?allocateTriangles@InternalTriangleMesh@physx@@QAEPAXI_N@Z 1001997f f   PhysX3Common_x86:PhysX3Common_x86.dll
 0001:00018989       ?allocateTriangles@InternalTriangleMesh@physx@@QAEPAXI_N@Z 10019989 f   PhysX3Common_x86:PhysX3Common_x86.dll
 0001:0001898f       __imp_load_?allocateMaterials@InternalTriangleMesh@physx@@QAEPAGXZ 1001998f f   PhysX3Common_x86:PhysX3Common_x86.dll
 0001:00018999       ?allocateMaterials@InternalTriangleMesh@physx@@QAEPAGXZ 10019999 f   PhysX3Common_x86:PhysX3Common_x86.dll
 0001:0001899f       __imp_load_?writeWordBuffer@physx@@YAXPBGI_NAAVPxOutputStream@1@@Z 1001999f f   PhysX3Common_x86:PhysX3Common_x86.dll
 0001:000189a9       ?writeWordBuffer@physx@@YAXPBGI_NAAVPxOutputStream@1@@Z 100199a9 f   PhysX3Common_x86:PhysX3Common_x86.dll
 0001:000189af       __imp_load_?writeFloatBuffer@physx@@YAXPBMI_NAAVPxOutputStream@1@@Z 100199af f   PhysX3Common_x86:PhysX3Common_x86.dll
 0001:000189b9       ?writeFloatBuffer@physx@@YAXPBMI_NAAVPxOutputStream@1@@Z 100199b9 f   PhysX3Common_x86:PhysX3Common_x86.dll
 0001:000189bf       __imp_load_?computeMaxIndex@physx@@YAIPBII@Z 100199bf f   PhysX3Common_x86:PhysX3Common_x86.dll
 0001:000189c9       ?computeMaxIndex@physx@@YAIPBII@Z 100199c9 f   PhysX3Common_x86:PhysX3Common_x86.dll
 0001:000189cf       __imp_load_?storeIndices@physx@@YAXIIPBIAAVPxOutputStream@1@_N@Z 100199cf f   PhysX3Common_x86:PhysX3Common_x86.dll
 0001:000189d9       ?storeIndices@physx@@YAXIIPBIAAVPxOutputStream@1@_N@Z 100199d9 f   PhysX3Common_x86:PhysX3Common_x86.dll
 0001:000189df       __imp_load_?computeMaxIndex@physx@@YAGPBGI@Z 100199df f   PhysX3Common_x86:PhysX3Common_x86.dll
 0001:000189e9       ?computeMaxIndex@physx@@YAGPBGI@Z 100199e9 f   PhysX3Common_x86:PhysX3Common_x86.dll
 0001:000189ef       __imp_load_?WriteHeader@Gu@physx@@YA_NEEEEI_NAAVPxOutputStream@2@@Z 100199ef f   PhysX3Common_x86:PhysX3Common_x86.dll
 0001:000189f9       ?WriteHeader@Gu@physx@@YA_NEEEEI_NAAVPxOutputStream@2@@Z 100199f9 f   PhysX3Common_x86:PhysX3Common_x86.dll
 0001:000189ff       __imp_load_?StoreIndices@Gu@physx@@YAXGIPBGAAVPxOutputStream@2@_N@Z 100199ff f   PhysX3Common_x86:PhysX3Common_x86.dll
 0001:00018a09       ?StoreIndices@Gu@physx@@YAXGIPBGAAVPxOutputStream@2@_N@Z 10019a09 f   PhysX3Common_x86:PhysX3Common_x86.dll
 0001:00018a0f       __imp_load_?CreateOffsets@BigConvexData@physx@@IAEXXZ 10019a0f f   PhysX3Common_x86:PhysX3Common_x86.dll
 0001:00018a19       ?CreateOffsets@BigConvexData@physx@@IAEXXZ 10019a19 f   PhysX3Common_x86:PhysX3Common_x86.dll
 0001:00018a1f       __imp_load_??0RadixSortBuffered@Gu@physx@@QAE@XZ 10019a1f f   PhysX3Common_x86:PhysX3Common_x86.dll
 0001:00018a29       ??0RadixSortBuffered@Gu@physx@@QAE@XZ 10019a29 f   PhysX3Common_x86:PhysX3Common_x86.dll
 0001:00018a2f       __imp_load_??1RadixSortBuffered@Gu@physx@@UAE@XZ 10019a2f f   PhysX3Common_x86:PhysX3Common_x86.dll
 0001:00018a39       ??1RadixSortBuffered@Gu@physx@@UAE@XZ 10019a39 f   PhysX3Common_x86:PhysX3Common_x86.dll
 0001:00018a3f       __imp_load_?Sort@RadixSortBuffered@Gu@physx@@QAEAAV123@PBIIW4RadixHint@23@@Z 10019a3f f   PhysX3Common_x86:PhysX3Common_x86.dll
 0001:00018a49       ?Sort@RadixSortBuffered@Gu@physx@@QAEAAV123@PBIIW4RadixHint@23@@Z 10019a49 f   PhysX3Common_x86:PhysX3Common_x86.dll
 0001:00018a4f       __imp_load_??0Container@Gu@physx@@QAE@XZ 10019a4f f   PhysX3Common_x86:PhysX3Common_x86.dll
 0001:00018a59       ??0Container@Gu@physx@@QAE@XZ 10019a59 f   PhysX3Common_x86:PhysX3Common_x86.dll
 0001:00018a5f       __imp_load_??0Container@Gu@physx@@QAE@ABV012@@Z 10019a5f f   PhysX3Common_x86:PhysX3Common_x86.dll
 0001:00018a69       ??0Container@Gu@physx@@QAE@ABV012@@Z 10019a69 f   PhysX3Common_x86:PhysX3Common_x86.dll
 0001:00018a6f       __imp_load_??1Container@Gu@physx@@QAE@XZ 10019a6f f   PhysX3Common_x86:PhysX3Common_x86.dll
 0001:00018a79       ??1Container@Gu@physx@@QAE@XZ 10019a79 f   PhysX3Common_x86:PhysX3Common_x86.dll
 0001:00018a7f       __imp_load_?Empty@Container@Gu@physx@@QAEAAV123@XZ 10019a7f f   PhysX3Common_x86:PhysX3Common_x86.dll
 0001:00018a89       ?Empty@Container@Gu@physx@@QAEAAV123@XZ 10019a89 f   PhysX3Common_x86:PhysX3Common_x86.dll
 0001:00018a8f       __imp_load_?Contains@Container@Gu@physx@@QBE_NIPAI@Z 10019a8f f   PhysX3Common_x86:PhysX3Common_x86.dll
 0001:00018a99       ?Contains@Container@Gu@physx@@QBE_NIPAI@Z 10019a99 f   PhysX3Common_x86:PhysX3Common_x86.dll
 0001:00018a9f       __imp_load_??4Container@Gu@physx@@QAEXABV012@@Z 10019a9f f   PhysX3Common_x86:PhysX3Common_x86.dll
 0001:00018aa9       ??4Container@Gu@physx@@QAEXABV012@@Z 10019aa9 f   PhysX3Common_x86:PhysX3Common_x86.dll
 0001:00018aaf       __imp_load_?Resize@Container@Gu@physx@@AAE_NI@Z 10019aaf f   PhysX3Common_x86:PhysX3Common_x86.dll
 0001:00018ab9       ?Resize@Container@Gu@physx@@AAE_NI@Z 10019ab9 f   PhysX3Common_x86:PhysX3Common_x86.dll
 0001:00018abf       __imp_load_??0ConvexMesh@Gu@physx@@QAE@XZ 10019abf f   PhysX3Common_x86:PhysX3Common_x86.dll
 0001:00018ac9       ??0ConvexMesh@Gu@physx@@QAE@XZ 10019ac9 f   PhysX3Common_x86:PhysX3Common_x86.dll
 0001:00018acf       __imp_load_??1ConvexMesh@Gu@physx@@UAE@XZ 10019acf f   PhysX3Common_x86:PhysX3Common_x86.dll
 0001:00018ad9       ??1ConvexMesh@Gu@physx@@UAE@XZ 10019ad9 f   PhysX3Common_x86:PhysX3Common_x86.dll
 0001:00018adf       __imp_load_??0BigConvexData@physx@@QAE@XZ 10019adf f   PhysX3Common_x86:PhysX3Common_x86.dll
 0001:00018ae9       ??0BigConvexData@physx@@QAE@XZ 10019ae9 f   PhysX3Common_x86:PhysX3Common_x86.dll
 0001:00018aef       __imp_load_??1BigConvexData@physx@@QAE@XZ 10019aef f   PhysX3Common_x86:PhysX3Common_x86.dll
 0001:00018af9       ??1BigConvexData@physx@@QAE@XZ 10019af9 f   PhysX3Common_x86:PhysX3Common_x86.dll
 0001:00018aff       __imp_load_?exportExtraData@ConvexMesh@Gu@physx@@UAEXAAVPxSerializationContext@3@@Z 10019aff f   PhysX3Common_x86:PhysX3Common_x86.dll
 0001:00018b09       ?exportExtraData@ConvexMesh@Gu@physx@@UAEXAAVPxSerializationContext@3@@Z 10019b09 f   PhysX3Common_x86:PhysX3Common_x86.dll
 0001:00018b0f       __imp_load_?getConcreteTypeName@PxConvexMesh@physx@@UBEPBDXZ 10019b0f f   PhysX3Common_x86:PhysX3Common_x86.dll
 0001:00018b19       ?getConcreteTypeName@PxConvexMesh@physx@@UBEPBDXZ 10019b19 f   PhysX3Common_x86:PhysX3Common_x86.dll
 0001:00018b1f       __imp_load_?getIndexBuffer@ConvexMesh@Gu@physx@@UBEPBEXZ 10019b1f f   PhysX3Common_x86:PhysX3Common_x86.dll
 0001:00018b29       ?getIndexBuffer@ConvexMesh@Gu@physx@@UBEPBEXZ 10019b29 f   PhysX3Common_x86:PhysX3Common_x86.dll
 0001:00018b2f       __imp_load_?getLocalBounds@ConvexMesh@Gu@physx@@UBE?AVPxBounds3@3@XZ 10019b2f f   PhysX3Common_x86:PhysX3Common_x86.dll
 0001:00018b39       ?getLocalBounds@ConvexMesh@Gu@physx@@UBE?AVPxBounds3@3@XZ 10019b39 f   PhysX3Common_x86:PhysX3Common_x86.dll
 0001:00018b3f       __imp_load_?getMassInformation@ConvexMesh@Gu@physx@@UBEXAAMAAVPxMat33@3@AAVPxVec3@3@@Z 10019b3f f   PhysX3Common_x86:PhysX3Common_x86.dll
 0001:00018b49       ?getMassInformation@ConvexMesh@Gu@physx@@UBEXAAMAAVPxMat33@3@AAVPxVec3@3@@Z 10019b49 f   PhysX3Common_x86:PhysX3Common_x86.dll
 0001:00018b4f       __imp_load_?getNbPolygons@ConvexMesh@Gu@physx@@UBEIXZ 10019b4f f   PhysX3Common_x86:PhysX3Common_x86.dll
 0001:00018b59       ?getNbPolygons@ConvexMesh@Gu@physx@@UBEIXZ 10019b59 f   PhysX3Common_x86:PhysX3Common_x86.dll
 0001:00018b5f       __imp_load_?getNbVertices@ConvexMesh@Gu@physx@@UBEIXZ 10019b5f f   PhysX3Common_x86:PhysX3Common_x86.dll
 0001:00018b69       ?getNbVertices@ConvexMesh@Gu@physx@@UBEIXZ 10019b69 f   PhysX3Common_x86:PhysX3Common_x86.dll
 0001:00018b6f       __imp_load_?getPolygonData@ConvexMesh@Gu@physx@@UBE_NIAAUPxHullPolygon@3@@Z 10019b6f f   PhysX3Common_x86:PhysX3Common_x86.dll
 0001:00018b79       ?getPolygonData@ConvexMesh@Gu@physx@@UBE_NIAAUPxHullPolygon@3@@Z 10019b79 f   PhysX3Common_x86:PhysX3Common_x86.dll
 0001:00018b7f       __imp_load_?getReferenceCount@ConvexMesh@Gu@physx@@UBEIXZ 10019b7f f   PhysX3Common_x86:PhysX3Common_x86.dll
 0001:00018b89       ?getReferenceCount@ConvexMesh@Gu@physx@@UBEIXZ 10019b89 f   PhysX3Common_x86:PhysX3Common_x86.dll
 0001:00018b8f       __imp_load_?getVertices@ConvexMesh@Gu@physx@@UBEPBVPxVec3@3@XZ 10019b8f f   PhysX3Common_x86:PhysX3Common_x86.dll
 0001:00018b99       ?getVertices@ConvexMesh@Gu@physx@@UBEPBVPxVec3@3@XZ 10019b99 f   PhysX3Common_x86:PhysX3Common_x86.dll
 0001:00018b9f       __imp_load_?isKindOf@PxConvexMesh@physx@@MBE_NPBD@Z 10019b9f f   PhysX3Common_x86:PhysX3Common_x86.dll
 0001:00018ba9       ?isKindOf@PxConvexMesh@physx@@MBE_NPBD@Z 10019ba9 f   PhysX3Common_x86:PhysX3Common_x86.dll
 0001:00018baf       __imp_load_?onRefCountZero@ConvexMesh@Gu@physx@@UAEXXZ 10019baf f   PhysX3Common_x86:PhysX3Common_x86.dll
 0001:00018bb9       ?onRefCountZero@ConvexMesh@Gu@physx@@UAEXXZ 10019bb9 f   PhysX3Common_x86:PhysX3Common_x86.dll
 0001:00018bbf       __imp_load_?release@ConvexMesh@Gu@physx@@UAEXXZ 10019bbf f   PhysX3Common_x86:PhysX3Common_x86.dll
 0001:00018bc9       ?release@ConvexMesh@Gu@physx@@UAEXXZ 10019bc9 f   PhysX3Common_x86:PhysX3Common_x86.dll
 0001:00018bcf       __imp_load_?readDword@physx@@YAI_NAAVPxInputStream@1@@Z 10019bcf f   PhysX3Common_x86:PhysX3Common_x86.dll
 0001:00018bd9       ?readDword@physx@@YAI_NAAVPxInputStream@1@@Z 10019bd9 f   PhysX3Common_x86:PhysX3Common_x86.dll
 0001:00018bdf       __imp_load_?ReadHeader@Gu@physx@@YA_NEEEEAAIAA_NAAVPxInputStream@2@@Z 10019bdf f   PhysX3Common_x86:PhysX3Common_x86.dll
 0001:00018be9       ?ReadHeader@Gu@physx@@YA_NEEEEAAIAA_NAAVPxInputStream@2@@Z 10019be9 f   PhysX3Common_x86:PhysX3Common_x86.dll
 0001:00018bef       __imp_load_??0FPUGuard@shdfnd@physx@@QAE@XZ 10019bef f   PhysX3Common_x86:PhysX3Common_x86.dll
 0001:00018bf9       ??0FPUGuard@shdfnd@physx@@QAE@XZ 10019bf9 f   PhysX3Common_x86:PhysX3Common_x86.dll
 0001:00018bff       __imp_load_??1FPUGuard@shdfnd@physx@@QAE@XZ 10019bff f   PhysX3Common_x86:PhysX3Common_x86.dll
 0001:00018c09       ??1FPUGuard@shdfnd@physx@@QAE@XZ 10019c09 f   PhysX3Common_x86:PhysX3Common_x86.dll
 0001:00018c0f       __imp_load_?incRefCount@Foundation@shdfnd@physx@@SAXXZ 10019c0f f   PhysX3Common_x86:PhysX3Common_x86.dll
 0001:00018c19       ?incRefCount@Foundation@shdfnd@physx@@SAXXZ 10019c19 f   PhysX3Common_x86:PhysX3Common_x86.dll
 0001:00018c1f       __imp_load_?decRefCount@Foundation@shdfnd@physx@@SAXXZ 10019c1f f   PhysX3Common_x86:PhysX3Common_x86.dll
 0001:00018c29       ?decRefCount@Foundation@shdfnd@physx@@SAXXZ 10019c29 f   PhysX3Common_x86:PhysX3Common_x86.dll
 0001:00018c2f       __imp_load_??0TriangleMesh@Gu@physx@@QAE@XZ 10019c2f f   PhysX3Common_x86:PhysX3Common_x86.dll
 0001:00018c39       ??0TriangleMesh@Gu@physx@@QAE@XZ 10019c39 f   PhysX3Common_x86:PhysX3Common_x86.dll
 0001:00018c3f       __imp_load_?checkMeshIndicesSize@TriangleMesh@Gu@physx@@QAEXXZ 10019c3f f   PhysX3Common_x86:PhysX3Common_x86.dll
 0001:00018c49       ?checkMeshIndicesSize@TriangleMesh@Gu@physx@@QAEXXZ 10019c49 f   PhysX3Common_x86:PhysX3Common_x86.dll
 0001:00018c4f       __imp_load_??1TriangleMesh@Gu@physx@@UAE@XZ 10019c4f f   PhysX3Common_x86:PhysX3Common_x86.dll
 0001:00018c59       ??1TriangleMesh@Gu@physx@@UAE@XZ 10019c59 f   PhysX3Common_x86:PhysX3Common_x86.dll
 0001:00018c5f       __imp_load_??0HeightField@Gu@physx@@QAE@PAVGuMeshFactory@2@@Z 10019c5f f   PhysX3Common_x86:PhysX3Common_x86.dll
 0001:00018c69       ??0HeightField@Gu@physx@@QAE@PAVGuMeshFactory@2@@Z 10019c69 f   PhysX3Common_x86:PhysX3Common_x86.dll
 0001:00018c6f       __imp_load_?loadFromDesc@HeightField@Gu@physx@@QAE_NABVPxHeightFieldDesc@3@_N@Z 10019c6f f   PhysX3Common_x86:PhysX3Common_x86.dll
 0001:00018c79       ?loadFromDesc@HeightField@Gu@physx@@QAE_NABVPxHeightFieldDesc@3@_N@Z 10019c79 f   PhysX3Common_x86:PhysX3Common_x86.dll
 0001:00018c7f       __imp_load_?releaseMemory@HeightField@Gu@physx@@QAEX_N@Z 10019c7f f   PhysX3Common_x86:PhysX3Common_x86.dll
 0001:00018c89       ?releaseMemory@HeightField@Gu@physx@@QAEX_N@Z 10019c89 f   PhysX3Common_x86:PhysX3Common_x86.dll
 0001:00018c8f       __imp_load_?exportExtraData@TriangleMesh@Gu@physx@@UAEXAAVPxSerializationContext@3@@Z 10019c8f f   PhysX3Common_x86:PhysX3Common_x86.dll
 0001:00018c99       ?exportExtraData@TriangleMesh@Gu@physx@@UAEXAAVPxSerializationContext@3@@Z 10019c99 f   PhysX3Common_x86:PhysX3Common_x86.dll
 0001:00018c9f       __imp_load_?getConcreteTypeName@PxTriangleMesh@physx@@UBEPBDXZ 10019c9f f   PhysX3Common_x86:PhysX3Common_x86.dll
 0001:00018ca9       ?getConcreteTypeName@PxTriangleMesh@physx@@UBEPBDXZ 10019ca9 f   PhysX3Common_x86:PhysX3Common_x86.dll
 0001:00018caf       __imp_load_?getLocalBounds@TriangleMesh@Gu@physx@@UBE?AVPxBounds3@3@XZ 10019caf f   PhysX3Common_x86:PhysX3Common_x86.dll
 0001:00018cb9       ?getLocalBounds@TriangleMesh@Gu@physx@@UBE?AVPxBounds3@3@XZ 10019cb9 f   PhysX3Common_x86:PhysX3Common_x86.dll
 0001:00018cbf       __imp_load_?getNbTriangles@TriangleMesh@Gu@physx@@UBEIXZ 10019cbf f   PhysX3Common_x86:PhysX3Common_x86.dll
 0001:00018cc9       ?getNbTriangles@TriangleMesh@Gu@physx@@UBEIXZ 10019cc9 f   PhysX3Common_x86:PhysX3Common_x86.dll
 0001:00018ccf       __imp_load_?getNbVertices@TriangleMesh@Gu@physx@@UBEIXZ 10019ccf f   PhysX3Common_x86:PhysX3Common_x86.dll
 0001:00018cd9       ?getNbVertices@TriangleMesh@Gu@physx@@UBEIXZ 10019cd9 f   PhysX3Common_x86:PhysX3Common_x86.dll
 0001:00018cdf       __imp_load_?getReferenceCount@TriangleMesh@Gu@physx@@UBEIXZ 10019cdf f   PhysX3Common_x86:PhysX3Common_x86.dll
 0001:00018ce9       ?getReferenceCount@TriangleMesh@Gu@physx@@UBEIXZ 10019ce9 f   PhysX3Common_x86:PhysX3Common_x86.dll
 0001:00018cef       __imp_load_?getTriangleMaterialIndex@TriangleMesh@Gu@physx@@UBEGI@Z 10019cef f   PhysX3Common_x86:PhysX3Common_x86.dll
 0001:00018cf9       ?getTriangleMaterialIndex@TriangleMesh@Gu@physx@@UBEGI@Z 10019cf9 f   PhysX3Common_x86:PhysX3Common_x86.dll
 0001:00018cff       __imp_load_?getTriangleMeshFlags@TriangleMesh@Gu@physx@@UBE?AV?$PxFlags@W4Enum@PxTriangleMeshFlag@physx@@E@3@XZ 10019cff f   PhysX3Common_x86:PhysX3Common_x86.dll
 0001:00018d09       ?getTriangleMeshFlags@TriangleMesh@Gu@physx@@UBE?AV?$PxFlags@W4Enum@PxTriangleMeshFlag@physx@@E@3@XZ 10019d09 f   PhysX3Common_x86:PhysX3Common_x86.dll
 0001:00018d0f       __imp_load_?getTriangles@TriangleMesh@Gu@physx@@UBEPBXXZ 10019d0f f   PhysX3Common_x86:PhysX3Common_x86.dll
 0001:00018d19       ?getTriangles@TriangleMesh@Gu@physx@@UBEPBXXZ 10019d19 f   PhysX3Common_x86:PhysX3Common_x86.dll
 0001:00018d1f       __imp_load_?getTrianglesRemap@TriangleMesh@Gu@physx@@UBEPBIXZ 10019d1f f   PhysX3Common_x86:PhysX3Common_x86.dll
 0001:00018d29       ?getTrianglesRemap@TriangleMesh@Gu@physx@@UBEPBIXZ 10019d29 f   PhysX3Common_x86:PhysX3Common_x86.dll
 0001:00018d2f       __imp_load_?getVertices@TriangleMesh@Gu@physx@@UBEPBVPxVec3@3@XZ 10019d2f f   PhysX3Common_x86:PhysX3Common_x86.dll
 0001:00018d39       ?getVertices@TriangleMesh@Gu@physx@@UBEPBVPxVec3@3@XZ 10019d39 f   PhysX3Common_x86:PhysX3Common_x86.dll
 0001:00018d3f       __imp_load_?isKindOf@PxTriangleMesh@physx@@MBE_NPBD@Z 10019d3f f   PhysX3Common_x86:PhysX3Common_x86.dll
 0001:00018d49       ?isKindOf@PxTriangleMesh@physx@@MBE_NPBD@Z 10019d49 f   PhysX3Common_x86:PhysX3Common_x86.dll
 0001:00018d4f       __imp_load_?onRefCountZero@TriangleMesh@Gu@physx@@UAEXXZ 10019d4f f   PhysX3Common_x86:PhysX3Common_x86.dll
 0001:00018d59       ?onRefCountZero@TriangleMesh@Gu@physx@@UAEXXZ 10019d59 f   PhysX3Common_x86:PhysX3Common_x86.dll
 0001:00018d5f       __imp_load_?release@TriangleMesh@Gu@physx@@UAEXXZ 10019d5f f   PhysX3Common_x86:PhysX3Common_x86.dll
 0001:00018d69       ?release@TriangleMesh@Gu@physx@@UAEXXZ 10019d69 f   PhysX3Common_x86:PhysX3Common_x86.dll
 0001:00018d6f       __imp_load_?setupMeshInterface@InternalTriangleMesh@physx@@QAEXXZ 10019d6f f   PhysX3Common_x86:PhysX3Common_x86.dll
 0001:00018d79       ?setupMeshInterface@InternalTriangleMesh@physx@@QAEXXZ 10019d79 f   PhysX3Common_x86:PhysX3Common_x86.dll
 0001:00018d7f       ??$PFromRva@PAP6GHXZ@@YGPAP6GHXZK@Z 10019d7f f i delayimp:delayhlp.obj
 0001:00018d91       ??$PFromRva@PAPAUHINSTANCE__@@@@YGPAPAUHINSTANCE__@@K@Z 10019d91 f i delayimp:delayhlp.obj
 0001:00018da3       ??$PFromRva@PAU_IMAGE_IMPORT_BY_NAME@@@@YGPAU_IMAGE_IMPORT_BY_NAME@@K@Z 10019da3 f i delayimp:delayhlp.obj
 0001:00018db5       ??$PFromRva@PAU_IMAGE_THUNK_DATA32@@@@YGPAU_IMAGE_THUNK_DATA32@@K@Z 10019db5 f i delayimp:delayhlp.obj
 0001:00018dc7       ??$PFromRva@PBD@@YGPBDK@Z  10019dc7 f i delayimp:delayhlp.obj
 0001:00018dd9       ??$PFromRva@PBUImgDelayDescr@@@@YGPBUImgDelayDescr@@K@Z 10019dd9 f i delayimp:delayhlp.obj
 0001:00018deb       ??$PFromRva@PBU_IMAGE_THUNK_DATA32@@@@YGPBU_IMAGE_THUNK_DATA32@@K@Z 10019deb f i delayimp:delayhlp.obj
 0001:00018dfd       ?CountOfImports@@YGIPBU_IMAGE_THUNK_DATA32@@@Z 10019dfd f i delayimp:delayhlp.obj
 0001:00018e18       ?DloadAcquireSectionWriteAccess@@YGXXZ 10019e18 f i delayimp:delayhlp.obj
 0001:00018e4b       ?DloadGetSRWLockFunctionPointers@@YGEXZ 10019e4b f i delayimp:delayhlp.obj
 0001:00018ec6       ?DloadLock@@YGXXZ          10019ec6 f i delayimp:delayhlp.obj
 0001:00018f23       ?DloadMakePermanentImageCommit@@YGXPAXK@Z 10019f23 f i delayimp:delayhlp.obj
 0001:00018f95       ?DloadObtainSection@@YGPAXPAK0@Z 10019f95 f i delayimp:delayhlp.obj
 0001:00019018       ?DloadProtectSection@@YGXKPAK@Z 1001a018 f i delayimp:delayhlp.obj
 0001:00019088       ?DloadReleaseSectionWriteAccess@@YGXXZ 1001a088 f i delayimp:delayhlp.obj
 0001:000190c0       ?DloadUnlock@@YGXXZ        1001a0c0 f i delayimp:delayhlp.obj
 0001:0001911f       ?IndexFromPImgThunkData@@YGIPBU_IMAGE_THUNK_DATA32@@0@Z 1001a11f f i delayimp:delayhlp.obj
 0001:00019281       _HRESULT_FROM_WIN32@4      1001a281 f i delayimp:delayhlp.obj
 0001:00019299       _ReadAcquire@4             1001a299 f i delayimp:delayhlp.obj
 0001:000192a7       _ReadPointerAcquire@4      1001a2a7 f i delayimp:delayhlp.obj
 0001:000192b5       _WritePointerRelease@8     1001a2b5 f i delayimp:delayhlp.obj
 0001:000192c6       _WriteRelease@8            1001a2c6 f i delayimp:delayhlp.obj
 0001:000192d7       __InlineInterlockedCompareExchangePointer@12 1001a2d7 f i delayimp:delayhlp.obj
 0001:000192ed       ___FUnloadDelayLoadedDLL2@4 1001a2ed f   delayimp:delayhlp.obj
 0001:00019373       ___HrLoadAllImportsForDll@4 1001a373 f   delayimp:delayhlp.obj
 0001:000193d6       ___delayLoadHelper2@8      1001a3d6 f   delayimp:delayhlp.obj
 0001:0001965b       ??_U@YAPAXI@Z              1001a65b f   MSVCRT:new_array.obj
 0001:00019664       ??_V@YAXPAX@Z              1001a664 f   MSVCRT:delete_array.obj
 0001:00019670       __alloca_probe_16          1001a670 f   MSVCRT:alloca16.obj
 0001:00019686       __alloca_probe_8           1001a686     MSVCRT:alloca16.obj
 0001:000196a0       __ftoui3                   1001a6a0 f   MSVCRT:_ftol3_.obj
 0001:000196af       __ftoul3                   1001a6af f   MSVCRT:_ftol3_.obj
 0001:000196be       __ftol3                    1001a6be f   MSVCRT:_ftol3_.obj
 0001:000196cb       __ftol3_NaN                1001a6cb f   MSVCRT:_ftol3_.obj
 0001:000196e3       __ftol3_work               1001a6e3 f   MSVCRT:_ftol3_.obj
 0001:00019769       __ftol3_common             1001a769 f   MSVCRT:_ftol3_.obj
 0001:0001982b       __ftol3_arg_error          1001a82b f   MSVCRT:_ftol3_.obj
 0001:0001983d       __ftol3_except             1001a83d f   MSVCRT:_ftol3_.obj
 0001:00019881       __dtoui3                   1001a881 f   MSVCRT:_ftol3_.obj
 0001:00019890       __dtoul3                   1001a890 f   MSVCRT:_ftol3_.obj
 0001:0001989f       __dtol3                    1001a89f f   MSVCRT:_ftol3_.obj
 0001:000198ac       __dtol3_NaN                1001a8ac f   MSVCRT:_ftol3_.obj
 0001:000198c9       __dtol3_work               1001a8c9 f   MSVCRT:_ftol3_.obj
 0001:000199b0       __ultod3                   1001a9b0 f   MSVCRT:_ftol3_.obj
 0001:000199f0       __ltod3                    1001a9f0 f   MSVCRT:_ftol3_.obj
 0001:00019a17       ?__scrt_initialize_type_info@@YAXXZ 1001aa17 f   MSVCRT:tncleanup.obj
 0001:00019a23       ?__scrt_uninitialize_type_info@@YAXXZ 1001aa23 f   MSVCRT:tncleanup.obj
 0001:00019a2f       ??1type_info@@UAE@XZ       1001aa2f f   MSVCRT:std_type_info_static.obj
 0001:00019a36       ??_Gtype_info@@UAEPAXI@Z   1001aa36 f i MSVCRT:std_type_info_static.obj
 0001:00019a36       ??_Etype_info@@UAEPAXI@Z   1001aa36 f i MSVCRT:std_type_info_static.obj
 0001:00019a59       ??3@YAXPAXI@Z              1001aa59 f   MSVCRT:delete_scalar_size.obj
 0001:00019a70       __alloca_probe             1001aa70 f   MSVCRT:chkstk.obj
 0001:00019a70       __chkstk                   1001aa70 f   MSVCRT:chkstk.obj
 0001:00019da5       __CRT_INIT@12              1001ada5 f   MSVCRT:dll_dllmain.obj
 0001:00019dae       __DllMainCRTStartup@12     1001adae f   MSVCRT:dll_dllmain.obj
 0001:00019dd1       @__security_check_cookie@4 1001add1 f   MSVCRT:_secchk_.obj
 0001:00019de2       @_guard_check_icall_nop@4  1001ade2 f i MSVCRT:guard_support.obj
 0001:00019de3       __guard_icall_checks_enforced 1001ade3 f i MSVCRT:guard_support.obj
 0001:00019df5       ??2@YAPAXI@Z               1001adf5 f   MSVCRT:new_scalar.obj
 0001:00019e28       ??3@YAXPAX@Z               1001ae28 f   MSVCRT:delete_scalar.obj
 0001:00019e2d       ??$__crt_fast_decode_pointer@PAP6AXXZ@@YAPAP6AXXZQAP6AXXZ@Z 1001ae2d f i MSVCRT:utility.obj
 0001:00019e41       ??$__crt_fast_encode_pointer@PAP6AXXZ@@YAPAP6AXXZQAP6AXXZ@Z 1001ae41 f i MSVCRT:utility.obj
 0001:00019e5e       ?__crt_rotate_pointer_value@@YAIIH@Z 1001ae5e f i MSVCRT:utility.obj
 0001:00019e6b       ?configure_argv@__scrt_narrow_argv_policy@@SAHXZ 1001ae6b f i MSVCRT:utility.obj
 0001:00019eef       _NtCurrentTeb              1001aeef f i MSVCRT:utility.obj
 0001:00019ef6       ___scrt_acquire_startup_lock 1001aef6 f   MSVCRT:utility.obj
 0001:00019f2b       ___scrt_dllmain_after_initialize_c 1001af2b f   MSVCRT:utility.obj
 0001:00019f56       ___scrt_dllmain_before_initialize_c 1001af56 f   MSVCRT:utility.obj
 0001:00019f64       ___scrt_dllmain_crt_thread_attach 1001af64 f   MSVCRT:utility.obj
 0001:00019f83       ___scrt_dllmain_crt_thread_detach 1001af83 f   MSVCRT:utility.obj
 0001:00019f90       ___scrt_dllmain_exception_filter 1001af90 f   MSVCRT:utility.obj
 0001:00019fc3       ___scrt_dllmain_uninitialize_c 1001afc3 f   MSVCRT:utility.obj
 0001:00019fe6       ___scrt_dllmain_uninitialize_critical 1001afe6 f   MSVCRT:utility.obj
 0001:00019ff5       ___scrt_initialize_crt     1001aff5 f   MSVCRT:utility.obj
 0001:0001a02e       ___scrt_initialize_onexit_tables 1001b02e f   MSVCRT:utility.obj
 0001:0001a0c5       ___scrt_is_nonwritable_in_current_image 1001b0c5 f   MSVCRT:utility.obj
 0001:0001a14f       ___scrt_release_startup_lock 1001b14f f   MSVCRT:utility.obj
 0001:0001a16c       ___scrt_uninitialize_crt   1001b16c f   MSVCRT:utility.obj
 0001:0001a194       __onexit                   1001b194 f   MSVCRT:utility.obj
 0001:0001a1cf       _at_quick_exit             1001b1cf f   MSVCRT:utility.obj
 0001:0001a200       _atexit                    1001b200 f   MSVCRT:utility.obj
 0001:0001a215       ___security_init_cookie    1001b215 f   MSVCRT:gs_support.obj
 0001:0001a2b1       _DllMain@12                1001b2b1 f   MSVCRT:dll_dllmain_stub.obj
 0001:0001a2d3       ___local_stdio_scanf_options 1001b2d3 f i MSVCRT:default_local_stdio_options.obj
 0001:0001a2d9       ___scrt_initialize_default_local_stdio_options 1001b2d9 f   MSVCRT:default_local_stdio_options.obj
 0001:0001a2f6       ___scrt_get_dyn_tls_init_callback 1001b2f6 f   MSVCRT:dyn_tls_init.obj
 0001:0001a2fc       ___scrt_fastfail           1001b2fc f   MSVCRT:utility_desktop.obj
 0001:0001a417       ___scrt_get_show_window_mode 1001b417 f   MSVCRT:utility_desktop.obj
 0001:0001a44a       ___scrt_initialize_winrt   1001b44a f   MSVCRT:utility_desktop.obj
 0001:0001a44d       ___scrt_is_managed_app     1001b44d f   MSVCRT:utility_desktop.obj
 0001:0001a491       ___scrt_set_unhandled_exception_filter 1001b491 f   MSVCRT:utility_desktop.obj
 0001:0001a49d       ___scrt_unhandled_exception_filter@4 1001b49d f   MSVCRT:utility_desktop.obj
 0001:0001a4de       __crt_debugger_hook        1001b4de f   MSVCRT:utility_desktop.obj
 0001:0001a4e6       __RTC_Initialize           1001b4e6 f   MSVCRT:_initsect_.obj
 0001:0001a511       __RTC_Terminate            1001b511 f   MSVCRT:_initsect_.obj
 0001:0001a53c       @_guard_check_icall@4      1001b53c f i MSVCRT:checkcfg.obj
 0001:0001a550       __SEH_prolog4              1001b550 f   MSVCRT:_sehprolg4_.obj
 0001:0001a596       __SEH_epilog4              1001b596 f   MSVCRT:_sehprolg4_.obj
 0001:0001a5ab       __except_handler4          1001b5ab f   MSVCRT:_chandler4gs_.obj
 0001:0001a5ce       ___raise_securityfailure   1001b5ce f   MSVCRT:gs_report.obj
 0001:0001a5f6       ___report_gsfailure        1001b5f6 f   MSVCRT:gs_report.obj
 0001:0001a6f1       ___report_rangecheckfailure 1001b6f1 f   MSVCRT:gs_report.obj
 0001:0001a6fd       ___report_securityfailure  1001b6fd f   MSVCRT:gs_report.obj
 0001:0001a7cd       ___report_securityfailureEx 1001b7cd f   MSVCRT:gs_report.obj
 0001:0001a8e3       ??0bad_alloc@std@@AAE@QBD@Z 1001b8e3 f i MSVCRT:throw_bad_alloc.obj
 0001:0001a900       ??0bad_alloc@std@@QAE@ABV01@@Z 1001b900 f i MSVCRT:throw_bad_alloc.obj
 0001:0001a91b       ??0bad_alloc@std@@QAE@XZ   1001b91b f i MSVCRT:throw_bad_alloc.obj
 0001:0001a933       ??0bad_array_new_length@std@@QAE@ABV01@@Z 1001b933 f i MSVCRT:throw_bad_alloc.obj
 0001:0001a94e       ??0bad_array_new_length@std@@QAE@XZ 1001b94e f i MSVCRT:throw_bad_alloc.obj
 0001:0001a966       ??0exception@std@@QAE@ABV01@@Z 1001b966 f i MSVCRT:throw_bad_alloc.obj
 0001:0001a992       ??0exception@std@@QAE@QBDH@Z 1001b992 f i MSVCRT:throw_bad_alloc.obj
 0001:0001a9af       ??1bad_alloc@std@@UAE@XZ   1001b9af f i MSVCRT:throw_bad_alloc.obj
 0001:0001a9c0       ??1bad_array_new_length@std@@UAE@XZ 1001b9c0 f i MSVCRT:throw_bad_alloc.obj
 0001:0001a9d1       ??1exception@std@@UAE@XZ   1001b9d1 f i MSVCRT:throw_bad_alloc.obj
 0001:0001a9e2       ??_Ebad_alloc@std@@UAEPAXI@Z 1001b9e2 f i MSVCRT:throw_bad_alloc.obj
 0001:0001a9e2       ??_Gbad_alloc@std@@UAEPAXI@Z 1001b9e2 f i MSVCRT:throw_bad_alloc.obj
 0001:0001aa0f       ??_Gbad_array_new_length@std@@UAEPAXI@Z 1001ba0f f i MSVCRT:throw_bad_alloc.obj
 0001:0001aa0f       ??_Ebad_array_new_length@std@@UAEPAXI@Z 1001ba0f f i MSVCRT:throw_bad_alloc.obj
 0001:0001aa3c       ??_Gexception@std@@UAEPAXI@Z 1001ba3c f i MSVCRT:throw_bad_alloc.obj
 0001:0001aa3c       ??_Eexception@std@@UAEPAXI@Z 1001ba3c f i MSVCRT:throw_bad_alloc.obj
 0001:0001aa69       ?__scrt_throw_std_bad_alloc@@YAXXZ 1001ba69 f   MSVCRT:throw_bad_alloc.obj
 0001:0001aa86       ?__scrt_throw_std_bad_array_new_length@@YAXXZ 1001ba86 f   MSVCRT:throw_bad_alloc.obj
 0001:0001aaa3       ?what@exception@std@@UBEPBDXZ 1001baa3 f i MSVCRT:throw_bad_alloc.obj
 0001:0001aab0       ___isa_available_init      1001bab0 f   MSVCRT:_cpu_disp_.obj
 0001:0001ac4a       __get_startup_argv_mode    1001bc4a f   MSVCRT:argv_mode.obj
 0001:0001ac4e       ___scrt_is_ucrt_dll_in_use 1001bc4e f   MSVCRT:ucrt_detection.obj
 0001:0001ac5a       _strstr                    1001bc5a f   vcruntime:VCRUNTIME140.dll
 0001:0001ac60       _memset                    1001bc60 f   vcruntime:VCRUNTIME140.dll
 0001:0001ac66       ___std_type_info_name      1001bc66 f   vcruntime:VCRUNTIME140.dll
 0001:0001ac6c       _memcpy                    1001bc6c f   vcruntime:VCRUNTIME140.dll
 0001:0001ac72       __purecall                 1001bc72 f   vcruntime:VCRUNTIME140.dll
 0001:0001ac78       ___std_type_info_destroy_list 1001bc78 f   vcruntime:VCRUNTIME140.dll
 0001:0001ac7e       __except_handler4_common   1001bc7e f   vcruntime:VCRUNTIME140.dll
 0001:0001ac84       ___std_exception_copy      1001bc84 f   vcruntime:VCRUNTIME140.dll
 0001:0001ac8a       ___std_exception_destroy   1001bc8a f   vcruntime:VCRUNTIME140.dll
 0001:0001ac90       __CxxThrowException@8      1001bc90 f   vcruntime:VCRUNTIME140.dll
 0001:0001ac96       ___libm_sse2_powf          1001bc96 f   ucrt:api-ms-win-crt-math-l1-1-0.dll
 0001:0001ac9c       __fpclass                  1001bc9c f   ucrt:api-ms-win-crt-math-l1-1-0.dll
 0001:0001aca2       ___acrt_iob_func           1001bca2 f   ucrt:api-ms-win-crt-stdio-l1-1-0.dll
 0001:0001aca8       ___stdio_common_vfprintf   1001bca8 f   ucrt:api-ms-win-crt-stdio-l1-1-0.dll
 0001:0001acae       ___libm_sse2_cos           1001bcae f   ucrt:api-ms-win-crt-math-l1-1-0.dll
 0001:0001acb4       ___libm_sse2_cosf          1001bcb4 f   ucrt:api-ms-win-crt-math-l1-1-0.dll
 0001:0001acba       ___libm_sse2_sinf          1001bcba f   ucrt:api-ms-win-crt-math-l1-1-0.dll
 0001:0001acc0       __except1                  1001bcc0 f   ucrt:api-ms-win-crt-math-l1-1-0.dll
 0001:0001acc6       __initterm                 1001bcc6 f   ucrt:api-ms-win-crt-runtime-l1-1-0.dll
 0001:0001accc       __initterm_e               1001bccc f   ucrt:api-ms-win-crt-runtime-l1-1-0.dll
 0001:0001acd2       __callnewh                 1001bcd2 f   ucrt:api-ms-win-crt-heap-l1-1-0.dll
 0001:0001acd8       _malloc                    1001bcd8 f   ucrt:api-ms-win-crt-heap-l1-1-0.dll
 0001:0001acde       _free                      1001bcde f   ucrt:api-ms-win-crt-heap-l1-1-0.dll
 0001:0001ace4       __seh_filter_dll           1001bce4 f   ucrt:api-ms-win-crt-runtime-l1-1-0.dll
 0001:0001acea       __configure_narrow_argv    1001bcea f   ucrt:api-ms-win-crt-runtime-l1-1-0.dll
 0001:0001acf0       __initialize_narrow_environment 1001bcf0 f   ucrt:api-ms-win-crt-runtime-l1-1-0.dll
 0001:0001acf6       __initialize_onexit_table  1001bcf6 f   ucrt:api-ms-win-crt-runtime-l1-1-0.dll
 0001:0001acfc       __register_onexit_function 1001bcfc f   ucrt:api-ms-win-crt-runtime-l1-1-0.dll
 0001:0001ad02       __execute_onexit_table     1001bd02 f   ucrt:api-ms-win-crt-runtime-l1-1-0.dll
 0001:0001ad08       __crt_atexit               1001bd08 f   ucrt:api-ms-win-crt-runtime-l1-1-0.dll
 0001:0001ad0e       __crt_at_quick_exit        1001bd0e f   ucrt:api-ms-win-crt-runtime-l1-1-0.dll
 0001:0001ad14       __cexit                    1001bd14 f   ucrt:api-ms-win-crt-runtime-l1-1-0.dll
 0001:0001ad1a       _terminate                 1001bd1a f   ucrt:api-ms-win-crt-runtime-l1-1-0.dll
 0001:0001ad20       _RaiseException@16         1001bd20 f   kernel32:KERNEL32.dll
 0001:0001ad26       _GetLastError@0            1001bd26 f   kernel32:KERNEL32.dll
 0001:0001ad2c       _GetSystemInfo@4           1001bd2c f   kernel32:KERNEL32.dll
 0001:0001ad32       _VirtualProtect@16         1001bd32 f   kernel32:KERNEL32.dll
 0001:0001ad38       _VirtualQuery@12           1001bd38 f   kernel32:KERNEL32.dll
 0001:0001ad3e       _FreeLibrary@4             1001bd3e f   kernel32:KERNEL32.dll
 0001:0001ad44       _GetModuleHandleW@4        1001bd44 f   kernel32:KERNEL32.dll
 0001:0001ad4a       _GetProcAddress@8          1001bd4a f   kernel32:KERNEL32.dll
 0001:0001ad50       _LoadLibraryExA@12         1001bd50 f   kernel32:KERNEL32.dll
 0001:0001ad56       _InitializeSListHead@4     1001bd56 f   kernel32:KERNEL32.dll
 0001:0001ad5c       _QueryPerformanceCounter@4 1001bd5c f   kernel32:KERNEL32.dll
 0001:0001ad62       _GetCurrentProcessId@0     1001bd62 f   kernel32:KERNEL32.dll
 0001:0001ad68       _GetCurrentThreadId@0      1001bd68 f   kernel32:KERNEL32.dll
 0001:0001ad6e       _GetSystemTimeAsFileTime@4 1001bd6e f   kernel32:KERNEL32.dll
 0001:0001ad74       _DisableThreadLibraryCalls@4 1001bd74 f   kernel32:KERNEL32.dll
 0001:0001ad7a       _IsDebuggerPresent@0       1001bd7a f   kernel32:KERNEL32.dll
 0001:0001ad80       _UnhandledExceptionFilter@4 1001bd80 f   kernel32:KERNEL32.dll
 0001:0001ad86       _SetUnhandledExceptionFilter@4 1001bd86 f   kernel32:KERNEL32.dll
 0001:0001ad8c       _GetStartupInfoW@4         1001bd8c f   kernel32:KERNEL32.dll
 0001:0001ad92       _IsProcessorFeaturePresent@4 1001bd92 f   kernel32:KERNEL32.dll
 0001:0001ad98       _GetCurrentProcess@0       1001bd98 f   kernel32:KERNEL32.dll
 0001:0001ad9e       _TerminateProcess@8        1001bd9e f   kernel32:KERNEL32.dll
 0001:0001ada4       ___scrt_stub_for_acrt_initialize 1001bda4 f   MSVCRT:ucrt_stubs.obj
 0001:0001ada4       ___vcrt_initialize         1001bda4 f   MSVCRT:ucrt_stubs.obj
 0001:0001ada4       ___acrt_initialize         1001bda4 f   MSVCRT:ucrt_stubs.obj
 0001:0001ada7       ___vcrt_thread_attach      1001bda7 f   MSVCRT:ucrt_stubs.obj
 0001:0001ada7       ___scrt_stub_for_acrt_thread_attach 1001bda7 f   MSVCRT:ucrt_stubs.obj
 0001:0001ada7       ___acrt_thread_attach      1001bda7 f   MSVCRT:ucrt_stubs.obj
 0001:0001adaa       ___vcrt_thread_detach      1001bdaa f   MSVCRT:ucrt_stubs.obj
 0001:0001adaa       ___scrt_stub_for_acrt_thread_detach 1001bdaa f   MSVCRT:ucrt_stubs.obj
 0001:0001adaa       ___acrt_thread_detach      1001bdaa f   MSVCRT:ucrt_stubs.obj
 0001:0001adad       ___acrt_uninitialize       1001bdad f   MSVCRT:ucrt_stubs.obj
 0001:0001adad       ___scrt_stub_for_acrt_uninitialize 1001bdad f   MSVCRT:ucrt_stubs.obj
 0001:0001adad       ___vcrt_uninitialize       1001bdad f   MSVCRT:ucrt_stubs.obj
 0001:0001adb0       ___acrt_uninitialize_critical 1001bdb0 f   MSVCRT:ucrt_stubs.obj
 0001:0001adb0       ___scrt_stub_for_acrt_uninitialize_critical 1001bdb0 f   MSVCRT:ucrt_stubs.obj
 0001:0001adb0       ___vcrt_uninitialize_critical 1001bdb0 f   MSVCRT:ucrt_stubs.obj
 0001:0001adb3       ___scrt_stub_for_is_c_termination_complete 1001bdb3 f   MSVCRT:ucrt_stubs.obj
 0001:0001adb3       __is_c_termination_complete 1001bdb3 f   MSVCRT:ucrt_stubs.obj
 0002:00000000       __imp__GetModuleFileNameA@12 1001c000     kernel32:KERNEL32.dll
 0002:00000004       __imp__LoadLibraryA@4      1001c004     kernel32:KERNEL32.dll
 0002:00000008       __imp__GetCurrentProcess@0 1001c008     kernel32:KERNEL32.dll
 0002:0000000c       __imp__IsProcessorFeaturePresent@4 1001c00c     kernel32:KERNEL32.dll
 0002:00000010       __imp__GetStartupInfoW@4   1001c010     kernel32:KERNEL32.dll
 0002:00000014       __imp__SetUnhandledExceptionFilter@4 1001c014     kernel32:KERNEL32.dll
 0002:00000018       __imp__UnhandledExceptionFilter@4 1001c018     kernel32:KERNEL32.dll
 0002:0000001c       __imp__IsDebuggerPresent@0 1001c01c     kernel32:KERNEL32.dll
 0002:00000020       __imp__DisableThreadLibraryCalls@4 1001c020     kernel32:KERNEL32.dll
 0002:00000024       __imp__GetSystemTimeAsFileTime@4 1001c024     kernel32:KERNEL32.dll
 0002:00000028       __imp__GetCurrentThreadId@0 1001c028     kernel32:KERNEL32.dll
 0002:0000002c       __imp__GetCurrentProcessId@0 1001c02c     kernel32:KERNEL32.dll
 0002:00000030       __imp__QueryPerformanceCounter@4 1001c030     kernel32:KERNEL32.dll
 0002:00000034       __imp__InitializeSListHead@4 1001c034     kernel32:KERNEL32.dll
 0002:00000038       __imp__LoadLibraryExA@12   1001c038     kernel32:KERNEL32.dll
 0002:0000003c       __imp__GetProcAddress@8    1001c03c     kernel32:KERNEL32.dll
 0002:00000040       __imp__GetModuleHandleW@4  1001c040     kernel32:KERNEL32.dll
 0002:00000044       __imp__FreeLibrary@4       1001c044     kernel32:KERNEL32.dll
 0002:00000048       __imp__VirtualQuery@12     1001c048     kernel32:KERNEL32.dll
 0002:0000004c       __imp__VirtualProtect@16   1001c04c     kernel32:KERNEL32.dll
 0002:00000050       __imp__GetSystemInfo@4     1001c050     kernel32:KERNEL32.dll
 0002:00000054       __imp__GetLastError@0      1001c054     kernel32:KERNEL32.dll
 0002:00000058       __imp__RaiseException@16   1001c058     kernel32:KERNEL32.dll
 0002:0000005c       __imp__TerminateProcess@8  1001c05c     kernel32:KERNEL32.dll
 0002:00000060       \177KERNEL32_NULL_THUNK_DATA 1001c060     kernel32:KERNEL32.dll
 0002:00000064       __imp____std_type_info_destroy_list 1001c064     vcruntime:VCRUNTIME140.dll
 0002:00000068       __imp__strstr              1001c068     vcruntime:VCRUNTIME140.dll
 0002:0000006c       __imp__memset              1001c06c     vcruntime:VCRUNTIME140.dll
 0002:00000070       __imp____std_type_info_name 1001c070     vcruntime:VCRUNTIME140.dll
 0002:00000074       __imp__memcpy              1001c074     vcruntime:VCRUNTIME140.dll
 0002:00000078       __imp____std_exception_destroy 1001c078     vcruntime:VCRUNTIME140.dll
 0002:0000007c       __imp___purecall           1001c07c     vcruntime:VCRUNTIME140.dll
 0002:00000080       __imp____std_exception_copy 1001c080     vcruntime:VCRUNTIME140.dll
 0002:00000084       __imp___except_handler4_common 1001c084     vcruntime:VCRUNTIME140.dll
 0002:00000088       __imp___CxxThrowException@8 1001c088     vcruntime:VCRUNTIME140.dll
 0002:0000008c       \177VCRUNTIME140_NULL_THUNK_DATA 1001c08c     vcruntime:VCRUNTIME140.dll
 0002:00000090       __imp__free                1001c090     ucrt:api-ms-win-crt-heap-l1-1-0.dll
 0002:00000094       __imp___callnewh           1001c094     ucrt:api-ms-win-crt-heap-l1-1-0.dll
 0002:00000098       __imp__malloc              1001c098     ucrt:api-ms-win-crt-heap-l1-1-0.dll
 0002:0000009c       \177api-ms-win-crt-heap-l1-1-0_NULL_THUNK_DATA 1001c09c     ucrt:api-ms-win-crt-heap-l1-1-0.dll
 0002:000000a0       __imp____libm_sse2_powf    1001c0a0     ucrt:api-ms-win-crt-math-l1-1-0.dll
 0002:000000a4       __imp___fpclass            1001c0a4     ucrt:api-ms-win-crt-math-l1-1-0.dll
 0002:000000a8       __imp___except1            1001c0a8     ucrt:api-ms-win-crt-math-l1-1-0.dll
 0002:000000ac       __imp____libm_sse2_sinf    1001c0ac     ucrt:api-ms-win-crt-math-l1-1-0.dll
 0002:000000b0       __imp____libm_sse2_cosf    1001c0b0     ucrt:api-ms-win-crt-math-l1-1-0.dll
 0002:000000b4       __imp____libm_sse2_cos     1001c0b4     ucrt:api-ms-win-crt-math-l1-1-0.dll
 0002:000000b8       \177api-ms-win-crt-math-l1-1-0_NULL_THUNK_DATA 1001c0b8     ucrt:api-ms-win-crt-math-l1-1-0.dll
 0002:000000bc       __imp___crt_at_quick_exit  1001c0bc     ucrt:api-ms-win-crt-runtime-l1-1-0.dll
 0002:000000c0       __imp___seh_filter_dll     1001c0c0     ucrt:api-ms-win-crt-runtime-l1-1-0.dll
 0002:000000c4       __imp___initterm           1001c0c4     ucrt:api-ms-win-crt-runtime-l1-1-0.dll
 0002:000000c8       __imp___initterm_e         1001c0c8     ucrt:api-ms-win-crt-runtime-l1-1-0.dll
 0002:000000cc       __imp___configure_narrow_argv 1001c0cc     ucrt:api-ms-win-crt-runtime-l1-1-0.dll
 0002:000000d0       __imp__terminate           1001c0d0     ucrt:api-ms-win-crt-runtime-l1-1-0.dll
 0002:000000d4       __imp___cexit              1001c0d4     ucrt:api-ms-win-crt-runtime-l1-1-0.dll
 0002:000000d8       __imp___register_onexit_function 1001c0d8     ucrt:api-ms-win-crt-runtime-l1-1-0.dll
 0002:000000dc       __imp___crt_atexit         1001c0dc     ucrt:api-ms-win-crt-runtime-l1-1-0.dll
 0002:000000e0       __imp___execute_onexit_table 1001c0e0     ucrt:api-ms-win-crt-runtime-l1-1-0.dll
 0002:000000e4       __imp___initialize_onexit_table 1001c0e4     ucrt:api-ms-win-crt-runtime-l1-1-0.dll
 0002:000000e8       __imp___initialize_narrow_environment 1001c0e8     ucrt:api-ms-win-crt-runtime-l1-1-0.dll
 0002:000000ec       \177api-ms-win-crt-runtime-l1-1-0_NULL_THUNK_DATA 1001c0ec     ucrt:api-ms-win-crt-runtime-l1-1-0.dll
 0002:000000f0       __imp____acrt_iob_func     1001c0f0     ucrt:api-ms-win-crt-stdio-l1-1-0.dll
 0002:000000f4       __imp____stdio_common_vfprintf 1001c0f4     ucrt:api-ms-win-crt-stdio-l1-1-0.dll
 0002:000000f8       \177api-ms-win-crt-stdio-l1-1-0_NULL_THUNK_DATA 1001c0f8     ucrt:api-ms-win-crt-stdio-l1-1-0.dll
 0002:000000fc       ___guard_check_icall_fptr  1001c0fc     MSVCRT:guard_support.obj
 0002:00000100       ___xc_a                    1001c100     MSVCRT:initializers.obj
 0002:0000014c       ___xc_z                    1001c14c     MSVCRT:initializers.obj
 0002:00000150       ___xi_a                    1001c150     MSVCRT:initializers.obj
 0002:00000154       ___xi_z                    1001c154     MSVCRT:initializers.obj
 0002:00000158       ___xp_a                    1001c158     MSVCRT:initializers.obj
 0002:0000015c       ___xp_z                    1001c15c     MSVCRT:initializers.obj
 0002:00000160       ___xt_a                    1001c160     MSVCRT:initializers.obj
 0002:00000164       ___xt_z                    1001c164     MSVCRT:initializers.obj
 0002:00000170       ___pfnDliNotifyHook2       1001c170     WindowsCookingDelayLoadHook.obj
 0002:00000174       ??_C@_0BK@KKGDMEEI@PhysX3CommonDEBUG_x64?4dll?$AA@ 1001c174     WindowsCookingDelayLoadHook.obj
 0002:00000190       ??_C@_0BM@FGKCIMCL@PhysX3CommonCHECKED_x64?4dll?$AA@ 1001c190     WindowsCookingDelayLoadHook.obj
 0002:000001ac       ??_C@_0BM@NIMEGLC@PhysX3CommonPROFILE_x64?4dll?$AA@ 1001c1ac     WindowsCookingDelayLoadHook.obj
 0002:000001c8       ??_C@_0BF@HEEMOJKO@PhysX3Common_x64?4dll?$AA@ 1001c1c8     WindowsCookingDelayLoadHook.obj
 0002:000001e0       ??_C@_0BK@LHJEBOBO@PhysX3CommonDEBUG_x86?4dll?$AA@ 1001c1e0     WindowsCookingDelayLoadHook.obj
 0002:000001fc       ??_C@_0BM@ELFFFGHN@PhysX3CommonCHECKED_x86?4dll?$AA@ 1001c1fc     WindowsCookingDelayLoadHook.obj
 0002:00000218       ??_C@_0BM@BAHLJMOE@PhysX3CommonPROFILE_x86?4dll?$AA@ 1001c218     WindowsCookingDelayLoadHook.obj
 0002:00000234       ??_C@_0BF@GJLLDDPI@PhysX3Common_x86?4dll?$AA@ 1001c234     WindowsCookingDelayLoadHook.obj
 0002:0000024c       ??_C@_0BK@FCFCOGBN@PhysX3CommonDEBUG_arm?4dll?$AA@ 1001c24c     WindowsCookingDelayLoadHook.obj
 0002:00000268       ??_C@_0BM@KOJDKOHO@PhysX3CommonCHECKED_arm?4dll?$AA@ 1001c268     WindowsCookingDelayLoadHook.obj
 0002:00000284       ??_C@_0BM@PFLNGEOH@PhysX3CommonPROFILE_arm?4dll?$AA@ 1001c284     WindowsCookingDelayLoadHook.obj
 0002:000002a0       ??_C@_0BF@IMHNMLPL@PhysX3Common_arm?4dll?$AA@ 1001c2a0     WindowsCookingDelayLoadHook.obj
 0002:000002b8       ??_C@_08NNMANNNO@_x64?4dll?$AA@ 1001c2b8     WindowsCookingDelayLoadHook.obj
 0002:000002c4       ??_C@_0O@LLBCKODF@DEBUG_x64?4dll?$AA@ 1001c2c4     WindowsCookingDelayLoadHook.obj
 0002:000002d4       ??_C@_0BA@GBFEBCKH@CHECKED_x64?4dll?$AA@ 1001c2d4     WindowsCookingDelayLoadHook.obj
 0002:000002e4       ??_C@_0BA@DKHKNIDO@PROFILE_x64?4dll?$AA@ 1001c2e4     WindowsCookingDelayLoadHook.obj
 0002:000002f4       ??_C@_08MADHAHII@_x86?4dll?$AA@ 1001c2f4     WindowsCookingDelayLoadHook.obj
 0002:00000300       ??_C@_0O@KGOFHEGD@DEBUG_x86?4dll?$AA@ 1001c300     WindowsCookingDelayLoadHook.obj
 0002:00000310       ??_C@_0BA@HMKDMIPB@CHECKED_x86?4dll?$AA@ 1001c310     WindowsCookingDelayLoadHook.obj
 0002:00000320       ??_C@_0BA@CHINACGI@PROFILE_x86?4dll?$AA@ 1001c320     WindowsCookingDelayLoadHook.obj
 0002:00000330       ?g_PXSinCoefficients0@aos@shdfnd@physx@@3UPX_VECTORF32@123@B 1001c330     RTreeCooking.obj
 0002:00000340       ?g_PXSinCoefficients1@aos@shdfnd@physx@@3UPX_VECTORF32@123@B 1001c340     RTreeCooking.obj
 0002:00000350       ?g_PXSinCoefficients2@aos@shdfnd@physx@@3UPX_VECTORF32@123@B 1001c350     RTreeCooking.obj
 0002:00000360       ?g_PXCosCoefficients0@aos@shdfnd@physx@@3UPX_VECTORF32@123@B 1001c360     RTreeCooking.obj
 0002:00000370       ?g_PXCosCoefficients1@aos@shdfnd@physx@@3UPX_VECTORF32@123@B 1001c370     RTreeCooking.obj
 0002:00000380       ?g_PXCosCoefficients2@aos@shdfnd@physx@@3UPX_VECTORF32@123@B 1001c380     RTreeCooking.obj
 0002:00000390       ?reductionFactors@SubSortQuick@physx@@2QBMB 1001c390     RTreeCooking.obj
 0002:0000039c       ?stopAtTrisPerLeaf1@SubSortQuick@physx@@2QBIB 1001c39c     RTreeCooking.obj
 0002:00000450       ?g_PXTanCoefficients0@aos@shdfnd@physx@@3UPX_VECTORF32@123@B 1001c450     RTreeCooking.obj
 0002:00000460       ?g_PXTanCoefficients1@aos@shdfnd@physx@@3UPX_VECTORF32@123@B 1001c460     RTreeCooking.obj
 0002:00000470       ?g_PXTanCoefficients2@aos@shdfnd@physx@@3UPX_VECTORF32@123@B 1001c470     RTreeCooking.obj
 0002:00000480       ?g_PXASinCoefficients0@aos@shdfnd@physx@@3UPX_VECTORF32@123@B 1001c480     RTreeCooking.obj
 0002:00000490       ?g_PXASinCoefficients1@aos@shdfnd@physx@@3UPX_VECTORF32@123@B 1001c490     RTreeCooking.obj
 0002:000004a0       ?g_PXASinCoefficients2@aos@shdfnd@physx@@3UPX_VECTORF32@123@B 1001c4a0     RTreeCooking.obj
 0002:000004b0       ?g_PXATanCoefficients0@aos@shdfnd@physx@@3UPX_VECTORF32@123@B 1001c4b0     RTreeCooking.obj
 0002:000004c0       ?g_PXATanCoefficients1@aos@shdfnd@physx@@3UPX_VECTORF32@123@B 1001c4c0     RTreeCooking.obj
 0002:000004d0       ?g_PXATanCoefficients2@aos@shdfnd@physx@@3UPX_VECTORF32@123@B 1001c4d0     RTreeCooking.obj
 0002:000004e0       ?g_PXSinEstCoefficients@aos@shdfnd@physx@@3UPX_VECTORF32@123@B 1001c4e0     RTreeCooking.obj
 0002:000004f0       ?g_PXCosEstCoefficients@aos@shdfnd@physx@@3UPX_VECTORF32@123@B 1001c4f0     RTreeCooking.obj
 0002:00000500       ?g_PXTanEstCoefficients@aos@shdfnd@physx@@3UPX_VECTORF32@123@B 1001c500     RTreeCooking.obj
[...]
 0001:000000a0       ??__EmaxFError@_VecMathTests@aos@shdfnd@physx@@YAXXZ 100010a0 f   TriangleMeshBuilder.obj
 0001:000000c0       ??__EmaxV3Error@_VecMathTests@aos@shdfnd@physx@@YAXXZ 100010c0 f   TriangleMeshBuilder.obj
 0001:000000d0       ??__EmaxV4Error@_VecMathTests@aos@shdfnd@physx@@YAXXZ 100010d0 f   TriangleMeshBuilder.obj
 0001:000000f0       ??__EminFError@_VecMathTests@aos@shdfnd@physx@@YAXXZ 100010f0 f   TriangleMeshBuilder.obj
 0001:00000110       ??__EminV3Error@_VecMathTests@aos@shdfnd@physx@@YAXXZ 10001110 f   TriangleMeshBuilder.obj
 0001:00000120       ??__EminV4Error@_VecMathTests@aos@shdfnd@physx@@YAXXZ 10001120 f   TriangleMeshBuilder.obj
 0001:00000140       ??__EmaxFError@_VecMathTests@aos@shdfnd@physx@@YAXXZ 10001140 f   ConvexMeshBuilder.obj
 0001:00000160       ??__EmaxV3Error@_VecMathTests@aos@shdfnd@physx@@YAXXZ 10001160 f   ConvexMeshBuilder.obj
 0001:00000170       ??__EmaxV4Error@_VecMathTests@aos@shdfnd@physx@@YAXXZ 10001170 f   ConvexMeshBuilder.obj
 0001:00000190       ??__EminFError@_VecMathTests@aos@shdfnd@physx@@YAXXZ 10001190 f   ConvexMeshBuilder.obj
 0001:000001b0       ??__EminV3Error@_VecMathTests@aos@shdfnd@physx@@YAXXZ 100011b0 f   ConvexMeshBuilder.obj
 0001:000001c0       ??__EminV4Error@_VecMathTests@aos@shdfnd@physx@@YAXXZ 100011c0 f   ConvexMeshBuilder.obj
 0001:00000220       $LN13                      10001220     WindowsCookingDelayLoadHook.obj
 0001:00001790       ?buildFromBounds@physx@@YAXAAURTree@Gu@1@PBUPxBounds3V@1@IAAV?$Array@IV?$ReflectionAllocator@I@shdfnd@physx@@@shdfnd@1@PAURemapCallback@RTreeCooker@1@AAT__m128@@4MW4Enum@PxMeshCookingHint@1@@Z 10002790 f   RTreeCooking.obj
 0001:00004238       $LN69                      10005238     BigConvexDataBuilder.obj
 0001:00006ea0       ?CheckFloodFill@Local@?7??ExtractHullPolygons@@YA_NAAIAAVContainer@Gu@physx@@ABVConvexHullBuilder@5@PAV345@1@Z@SA_N1PAVAdjTriangle@5@PA_NPBI@Z 10007ea0 f   ConvexHullBuilder.obj
 0001:00006ff0       ?CheckFloodFillFace@Local@?7??ExtractHullPolygons@@YA_NAAIAAVContainer@Gu@physx@@ABVConvexHullBuilder@5@PAV345@1@Z@SA_NIPBVAdjTriangle@5@PBI@Z 10007ff0 f   ConvexHullBuilder.obj
 0001:00007160       ?CheckRedundantVertices@@YAXAAIAAVContainer@Gu@physx@@ABVConvexHullBuilder@3@11@Z 10008160 f   ConvexHullBuilder.obj
 0001:000075a0       ?ExtractHullPolygons@@YA_NAAIAAVContainer@Gu@physx@@ABVConvexHullBuilder@3@PAV123@1@Z 100085a0 f   ConvexHullBuilder.obj
 0001:00007b80       ?FloodFill@Local@?7??ExtractHullPolygons@@YA_NAAIAAVContainer@Gu@physx@@ABVConvexHullBuilder@5@PAV345@1@Z@SAX1PBVAdjTriangle@5@IPA_N@Z 10008b80 f   ConvexHullBuilder.obj
 0001:00007c20       ?GetNeighborFace@Local@?7??ExtractHullPolygons@@YA_NAAIAAVContainer@Gu@physx@@ABVConvexHullBuilder@5@PAV345@1@Z@SA_NIIPBVAdjTriangle@5@PBI00@Z 10008c20 f   ConvexHullBuilder.obj
 0001:00007d50       ?TestDuplicateTriangles@@YA_NAAIPAU?$TriangleT@I@Gu@physx@@_N@Z 10008d50 f   ConvexHullBuilder.obj
 0001:00007e50       ?TestUnifiedNormals@@YA_NIPBVPxVec3@physx@@IPAU?$TriangleT@I@Gu@2@_N@Z 10008e50 f   ConvexHullBuilder.obj
 0001:00008290       ?cleanMesh@@YA_NAAI0PAVPxVec3@physx@@PAU?$TriangleT@I@Gu@2@@Z 10009290 f   ConvexHullBuilder.obj
 0001:00008340       ?computeNewellPlane@@YA_NAAVPxPlane@physx@@IPBEPBVPxVec3@2@@Z 10009340 f   ConvexHullBuilder.obj
 0001:00008540       ?findLineStrip@@YA_NAAVContainer@Gu@physx@@ABV123@@Z 10009540 f   ConvexHullBuilder.obj
 0001:00008840       $LN21                      10009840     ConvexMeshBuilder.obj
 0001:00009500       ?ComputeAABBNoTransform@@YAXAAVPxVec3@physx@@0IPBV12@@Z 1000a500 f   ConvexMeshBuilder.obj
 0001:000095d0       ?TestContainment@@YA_NABVPxVec3@physx@@QBMIPBUHullPolygonData@Gu@2@@Z 1000a5d0 f   ConvexMeshBuilder.obj
 0001:0000de70       ?AddConvexTriangle@physx@@YAXPAVConvexHullTriangleInterface@1@PBM11@Z 1000ee70 f   hulllib.obj
 0001:0000e0a0       ?AssertIntact@physx@@YAHAAVConvexH@1@@Z 1000f0a0 f   hulllib.obj
 0001:0000e360       ?BringOutYourDead@physx@@YAXPBMIPAMAAIPAII@Z 1000f360 f   hulllib.obj
 0001:0000e480       ?CleanupVertices@physx@@YA_NIPBMIAAIPAMM2@Z 1000f480 f   hulllib.obj
 0001:0000eb80       ?ConvexHCrop@physx@@YAPAVConvexH@1@AAV21@ABVPlane@1@@Z 1000fb80 f   hulllib.obj
 0001:0000f690       ?ConvexHDup@physx@@YAPAVConvexH@1@PAV21@@Z 10010690 f   hulllib.obj
 0001:0000f740       ?ConvexHMakeCube@physx@@YAPAVConvexH@1@ABVfloat3@1@0@Z 10010740 f   hulllib.obj
 0001:0000f9a0       ?FindSimplex@physx@@YA?AVint4@1@PAVfloat3@1@HAAV?$Array@H@hullLibArray@1@ABV31@@Z 100109a0 f   hulllib.obj
 0001:0000fff0       ?Inverse@physx@@YA?AVfloat3x3@1@ABV21@@Z 10010ff0 f   hulllib.obj
 0001:000101e0       ?ThreePlaneIntersection@physx@@YA?AVfloat3@1@ABVPlane@1@00@Z 100111e0 f   hulllib.obj
 0001:00010610       ?candidateplane@physx@@YAHPAVPlane@1@HPAVConvexH@1@M@Z 10011610 f   hulllib.obj
 0001:00010810       ?hasVolume@physx@@YA_NPAVfloat3@1@HHHH@Z 10011810 f   hulllib.obj
 0001:000109b0       ?normalize@physx@@YA?AVfloat3@1@ABV21@@Z 100119b0 f   hulllib.obj
 0001:00010a40       ?overhull@physx@@YA?AW4HullError@1@PAVPlane@1@HPAVfloat3@1@HHAAPAV41@AAHAAPAH3M@Z 10011a40 f   hulllib.obj
 0001:00010ed0       ?test_cube@physx@@YAPAVConvexH@1@XZ 10011ed0 f   hulllib.obj
 0001:00011410       ?computeCOMInertiaTensor@VolumeIntegrator@?A0x59672f32@physx@@AAEXPAN@Z 10012410 f   VolumeIntegration.obj
 0001:00011670       ?computeFaceIntegrals@VolumeIntegrator@?A0x59672f32@physx@@AAEXABUFace@123@@Z 10012670 f   VolumeIntegration.obj
 0001:00011980       ?computeProjectionIntegrals@VolumeIntegrator@?A0x59672f32@physx@@AAEXABUFace@123@@Z 10012980 f   VolumeIntegration.obj
 0001:00011df0       ?computeVolumeIntegrals@VolumeIntegrator@?A0x59672f32@physx@@QAE_NAAUPxIntegrals@3@@Z 10012df0 f   VolumeIntegration.obj
 0001:00012380       ?computeVolumeIntegrals@VolumeIntegratorEberly@?A0x59672f32@physx@@QAE_NAAUPxIntegrals@3@ABVPxVec3@3@@Z 10013380 f   VolumeIntegration.obj
 0001:00013aa0       ?AddTriangle@@YAXIIIIPAVAdjTriangle@physx@@AAIPAVAdjEdge@@@Z 10014aa0 f   Adjacencies.obj
 0001:00013b80       ?CreateDatabase@@YA_NPAVAdjTriangle@physx@@IPBVAdjEdge@@ABUADJACENCIESCREATE@2@@Z 10014b80 f   Adjacencies.obj
 0001:00013d40       ?UpdateLink@@YA_NIIIIPAVAdjTriangle@physx@@ABUADJACENCIESCREATE@2@@Z 10014d40 f   Adjacencies.obj
 0001:00013ee0       ?_WalkFace@Local@?1??Walk2@Adjacencies@physx@@QAE_NP6AXABUCommonWalkParams@4@IIII@ZPAXPBVPxVec3@4@PBU?$TriangleT@I@Gu@4@@Z@SAXAAUPrivateWalkParams@?1??234@QAE_N1234@Z@IIII@Z 10014ee0 f   Adjacencies.obj
 0001:000142b0       ?_WalkFace@Local@?1??Walk@Adjacencies@physx@@QAE_NP6AXABUCommonWalkParams@4@IIII@ZPAX@Z@SAXAAUPrivateWalkParams@?1??234@QAE_N12@Z@IIII@Z 100152b0 f   Adjacencies.obj
 0001:000144e8       $LN14                      100154e8     Cooking.obj
 0001:0001910a       ?FLoadedAtPreferredAddress@@YG_NPAU_IMAGE_NT_HEADERS@@PAUHINSTANCE__@@@Z 1001a10a f   delayimp:delayhlp.obj
 0001:00019131       ?OverlayIAT@@YGXPAU_IMAGE_THUNK_DATA32@@PBU1@@Z 1001a131 f   delayimp:delayhlp.obj
 0001:00019167       ?PiddFromDllName@@YGPBUImgDelayDescr@@PBD@Z 1001a167 f   delayimp:delayhlp.obj
 0001:000191ee       ?PinhFromImageBase@@YGPAU_IMAGE_NT_HEADERS@@PAUHINSTANCE__@@@Z 1001a1ee f   delayimp:delayhlp.obj
 0001:000191ff       ?TimeStampOfImage@@YGKPAU_IMAGE_NT_HEADERS@@@Z 1001a1ff f   delayimp:delayhlp.obj
 0001:0001920e       ?__memcmp@@YGHPBX0I@Z      1001a20e f   delayimp:delayhlp.obj
 0001:00019241       ?__memcpy@@YGPAXPAXPBXI@Z  1001a241 f   delayimp:delayhlp.obj
 0001:0001926a       ?__strlen@@YGIPBD@Z        1001a26a f   delayimp:delayhlp.obj
 0001:00019670       $$000000                   1001a670     MSVCRT:alloca16.obj
 0001:000196a0       $$000000                   1001a6a0     MSVCRT:_ftol3_.obj
 0001:00019a70       $$000000                   1001aa70     MSVCRT:chkstk.obj
 0001:00019a9d       ?dllmain_crt_dispatch@@YGHQAUHINSTANCE__@@KQAX@Z 1001aa9d f   MSVCRT:dll_dllmain.obj
 0001:00019af0       ?dllmain_crt_process_attach@@YAHQAUHINSTANCE__@@QAX@Z 1001aaf0 f   MSVCRT:dll_dllmain.obj
 0001:00019c02       ?dllmain_crt_process_detach@@YAH_N@Z 1001ac02 f   MSVCRT:dll_dllmain.obj
 0001:00019c7f       ?dllmain_dispatch@@YAHQAUHINSTANCE__@@KQAX@Z 1001ac7f f   MSVCRT:dll_dllmain.obj
 0001:00019d7b       ?dllmain_raw@@YGHQAUHINSTANCE__@@KQAX@Z 1001ad7b f   MSVCRT:dll_dllmain.obj
 0001:00019e78       ?find_pe_section@@YAPAU_IMAGE_SECTION_HEADER@@QAEI@Z 1001ae78 f   MSVCRT:utility.obj
 0001:00019ebc       ?is_potentially_valid_image_base@@YA_NQAX@Z 1001aebc f   MSVCRT:utility.obj
 0001:0001a550       $$000000                   1001b550     MSVCRT:_sehprolg4_.obj
 0002:00000104       ?minFError$initializer$@_VecMathTests@aos@shdfnd@physx@@3P6AXXZA 1001c104     RTreeCooking.obj
 0002:00000108       ?maxFError$initializer$@_VecMathTests@aos@shdfnd@physx@@3P6AXXZA 1001c108     RTreeCooking.obj
 0002:0000010c       ?minV3Error$initializer$@_VecMathTests@aos@shdfnd@physx@@3P6AXXZA 1001c10c     RTreeCooking.obj
 0002:00000110       ?maxV3Error$initializer$@_VecMathTests@aos@shdfnd@physx@@3P6AXXZA 1001c110     RTreeCooking.obj
 0002:00000114       ?minV4Error$initializer$@_VecMathTests@aos@shdfnd@physx@@3P6AXXZA 1001c114     RTreeCooking.obj
 0002:00000118       ?maxV4Error$initializer$@_VecMathTests@aos@shdfnd@physx@@3P6AXXZA 1001c118     RTreeCooking.obj
 0002:0000011c       ?minFError$initializer$@_VecMathTests@aos@shdfnd@physx@@3P6AXXZA 1001c11c     TriangleMeshBuilder.obj
 0002:00000120       ?maxFError$initializer$@_VecMathTests@aos@shdfnd@physx@@3P6AXXZA 1001c120     TriangleMeshBuilder.obj
 0002:00000124       ?minV3Error$initializer$@_VecMathTests@aos@shdfnd@physx@@3P6AXXZA 1001c124     TriangleMeshBuilder.obj
 0002:00000128       ?maxV3Error$initializer$@_VecMathTests@aos@shdfnd@physx@@3P6AXXZA 1001c128     TriangleMeshBuilder.obj
 0002:0000012c       ?minV4Error$initializer$@_VecMathTests@aos@shdfnd@physx@@3P6AXXZA 1001c12c     TriangleMeshBuilder.obj
 0002:00000130       ?maxV4Error$initializer$@_VecMathTests@aos@shdfnd@physx@@3P6AXXZA 1001c130     TriangleMeshBuilder.obj
 0002:00000134       ?minFError$initializer$@_VecMathTests@aos@shdfnd@physx@@3P6AXXZA 1001c134     ConvexMeshBuilder.obj
 0002:00000138       ?maxFError$initializer$@_VecMathTests@aos@shdfnd@physx@@3P6AXXZA 1001c138     ConvexMeshBuilder.obj
 0002:0000013c       ?minV3Error$initializer$@_VecMathTests@aos@shdfnd@physx@@3P6AXXZA 1001c13c     ConvexMeshBuilder.obj
 0002:00000140       ?maxV3Error$initializer$@_VecMathTests@aos@shdfnd@physx@@3P6AXXZA 1001c140     ConvexMeshBuilder.obj
 0002:00000144       ?minV4Error$initializer$@_VecMathTests@aos@shdfnd@physx@@3P6AXXZA 1001c144     ConvexMeshBuilder.obj
 0002:00000148       ?maxV4Error$initializer$@_VecMathTests@aos@shdfnd@physx@@3P6AXXZA 1001c148     ConvexMeshBuilder.obj
 0002:000003c0       ?gMaskXYZ@internalWindowsSimd@aos@shdfnd@physx@@3QBIB 1001c3c0     RTreeCooking.obj
 0002:000003d0       ?stopAtTrisPerPage@physx@@3QBIB 1001c3d0     RTreeCooking.obj
 0002:0000040c       ?stopAtTrisPerLeaf@physx@@3QBIB 1001c40c     RTreeCooking.obj
 0002:00000760       ?gMaskXYZ@internalWindowsSimd@aos@shdfnd@physx@@3QBIB 1001c760     TriangleMeshBuilder.obj
 0002:00000bd0       ?gMaskXYZ@internalWindowsSimd@aos@shdfnd@physx@@3QBIB 1001cbd0     ConvexMeshBuilder.obj
 0002:00001880       _Int32ToUInt32             1001d880     MSVCRT:_ftol3_.obj
 0002:00001888       _DP2to32                   1001d888     MSVCRT:_ftol3_.obj
 0002:00001890       _MantissaMask              1001d890     MSVCRT:_ftol3_.obj
 0002:00001898       _IntegerBit                1001d898     MSVCRT:_ftol3_.obj
 0002:000018a0       _SignBit64                 1001d8a0     MSVCRT:_ftol3_.obj
 0002:000018a8       _MinFP64                   1001d8a8     MSVCRT:_ftol3_.obj
 0002:000018b0       _MinInt64                  1001d8b0     MSVCRT:_ftol3_.obj
 0002:000018b8       _MaxInt64                  1001d8b8     MSVCRT:_ftol3_.obj
 0002:000018c0       _MaxUInt64                 1001d8c0     MSVCRT:_ftol3_.obj
 0002:000018c8       _MaxFP32                   1001d8c8     MSVCRT:_ftol3_.obj
 0002:000018d0       _MinFP32                   1001d8d0     MSVCRT:_ftol3_.obj
 0002:000018d8       _MinSubInexact             1001d8d8     MSVCRT:_ftol3_.obj
 0002:000018e0       _FpExcptTable              1001d8e0     MSVCRT:_ftol3_.obj
 0002:000018f0       _i1075                     1001d8f0     MSVCRT:_ftol3_.obj
 0002:000018f4       _i1087                     1001d8f4     MSVCRT:_ftol3_.obj
 0002:000018f8       _x0800                     1001d8f8     MSVCRT:_ftol3_.obj
 0002:000018fc       _x17FF                     1001d8fc     MSVCRT:_ftol3_.obj
 0002:00001900       _CWMask                    1001d900     MSVCRT:_ftol3_.obj
 0002:0000196c       _GS_ExceptionPointers      1001d96c     MSVCRT:gs_report.obj
 0002:00001ef8       __sehtable$?dllmain_crt_process_attach@@YAHQAUHINSTANCE__@@QAX@Z 1001def8     MSVCRT:dll_dllmain.obj
 0002:00001f18       __sehtable$?dllmain_crt_process_detach@@YAH_N@Z 1001df18     MSVCRT:dll_dllmain.obj
 0002:00001f38       __sehtable$?dllmain_dispatch@@YAHQAUHINSTANCE__@@KQAX@Z 1001df38     MSVCRT:dll_dllmain.obj
 0002:00001f58       __sehtable$___scrt_is_nonwritable_in_current_image 1001df58     MSVCRT:utility.obj
 0002:000032c0       .edata                     1001f2c0     PhysX3Cooking_x86.exp
 0002:000032e8       rgpv                       1001f2e8     PhysX3Cooking_x86.exp
 0002:000032f0       rgszName                   1001f2f0     PhysX3Cooking_x86.exp
 0002:000032f8       rgwOrd                     1001f2f8     PhysX3Cooking_x86.exp
 0002:000032fc       szName                     1001f2fc     PhysX3Cooking_x86.exp
 0002:00003312       $N00001                    1001f312     PhysX3Cooking_x86.exp
 0002:00003322       $N00002                    1001f322     PhysX3Cooking_x86.exp
 0002:000034f2       .idata$6                   1001f4f2     kernel32:KERNEL32.dll
 0002:000035c4       .idata$6                   1001f5c4     vcruntime:VCRUNTIME140.dll
 0002:00003778       .idata$6                   1001f778     ucrt:api-ms-win-crt-math-l1-1-0.dll
 0002:00003798       .idata$6                   1001f798     ucrt:api-ms-win-crt-stdio-l1-1-0.dll
 0002:000037b8       .idata$6                   1001f7b8     ucrt:api-ms-win-crt-runtime-l1-1-0.dll
 0002:000037da       .idata$6                   1001f7da     ucrt:api-ms-win-crt-heap-l1-1-0.dll
 0003:00000000       ?physXCommonDebugx64@shdfnd@physx@@3PBDB 10020000     WindowsCookingDelayLoadHook.obj
 0003:00000004       ?physXCommonCheckedx64@shdfnd@physx@@3PBDB 10020004     WindowsCookingDelayLoadHook.obj
 0003:00000008       ?physXCommonProfilex64@shdfnd@physx@@3PBDB 10020008     WindowsCookingDelayLoadHook.obj
 0003:0000000c       ?physXCommonReleasex64@shdfnd@physx@@3PBDB 1002000c     WindowsCookingDelayLoadHook.obj
 0003:00000010       ?physXCommonDebugx86@shdfnd@physx@@3PBDB 10020010     WindowsCookingDelayLoadHook.obj
 0003:00000014       ?physXCommonCheckedx86@shdfnd@physx@@3PBDB 10020014     WindowsCookingDelayLoadHook.obj
 0003:00000018       ?physXCommonProfilex86@shdfnd@physx@@3PBDB 10020018     WindowsCookingDelayLoadHook.obj
 0003:0000001c       ?physXCommonReleasex86@shdfnd@physx@@3PBDB 1002001c     WindowsCookingDelayLoadHook.obj
 0003:00000020       ?physXCommonDebugARM@shdfnd@physx@@3PBDB 10020020     WindowsCookingDelayLoadHook.obj
 0003:00000024       ?physXCommonCheckedARM@shdfnd@physx@@3PBDB 10020024     WindowsCookingDelayLoadHook.obj
 0003:00000028       ?physXCommonProfileARM@shdfnd@physx@@3PBDB 10020028     WindowsCookingDelayLoadHook.obj
 0003:0000002c       ?physXCommonReleaseARM@shdfnd@physx@@3PBDB 1002002c     WindowsCookingDelayLoadHook.obj
 0003:00000034       ?er@?1??neib@Tri@physx@@QAEAAHHH@Z@4HA 10020034     hulllib.obj
 0003:000004c0       ?gDelayLoadHook@@3PBVPxDelayLoadHook@physx@@B 100204c0     WindowsCookingDelayLoadHook.obj
 0003:000004d0       ?maxV3Error@_VecMathTests@aos@shdfnd@physx@@3T__m128@@B 100204d0     RTreeCooking.obj
 0003:000004e0       ?minFError@_VecMathTests@aos@shdfnd@physx@@3T__m128@@B 100204e0     RTreeCooking.obj
 0003:000004f0       ?maxV4Error@_VecMathTests@aos@shdfnd@physx@@3T__m128@@B 100204f0     RTreeCooking.obj
 0003:00000500       ?minV4Error@_VecMathTests@aos@shdfnd@physx@@3T__m128@@B 10020500     RTreeCooking.obj
 0003:00000510       ?minV3Error@_VecMathTests@aos@shdfnd@physx@@3T__m128@@B 10020510     RTreeCooking.obj
 0003:00000520       ?maxFError@_VecMathTests@aos@shdfnd@physx@@3T__m128@@B 10020520     RTreeCooking.obj
 0003:00000530       ?maxV3Error@_VecMathTests@aos@shdfnd@physx@@3T__m128@@B 10020530     TriangleMeshBuilder.obj
 0003:00000540       ?minFError@_VecMathTests@aos@shdfnd@physx@@3T__m128@@B 10020540     TriangleMeshBuilder.obj
 0003:00000550       ?maxV4Error@_VecMathTests@aos@shdfnd@physx@@3T__m128@@B 10020550     TriangleMeshBuilder.obj
 0003:00000560       ?minV4Error@_VecMathTests@aos@shdfnd@physx@@3T__m128@@B 10020560     TriangleMeshBuilder.obj
 0003:00000570       ?minV3Error@_VecMathTests@aos@shdfnd@physx@@3T__m128@@B 10020570     TriangleMeshBuilder.obj
 0003:00000580       ?maxFError@_VecMathTests@aos@shdfnd@physx@@3T__m128@@B 10020580     TriangleMeshBuilder.obj
 0003:00000590       ?maxV3Error@_VecMathTests@aos@shdfnd@physx@@3T__m128@@B 10020590     ConvexMeshBuilder.obj
 0003:000005a0       ?minFError@_VecMathTests@aos@shdfnd@physx@@3T__m128@@B 100205a0     ConvexMeshBuilder.obj
 0003:000005b0       ?maxV4Error@_VecMathTests@aos@shdfnd@physx@@3T__m128@@B 100205b0     ConvexMeshBuilder.obj
 0003:000005c0       ?minV4Error@_VecMathTests@aos@shdfnd@physx@@3T__m128@@B 100205c0     ConvexMeshBuilder.obj
 0003:000005d0       ?minV3Error@_VecMathTests@aos@shdfnd@physx@@3T__m128@@B 100205d0     ConvexMeshBuilder.obj
 0003:000005e0       ?maxFError@_VecMathTests@aos@shdfnd@physx@@3T__m128@@B 100205e0     ConvexMeshBuilder.obj
 0003:00000620       ?__proc_attached@@3HA      10020620     MSVCRT:dll_dllmain.obj
 0003:0000062c       ?module_local_atexit_table@@3U_onexit_table_t@@A 1002062c     MSVCRT:utility.obj
 0003:00000638       ?module_local_at_quick_exit_table@@3U_onexit_table_t@@A 10020638     MSVCRT:utility.obj
 0003:00000644       ?is_initialized_as_dll@@3_NA 10020644     MSVCRT:utility.obj
 0003:00000658       _GS_ExceptionRecord        10020658     MSVCRT:gs_report.obj
 0003:000006a8       _GS_ContextRecord          100206a8     MSVCRT:gs_report.obj
 0004:00000000       __guard_fids__             10021000     MSVCRT:std_type_info_static.obj
 0004:00000004       __guard_fids_?dllmain_crt_process_attach@@YAHQAUHINSTANCE__@@QAX@Z 10021004     MSVCRT:dll_dllmain.obj
 0004:0000000c       __guard_fids_?dllmain_dispatch@@YAHQAUHINSTANCE__@@KQAX@Z 1002100c     MSVCRT:dll_dllmain.obj
 0004:00000010       __guard_fids__             10021010     MSVCRT:guard_support.obj
 0004:00000014       __guard_fids___guard_icall_checks_enforced 10021014     MSVCRT:guard_support.obj
 0004:00000018       __guard_fids____scrt_set_unhandled_exception_filter 10021018     MSVCRT:utility_desktop.obj
 0004:0000001c       __guard_fids___except_handler4 1002101c     MSVCRT:_chandler4gs_.obj
 0004:00000020       __guard_fids__             10021020     MSVCRT:throw_bad_alloc.obj
 0004:00000028       __guard_fids__             10021028     MSVCRT:throw_bad_alloc.obj
 0004:00000030       __guard_fids__             10021030     MSVCRT:throw_bad_alloc.obj
 0004:00000038       __guard_fids__             10021038     MSVCRT:throw_bad_alloc.obj
 0004:0000003c       __guard_fids__             1002103c     MSVCRT:throw_bad_alloc.obj
 0004:00000040       __guard_fids__             10021040     MSVCRT:throw_bad_alloc.obj
 0004:00000044       __guard_fids__             10021044     MSVCRT:throw_bad_alloc.obj
 0004:00000048       __guard_fids__             10021048     MSVCRT:throw_bad_alloc.obj
 0005:000000a0       $R000000                   100220a0     PhysX3Cooking.res
 0005:000003d8       $R000338                   100223d8     PhysX3Cooking.res
