 PhysX3CommonCHECKED_x86

 Timestamp is 589b9dd1 (Wed Feb  8 15:38:09 2017)

 Preferred load address is 10000000

 Start         Length     Name                   Class
 0001:00000000 0000b9e0H .text$di                CODE
 0001:0000b9e0 0017bb70H .text$mn                CODE
 0001:00187550 0000100dH .text$yd                CODE
 0002:00000000 00000104H .CRT$XCA                DATA
 0002:00000104 00000cd0H .CRT$XCU                DATA
 0002:00000dd4 00000104H .CRT$XCZ                DATA
 0002:00000ed8 00000104H .CRT$XIA                DATA
 0002:00000fdc 00000104H .CRT$XIZ                DATA
 0002:000010e0 00000104H .CRT$XPA                DATA
 0002:000011e4 00000104H .CRT$XPZ                DATA
 0002:000012e8 00000104H .CRT$XTA                DATA
 0002:000013ec 00000104H .CRT$XTZ                DATA
 0002:000014f0 00006534H .rdata                  DATA
 0002:00007a24 0000027cH .rdata$r                DATA
 0002:00007ca0 0000010cH .rdata$sxdata           DATA
 0002:00007dac 000001a0H .rdata$zzzdbg           DATA
 0002:00007f4c 00000104H .rtc$IAA                DATA
 0002:00008050 00000104H .rtc$IZZ                DATA
 0002:00008154 00000104H .rtc$TAA                DATA
 0002:00008258 00000108H .rtc$TZZ                DATA
 0002:00008360 00000270H .xdata$x                DATA
 0002:000085d0 00016aa7H .edata                  DATA
 0003:00000000 00000f3cH .data                   DATA
 0003:00000f3c 00000414H .data$r                 DATA
 0003:00001350 00003268H .bss                    DATA
 0004:00000000 00000394H .idata$5                DATA
 0004:00000394 000000a0H .idata$2                DATA
 0004:00000434 00000014H .idata$3                DATA
 0004:00000448 00000394H .idata$4                DATA
 0004:000007dc 000009e9H .idata$6                DATA
 0005:00000000 00000169H .gfids$y                DATA
 0006:00000000 00000104H .00cfg                  DATA
 0007:00000000 000001c0H .rsrc$01                DATA
 0007:000001c0 000006a9H .rsrc$02                DATA

  Address         Publics by Value              Rva+Base       Lib:Object

 0000:00000000       ___guard_longjmp_count     00000000     <absolute>
 0000:00000000       ___guard_iat_table         00000000     <absolute>
 0000:00000000       ___guard_iat_count         00000000     <absolute>
 0000:00000000       ___guard_fids_table        00000000     <absolute>
 0000:00000000       ___dynamic_value_reloc_table 00000000     <absolute>
 0000:00000000       ___guard_fids_count        00000000     <absolute>
 0000:00000000       ___guard_longjmp_table     00000000     <absolute>
 0000:00000002       ___safe_se_handler_count   00000002     <absolute>
 0000:00000100       ___guard_flags             00000100     <absolute>
 0000:00000000       ___ImageBase               10000000     <linker-defined>
 0001:0000b9e0       ?atomicExchange@shdfnd@physx@@YAHPCHH@Z 1000c9e0 f   PsWindowsAtomic.obj
 0001:0000b9f0       ?atomicCompareExchange@shdfnd@physx@@YAHPCHHH@Z 1000c9f0 f   PsWindowsAtomic.obj
 0001:0000ba10       ?atomicCompareExchangePointer@shdfnd@physx@@YAPAXPAPCXPAX1@Z 1000ca10 f   PsWindowsAtomic.obj
 0001:0000ba30       ?atomicIncrement@shdfnd@physx@@YAHPCH@Z 1000ca30 f   PsWindowsAtomic.obj
 0001:0000ba50       ?atomicDecrement@shdfnd@physx@@YAHPCH@Z 1000ca50 f   PsWindowsAtomic.obj
 0001:0000ba60       ?atomicAdd@shdfnd@physx@@YAHPCHH@Z 1000ca60 f   PsWindowsAtomic.obj
 0001:0000ba90       ?atomicMax@shdfnd@physx@@YAHPCHH@Z 1000ca90 f   PsWindowsAtomic.obj
 0001:0000bb00       ?getCpuId@Cpu@shdfnd@physx@@SAEXZ 1000cb00 f   PsWindowsCpu.obj
 0001:0000bb40       ??0FPUGuard@shdfnd@physx@@QAE@XZ 1000cb40 f   PsWindowsFPU.obj
 0001:0000bb80       ??1FPUGuard@shdfnd@physx@@QAE@XZ 1000cb80 f   PsWindowsFPU.obj
 0001:0000bbc0       ?enableFPExceptions@shdfnd@physx@@YAXXZ 1000cbc0 f   PsWindowsFPU.obj
 0001:0000bbe0       ?disableFPExceptions@shdfnd@physx@@YAXXZ 1000cbe0 f   PsWindowsFPU.obj
 0001:0000bc30       ??4FPUGuard@shdfnd@physx@@QAEAAV012@ABV012@@Z 1000cc30 f i PsWindowsFPU.obj
 0001:0000bc50       ??0MemoryMappedFile@shdfnd@physx@@QAE@PBDI@Z 1000cc50 f   PsWindowsMemoryMappedFile.obj
 0001:0000bcd0       ??1MemoryMappedFile@shdfnd@physx@@QAE@XZ 1000ccd0 f   PsWindowsMemoryMappedFile.obj
 0001:0000bd10       ?getBaseAddress@MemoryMappedFile@shdfnd@physx@@QAEPAXXZ 1000cd10 f   PsWindowsMemoryMappedFile.obj
 0001:0000bd50       ??0Allocator@shdfnd@physx@@QAE@PBD@Z 1000cd50 f i PsWindowsMemoryMappedFile.obj
 0001:0000bd60       ??0PxFoundation@physx@@QAE@ABV01@@Z 1000cd60 f i PsWindowsMemoryMappedFile.obj
 0001:0000bd70       ??0PxFoundation@physx@@QAE@XZ 1000cd70 f i PsWindowsMemoryMappedFile.obj
 0001:0000bd80       ??1PxFoundation@physx@@MAE@XZ 1000cd80 f i PsWindowsMemoryMappedFile.obj
 0001:0000bd90       ??4Allocator@shdfnd@physx@@QAEAAV012@$$QAV012@@Z 1000cd90 f i PsWindowsMemoryMappedFile.obj
 0001:0000bda0       ??4Allocator@shdfnd@physx@@QAEAAV012@ABV012@@Z 1000cda0 f i PsWindowsMemoryMappedFile.obj
 0001:0000bdb0       ??4ErrorHandler@shdfnd@physx@@QAEAAV012@ABV012@@Z 1000cdb0 f i PsWindowsMemoryMappedFile.obj
 0001:0000bdd0       ??4MutexImpl@shdfnd@physx@@QAEAAV012@ABV012@@Z 1000cdd0 f i PsWindowsMemoryMappedFile.obj
 0001:0000bde0       ??4PAUtils@shdfnd@physx@@QAEAAV012@ABV012@@Z 1000cde0 f i PsWindowsMemoryMappedFile.obj
 0001:0000be00       ??4PxFoundation@physx@@QAEAAV01@ABV01@@Z 1000ce00 f i PsWindowsMemoryMappedFile.obj
 0001:0000be10       ??_EPxFoundation@physx@@MAEPAXI@Z 1000ce10 f i PsWindowsMemoryMappedFile.obj
 0001:0000bea0       ??_FAllocator@shdfnd@physx@@QAEXXZ 1000cea0 f i PsWindowsMemoryMappedFile.obj
 0001:0000beb0       ??_FNamedAllocator@shdfnd@physx@@QAEXXZ 1000ceb0 f i PsWindowsMemoryMappedFile.obj
 0001:0000bec0       ??_GPxFoundation@physx@@MAEPAXI@Z 1000cec0 f i PsWindowsMemoryMappedFile.obj
 0001:0000bef0       ??_I@YGXPAXIIP6EX0@Z@Z     1000cef0 f i PsWindowsMemoryMappedFile.obj
 0001:0000bf30       ?getAllocator@Foundation@shdfnd@physx@@UBEAAVPxBroadcastingAllocator@3@XZ 1000cf30 f i PsWindowsMemoryMappedFile.obj
 0001:0000bf40       ?getCallbackCount@ErrorHandler@shdfnd@physx@@QBEIXZ 1000cf40 f i PsWindowsMemoryMappedFile.obj
 0001:0000bf50       ?getCheckedAllocator@Foundation@shdfnd@physx@@QAEAAVPxAllocatorCallback@3@XZ 1000cf50 f i PsWindowsMemoryMappedFile.obj
 0001:0000bf60       ?getErrorCallback@ErrorHandler@shdfnd@physx@@QBEPAVPxErrorCallback@3@H@Z 1000cf60 f i PsWindowsMemoryMappedFile.obj
 0001:0000bf70       ?getErrorHandler@Foundation@shdfnd@physx@@QAEAAVErrorHandler@23@XZ 1000cf70 f i PsWindowsMemoryMappedFile.obj
 0001:0000bf80       ?getErrorMutex@Foundation@shdfnd@physx@@QAEAAV?$MutexT@VAllocator@shdfnd@physx@@@23@XZ 1000cf80 f i PsWindowsMemoryMappedFile.obj
 0001:0000bf90       ?getMaxCallbackNum@ErrorHandler@shdfnd@physx@@QBEIXZ 1000cf90 f i PsWindowsMemoryMappedFile.obj
 0001:0000bfa0       ?getNamedAllocMap@Foundation@shdfnd@physx@@QAEAAV?$HashMap@PBVNamedAllocator@shdfnd@physx@@PBDU?$Hash@PBVNamedAllocator@shdfnd@physx@@@23@VNonTrackingAllocator@23@@23@XZ 1000cfa0 f i PsWindowsMemoryMappedFile.obj
 0001:0000bfb0       ?getNamedAllocMutex@Foundation@shdfnd@physx@@QAEAAV?$MutexT@VAllocator@shdfnd@physx@@@23@XZ 1000cfb0 f i PsWindowsMemoryMappedFile.obj
 0001:0000bfc0       ?getPAUtils@Foundation@shdfnd@physx@@QAEAAVPAUtils@23@XZ 1000cfc0 f i PsWindowsMemoryMappedFile.obj
 0001:0000bfd0       ?getReportAllocationNames@Foundation@shdfnd@physx@@UBE_NXZ 1000cfd0 f i PsWindowsMemoryMappedFile.obj
 0001:0000bfe0       ?getTempAllocFreeTable@Foundation@shdfnd@physx@@QAEAAV?$Array@PATTempAllocatorChunk@shdfnd@physx@@VAllocator@23@@23@XZ 1000cfe0 f i PsWindowsMemoryMappedFile.obj
 0001:0000bff0       ?getTempAllocMutex@Foundation@shdfnd@physx@@QAEAAV?$MutexT@VAllocator@shdfnd@physx@@@23@XZ 1000cff0 f i PsWindowsMemoryMappedFile.obj
 0001:0000c000       ?setReportAllocationNames@Foundation@shdfnd@physx@@UAEX_N@Z 1000d000 f i PsWindowsMemoryMappedFile.obj
 0001:0000c010       ??0PsModuleUpdateLoader@shdfnd@physx@@QAE@PBD@Z 1000d010 f   PsWindowsModuleUpdateLoader.obj
 0001:0000c050       ??1PsModuleUpdateLoader@shdfnd@physx@@QAE@XZ 1000d050 f   PsWindowsModuleUpdateLoader.obj
 0001:0000c070       ?LoadModule@PsModuleUpdateLoader@shdfnd@physx@@QAEPAUHINSTANCE__@@PBD0@Z 1000d070 f   PsWindowsModuleUpdateLoader.obj
 0001:0000c0c0       ??4PsModuleUpdateLoader@shdfnd@physx@@QAEAAV012@ABV012@@Z 1000d0c0 f i PsWindowsModuleUpdateLoader.obj
 0001:0000c0e0       ??0MutexImpl@shdfnd@physx@@QAE@XZ 1000d0e0 f   PsWindowsMutex.obj
 0001:0000c100       ??1MutexImpl@shdfnd@physx@@QAE@XZ 1000d100 f   PsWindowsMutex.obj
 0001:0000c110       ?lock@MutexImpl@shdfnd@physx@@QAEXXZ 1000d110 f   PsWindowsMutex.obj
 0001:0000c120       ?trylock@MutexImpl@shdfnd@physx@@QAE_NXZ 1000d120 f   PsWindowsMutex.obj
 0001:0000c130       ?unlock@MutexImpl@shdfnd@physx@@QAEXXZ 1000d130 f   PsWindowsMutex.obj
 0001:0000c140       ?getSize@MutexImpl@shdfnd@physx@@SAABIXZ 1000d140 f   PsWindowsMutex.obj
 0001:0000c150       ??0ReadWriteLock@shdfnd@physx@@QAE@XZ 1000d150 f   PsWindowsMutex.obj
 0001:0000c190       ??1ReadWriteLock@shdfnd@physx@@QAE@XZ 1000d190 f   PsWindowsMutex.obj
 0001:0000c1d0       ?lockReader@ReadWriteLock@shdfnd@physx@@QAEXXZ 1000d1d0 f   PsWindowsMutex.obj
 0001:0000c200       ?lockWriter@ReadWriteLock@shdfnd@physx@@QAEXXZ 1000d200 f   PsWindowsMutex.obj
 0001:0000c220       ?unlockReader@ReadWriteLock@shdfnd@physx@@QAEXXZ 1000d220 f   PsWindowsMutex.obj
 0001:0000c230       ?unlockWriter@ReadWriteLock@shdfnd@physx@@QAEXXZ 1000d230 f   PsWindowsMutex.obj
 0001:0000c2a0       ??0?$MutexT@V?$ReflectionAllocator@VMutexImpl@shdfnd@physx@@@shdfnd@physx@@@shdfnd@physx@@QAE@ABV?$ReflectionAllocator@VMutexImpl@shdfnd@physx@@@12@@Z 1000d2a0 f i PsWindowsMutex.obj
 0001:0000c320       ??4ThreadImpl@shdfnd@physx@@QAEAAV012@ABV012@@Z 1000d320 f i PsWindowsMutex.obj
 0001:0000c330       ?__empty_global_delete@@YAXPAX@Z 1000d330 f i PsWindowsMutex.obj
 0001:0000c340       ?__empty_global_delete@@YAXPAXI@Z 1000d340 f i PsWindowsMutex.obj
 0001:0000c350       ??0PAUtils@shdfnd@physx@@QAE@XZ 1000d350 f   PsWindowsPAEventSrc.obj
 0001:0000c360       ??1PAUtils@shdfnd@physx@@QAE@XZ 1000d360 f   PsWindowsPAEventSrc.obj
 0001:0000c3b0       ?isEnabled@PAUtils@shdfnd@physx@@QAE_NXZ 1000d3b0 f   PsWindowsPAEventSrc.obj
 0001:0000c3d0       ?isEventEnabled@PAUtils@shdfnd@physx@@QAE_NG@Z 1000d3d0 f   PsWindowsPAEventSrc.obj
 0001:0000c400       ?registerEvent@PAUtils@shdfnd@physx@@QAEGPBD@Z 1000d400 f   PsWindowsPAEventSrc.obj
 0001:0000c490       ?startEvent@PAUtils@shdfnd@physx@@QAEXGG@Z 1000d490 f   PsWindowsPAEventSrc.obj
 0001:0000c530       ?stopEvent@PAUtils@shdfnd@physx@@QAEXGG@Z 1000d530 f   PsWindowsPAEventSrc.obj
 0001:0000c5d0       ?statEvent@PAUtils@shdfnd@physx@@QAEXGI@Z 1000d5d0 f   PsWindowsPAEventSrc.obj
 0001:0000c610       ?statEvent@PAUtils@shdfnd@physx@@QAEXGII@Z 1000d610 f   PsWindowsPAEventSrc.obj
 0001:0000c640       ?debugEvent@PAUtils@shdfnd@physx@@QAEXGII@Z 1000d640 f   PsWindowsPAEventSrc.obj
 0001:0000c670       ?rawEvent@PAUtils@shdfnd@physx@@QAEXGIIE@Z 1000d670 f   PsWindowsPAEventSrc.obj
 0001:0000c6a0       ?rawEventWithTimestamp@PAUtils@shdfnd@physx@@QAE_NG_KIIE@Z 1000d6a0 f   PsWindowsPAEventSrc.obj
 0001:0000c6d0       ?lock@PAUtils@shdfnd@physx@@QAE_NXZ 1000d6d0 f   PsWindowsPAEventSrc.obj
 0001:0000c720       ?unlock@PAUtils@shdfnd@physx@@QAE_NXZ 1000d720 f   PsWindowsPAEventSrc.obj
 0001:0000c740       ??0ConnImpl@shdfnd@physx@@QAE@XZ 1000d740 f   PsWindowsPAEventSrc.obj
 0001:0000c8a0       ??1ConnImpl@shdfnd@physx@@QAE@XZ 1000d8a0 f   PsWindowsPAEventSrc.obj
 0001:0000ca40       ?GetProcID@ConnImpl@shdfnd@physx@@QAEEXZ 1000da40 f i PsWindowsPAEventSrc.obj
 0001:0000ca70       ?printFormatted@shdfnd@physx@@YAXPBDZZ 1000da70 f   PsWindowsPrintString.obj
 0001:0000cad0       ?printString@shdfnd@physx@@YAXPBD@Z 1000dad0 f   PsWindowsPrintString.obj
 0001:0000cb20       ??$__vcrt_va_start_verify_argument_type@PBD@@YAXXZ 1000db20 f i PsWindowsPrintString.obj
 0001:0000cb30       ___local_stdio_printf_options 1000db30 f i PsWindowsPrintString.obj
 0001:0000cb40       ??0SListImpl@shdfnd@physx@@QAE@XZ 1000db40 f   PsWindowsSList.obj
 0001:0000cb50       ??1SListImpl@shdfnd@physx@@QAE@XZ 1000db50 f   PsWindowsSList.obj
 0001:0000cb60       ?push@SListImpl@shdfnd@physx@@QAEXPAVSListEntry@23@@Z 1000db60 f   PsWindowsSList.obj
 0001:0000cb80       ?pop@SListImpl@shdfnd@physx@@QAEPAVSListEntry@23@XZ 1000db80 f   PsWindowsSList.obj
 0001:0000cb90       ?flush@SListImpl@shdfnd@physx@@QAEPAVSListEntry@23@XZ 1000db90 f   PsWindowsSList.obj
 0001:0000cba0       ?getSize@SListImpl@shdfnd@physx@@SAABIXZ 1000dba0 f   PsWindowsSList.obj
 0001:0000cbc0       ??4SListImpl@shdfnd@physx@@QAEAAU012@ABU012@@Z 1000dbc0 f i PsWindowsSList.obj
 0001:0000cbd0       ??0Socket@shdfnd@physx@@QAE@_N@Z 1000dbd0 f   PsWindowsSocket.obj
 0001:0000cc40       ??1Socket@shdfnd@physx@@UAE@XZ 1000dc40 f   PsWindowsSocket.obj
 0001:0000cc80       ?connect@Socket@shdfnd@physx@@QAE_NPBDGI@Z 1000dc80 f   PsWindowsSocket.obj
 0001:0000cc90       ?listen@Socket@shdfnd@physx@@QAE_NGPAVConnection@123@@Z 1000dc90 f   PsWindowsSocket.obj
 0001:0000cca0       ?disconnect@Socket@shdfnd@physx@@QAEXXZ 1000dca0 f   PsWindowsSocket.obj
 0001:0000ccb0       ?isConnected@Socket@shdfnd@physx@@QBE_NXZ 1000dcb0 f   PsWindowsSocket.obj
 0001:0000ccc0       ?getHost@Socket@shdfnd@physx@@QBEPBDXZ 1000dcc0 f   PsWindowsSocket.obj
 0001:0000ccd0       ?getPort@Socket@shdfnd@physx@@QBEGXZ 1000dcd0 f   PsWindowsSocket.obj
 0001:0000cce0       ?flush@Socket@shdfnd@physx@@QAE_NXZ 1000dce0 f   PsWindowsSocket.obj
 0001:0000cd00       ?write@Socket@shdfnd@physx@@QAEIPBEI@Z 1000dd00 f   PsWindowsSocket.obj
 0001:0000cd20       ?read@Socket@shdfnd@physx@@QAEIPAEI@Z 1000dd20 f   PsWindowsSocket.obj
 0001:0000cd40       ?setBlocking@Socket@shdfnd@physx@@QAEX_N@Z 1000dd40 f   PsWindowsSocket.obj
 0001:0000cd80       ?isBlocking@Socket@shdfnd@physx@@QBE_NXZ 1000dd80 f   PsWindowsSocket.obj
 0001:0000cd90       ??0SocketImpl@shdfnd@physx@@QAE@XZ 1000dd90 f   PsWindowsSocket.obj
 0001:0000ce00       ??1SocketImpl@shdfnd@physx@@UAE@XZ 1000de00 f   PsWindowsSocket.obj
 0001:0000ce50       ?connect@SocketImpl@shdfnd@physx@@QAE_NPBDGI@Z 1000de50 f   PsWindowsSocket.obj
 0001:0000d060       ?listen@SocketImpl@shdfnd@physx@@QAE_NGPAVConnection@Socket@23@@Z 1000e060 f   PsWindowsSocket.obj
 0001:0000d130       ?disconnect@SocketImpl@shdfnd@physx@@QAEXXZ 1000e130 f   PsWindowsSocket.obj
 0001:0000d190       ?setBlocking@SocketImpl@shdfnd@physx@@QAEX_N@Z 1000e190 f   PsWindowsSocket.obj
 0001:0000d1c0       ?write@SocketImpl@shdfnd@physx@@UAEIPBEI@Z 1000e1c0 f   PsWindowsSocket.obj
 0001:0000d220       ?flush@SocketImpl@shdfnd@physx@@UAE_NXZ 1000e220 f   PsWindowsSocket.obj
 0001:0000d230       ?read@SocketImpl@shdfnd@physx@@QAEIPAEI@Z 1000e230 f   PsWindowsSocket.obj
 0001:0000d2e0       ?execute@SocketImpl@shdfnd@physx@@UAEXXZ 1000e2e0 f   PsWindowsSocket.obj
 0001:0000d330       ??0BufferedSocketImpl@shdfnd@physx@@QAE@XZ 1000e330 f   PsWindowsSocket.obj
 0001:0000d3b0       ?flush@BufferedSocketImpl@shdfnd@physx@@UAE_NXZ 1000e3b0 f   PsWindowsSocket.obj
 0001:0000d430       ?write@BufferedSocketImpl@shdfnd@physx@@UAEIPBEI@Z 1000e430 f   PsWindowsSocket.obj
 0001:0000d730       ??0?$ThreadT@V?$ReflectionAllocator@VThreadImpl@shdfnd@physx@@@shdfnd@physx@@@shdfnd@physx@@QAE@ABV?$ReflectionAllocator@VThreadImpl@shdfnd@physx@@@12@@Z 1000e730 f i PsWindowsSocket.obj
 0001:0000d7d0       ??0Socket@shdfnd@physx@@QAE@ABV012@@Z 1000e7d0 f i PsWindowsSocket.obj
 0001:0000d7f0       ??1?$ThreadT@V?$ReflectionAllocator@VThreadImpl@shdfnd@physx@@@shdfnd@physx@@@shdfnd@physx@@UAE@XZ 1000e7f0 f i PsWindowsSocket.obj
 0001:0000d830       ??1BufferedSocketImpl@shdfnd@physx@@UAE@XZ 1000e830 f i PsWindowsSocket.obj
 0001:0000d890       ??1Runnable@shdfnd@physx@@UAE@XZ 1000e890 f i PsWindowsSocket.obj
 0001:0000d8a0       ??4Socket@shdfnd@physx@@QAEAAV012@ABV012@@Z 1000e8a0 f i PsWindowsSocket.obj
 0001:0000d8c0       ??_ESocket@shdfnd@physx@@UAEPAXI@Z 1000e8c0 f i PsWindowsSocket.obj
 0001:0000da70       ??_FSocket@shdfnd@physx@@QAEXXZ 1000ea70 f i PsWindowsSocket.obj
 0001:0000dad0       ??_G?$ThreadT@V?$ReflectionAllocator@VThreadImpl@shdfnd@physx@@@shdfnd@physx@@@shdfnd@physx@@UAEPAXI@Z 1000ead0 f i PsWindowsSocket.obj
 0001:0000dad0       ??_E?$ThreadT@V?$ReflectionAllocator@VThreadImpl@shdfnd@physx@@@shdfnd@physx@@@shdfnd@physx@@UAEPAXI@Z 1000ead0 f i PsWindowsSocket.obj
 0001:0000db50       ??_GBufferedSocketImpl@shdfnd@physx@@UAEPAXI@Z 1000eb50 f i PsWindowsSocket.obj
 0001:0000db50       ??_EBufferedSocketImpl@shdfnd@physx@@UAEPAXI@Z 1000eb50 f i PsWindowsSocket.obj
 0001:0000dbe0       ??_GRunnable@shdfnd@physx@@UAEPAXI@Z 1000ebe0 f i PsWindowsSocket.obj
 0001:0000dbe0       ??_ERunnable@shdfnd@physx@@UAEPAXI@Z 1000ebe0 f i PsWindowsSocket.obj
 0001:0000dc10       ??_GSocket@shdfnd@physx@@UAEPAXI@Z 1000ec10 f i PsWindowsSocket.obj
 0001:0000dc90       ??_GSocketImpl@shdfnd@physx@@UAEPAXI@Z 1000ec90 f i PsWindowsSocket.obj
 0001:0000dc90       ??_ESocketImpl@shdfnd@physx@@UAEPAXI@Z 1000ec90 f i PsWindowsSocket.obj
 0001:0000dd20       ?__global_array_delete@@YAXPAX@Z 1000ed20 f i PsWindowsSocket.obj
 0001:0000dd30       ?__global_array_delete@@YAXPAXI@Z 1000ed30 f i PsWindowsSocket.obj
 0001:0000dd40       ?__global_delete@@YAXPAX@Z 1000ed40 f i PsWindowsSocket.obj
 0001:0000dd50       ?__global_delete@@YAXPAXI@Z 1000ed50 f i PsWindowsSocket.obj
 0001:0000dd60       ?execute@?$ThreadT@V?$ReflectionAllocator@VThreadImpl@shdfnd@physx@@@shdfnd@physx@@@shdfnd@physx@@UAEXXZ 1000ed60 f i PsWindowsSocket.obj
 0001:0000dd70       ?execute@Runnable@shdfnd@physx@@UAEXXZ 1000ed70 f i PsWindowsSocket.obj
 0001:0000dd80       ??0SyncImpl@shdfnd@physx@@QAE@XZ 1000ed80 f   PsWindowsSync.obj
 0001:0000dda0       ??1SyncImpl@shdfnd@physx@@QAE@XZ 1000eda0 f   PsWindowsSync.obj
 0001:0000ddb0       ?wait@SyncImpl@shdfnd@physx@@QAE_NI@Z 1000edb0 f   PsWindowsSync.obj
 0001:0000ddd0       ?set@SyncImpl@shdfnd@physx@@QAEXXZ 1000edd0 f   PsWindowsSync.obj
 0001:0000dde0       ?reset@SyncImpl@shdfnd@physx@@QAEXXZ 1000ede0 f   PsWindowsSync.obj
 0001:0000ddf0       ?getSize@SyncImpl@shdfnd@physx@@SAABIXZ 1000edf0 f   PsWindowsSync.obj
 0001:0000de20       ??4SyncImpl@shdfnd@physx@@QAEAAV012@ABV012@@Z 1000ee20 f i PsWindowsSync.obj
 0001:0000de30       ?getDefaultStackSize@ThreadImpl@shdfnd@physx@@SAIXZ 1000ee30 f   PsWindowsThread.obj
 0001:0000de40       ?getId@ThreadImpl@shdfnd@physx@@SAIXZ 1000ee40 f   PsWindowsThread.obj
 0001:0000de50       ??0ThreadImpl@shdfnd@physx@@QAE@XZ 1000ee50 f   PsWindowsThread.obj
 0001:0000de80       ??0ThreadImpl@shdfnd@physx@@QAE@P6APAXPAX@Z0@Z 1000ee80 f   PsWindowsThread.obj
 0001:0000def0       ??1ThreadImpl@shdfnd@physx@@QAE@XZ 1000eef0 f   PsWindowsThread.obj
 0001:0000df20       ?start@ThreadImpl@shdfnd@physx@@QAEXIPAVRunnable@23@@Z 1000ef20 f   PsWindowsThread.obj
 0001:0000df90       ?kill@ThreadImpl@shdfnd@physx@@QAEXXZ 1000ef90 f   PsWindowsThread.obj
 0001:0000dfb0       ?signalQuit@ThreadImpl@shdfnd@physx@@QAEXXZ 1000efb0 f   PsWindowsThread.obj
 0001:0000dfc0       ?waitForQuit@ThreadImpl@shdfnd@physx@@QAE_NXZ 1000efc0 f   PsWindowsThread.obj
 0001:0000dfe0       ?quitIsSignalled@ThreadImpl@shdfnd@physx@@QAE_NXZ 1000efe0 f   PsWindowsThread.obj
 0001:0000e000       ?quit@ThreadImpl@shdfnd@physx@@QAEXXZ 1000f000 f   PsWindowsThread.obj
 0001:0000e010       ?setAffinityMask@ThreadImpl@shdfnd@physx@@QAEII@Z 1000f010 f   PsWindowsThread.obj
 0001:0000e040       ?getPriority@ThreadImpl@shdfnd@physx@@SA?AW4Enum@ThreadPriority@23@I@Z 1000f040 f   PsWindowsThread.obj
 0001:0000e090       ?setPriority@ThreadImpl@shdfnd@physx@@QAEXW4Enum@ThreadPriority@23@@Z 1000f090 f   PsWindowsThread.obj
 0001:0000e100       ?setName@ThreadImpl@shdfnd@physx@@QAEXPBD@Z 1000f100 f   PsWindowsThread.obj
 0001:0000e180       ?sleep@ThreadImpl@shdfnd@physx@@SAXI@Z 1000f180 f   PsWindowsThread.obj
 0001:0000e190       ?yield@ThreadImpl@shdfnd@physx@@SAXXZ 1000f190 f   PsWindowsThread.obj
 0001:0000e1a0       ?getNbPhysicalCores@ThreadImpl@shdfnd@physx@@SAIXZ 1000f1a0 f   PsWindowsThread.obj
 0001:0000e280       ?getSize@ThreadImpl@shdfnd@physx@@SAABIXZ 1000f280 f   PsWindowsThread.obj
 0001:0000e290       ?TlsAlloc@shdfnd@physx@@YAIXZ 1000f290 f   PsWindowsThread.obj
 0001:0000e2a0       ?TlsFree@shdfnd@physx@@YAXI@Z 1000f2a0 f   PsWindowsThread.obj
 0001:0000e2b0       ?TlsGet@shdfnd@physx@@YAPAXI@Z 1000f2b0 f   PsWindowsThread.obj
 0001:0000e2c0       ?TlsSet@shdfnd@physx@@YAIIPAX@Z 1000f2c0 f   PsWindowsThread.obj
 0001:0000e450       ?getBootCounterFrequency@Time@shdfnd@physx@@SAABUCounterFrequencyToTensOfNanos@23@XZ 1000f450 f   PsWindowsTime.obj
 0001:0000e460       ?getCounterFrequency@Time@shdfnd@physx@@SA?AUCounterFrequencyToTensOfNanos@23@XZ 1000f460 f   PsWindowsTime.obj
 0001:0000e490       ?getCurrentCounterValue@Time@shdfnd@physx@@SA_KXZ 1000f490 f   PsWindowsTime.obj
 0001:0000e4b0       ??0Time@shdfnd@physx@@QAE@XZ 1000f4b0 f   PsWindowsTime.obj
 0001:0000e4f0       ?getElapsedSeconds@Time@shdfnd@physx@@QAENXZ 1000f4f0 f   PsWindowsTime.obj
 0001:0000e540       ?peekElapsedSeconds@Time@shdfnd@physx@@QAENXZ 1000f540 f   PsWindowsTime.obj
 0001:0000e580       ?getLastTime@Time@shdfnd@physx@@QBENXZ 1000f580 f   PsWindowsTime.obj
 0001:0000e600       ??4Time@shdfnd@physx@@QAEAAV012@$$QAV012@@Z 1000f600 f i PsWindowsTime.obj
 0001:0000e620       ??4Time@shdfnd@physx@@QAEAAV012@ABV012@@Z 1000f620 f i PsWindowsTime.obj
 0001:0000e640       ?getCurrentTimeInTensOfNanoSeconds@Time@shdfnd@physx@@SA_KXZ 1000f640 f i PsWindowsTime.obj
 0001:0000e690       ?allocate@Allocator@shdfnd@physx@@QAEPAXIPBDH@Z 1000f690 f   PsAllocator.obj
 0001:0000e6c0       ?deallocate@Allocator@shdfnd@physx@@QAEXPAX@Z 1000f6c0 f   PsAllocator.obj
 0001:0000e6e0       ??0NamedAllocator@shdfnd@physx@@QAE@ABW4PxEMPTY@2@@Z 1000f6e0 f   PsAllocator.obj
 0001:0000e740       ??0NamedAllocator@shdfnd@physx@@QAE@PBD@Z 1000f740 f   PsAllocator.obj
 0001:0000e7a0       ??0NamedAllocator@shdfnd@physx@@QAE@ABV012@@Z 1000f7a0 f   PsAllocator.obj
 0001:0000e810       ??1NamedAllocator@shdfnd@physx@@QAE@XZ 1000f810 f   PsAllocator.obj
 0001:0000e850       ??4NamedAllocator@shdfnd@physx@@QAEAAV012@ABV012@@Z 1000f850 f   PsAllocator.obj
 0001:0000e8d0       ?allocate@NamedAllocator@shdfnd@physx@@QAEPAXIPBDH@Z 1000f8d0 f   PsAllocator.obj
 0001:0000e940       ?deallocate@NamedAllocator@shdfnd@physx@@QAEXPAX@Z 1000f940 f   PsAllocator.obj
 0001:0000ea10       ?create@?$HashBase@V?$Pair@QBVNamedAllocator@shdfnd@physx@@PBD@shdfnd@physx@@PBVNamedAllocator@23@U?$Hash@PBVNamedAllocator@shdfnd@physx@@@23@UGetKey@?$HashMapBase@PBVNamedAllocator@shdfnd@physx@@PBDU?$Hash@PBVNamedAllocator@shdfnd@physx@@@23@VNonTrackingAllocator@23@@internal@23@VNonTrackingAllocator@23@$00@internal@shdfnd@physx@@QAEPAV?$Pair@QBVNamedAllocator@shdfnd@physx@@PBD@34@ABQBVNamedAllocator@34@AA_N@Z 1000fa10 f i PsAllocator.obj
 0001:0000eb60       ?erase@?$HashBase@V?$Pair@QBVNamedAllocator@shdfnd@physx@@PBD@shdfnd@physx@@PBVNamedAllocator@23@U?$Hash@PBVNamedAllocator@shdfnd@physx@@@23@UGetKey@?$HashMapBase@PBVNamedAllocator@shdfnd@physx@@PBDU?$Hash@PBVNamedAllocator@shdfnd@physx@@@23@VNonTrackingAllocator@23@@internal@23@VNonTrackingAllocator@23@$00@internal@shdfnd@physx@@QAE_NABQBVNamedAllocator@34@@Z 1000fb60 f i PsAllocator.obj
 0001:0000ec40       ?find@?$HashBase@V?$Pair@QBVNamedAllocator@shdfnd@physx@@PBD@shdfnd@physx@@PBVNamedAllocator@23@U?$Hash@PBVNamedAllocator@shdfnd@physx@@@23@UGetKey@?$HashMapBase@PBVNamedAllocator@shdfnd@physx@@PBDU?$Hash@PBVNamedAllocator@shdfnd@physx@@@23@VNonTrackingAllocator@23@@internal@23@VNonTrackingAllocator@23@$00@internal@shdfnd@physx@@QBEPBV?$Pair@QBVNamedAllocator@shdfnd@physx@@PBD@34@ABQBVNamedAllocator@34@@Z 1000fc40 f i PsAllocator.obj
 0001:0000ecf0       ?replaceWithLast@?$HashBase@V?$Pair@QBVNamedAllocator@shdfnd@physx@@PBD@shdfnd@physx@@PBVNamedAllocator@23@U?$Hash@PBVNamedAllocator@shdfnd@physx@@@23@UGetKey@?$HashMapBase@PBVNamedAllocator@shdfnd@physx@@PBDU?$Hash@PBVNamedAllocator@shdfnd@physx@@@23@VNonTrackingAllocator@23@@internal@23@VNonTrackingAllocator@23@$00@internal@shdfnd@physx@@AAEXI@Z 1000fcf0 f i PsAllocator.obj
 0001:0000edb0       ?reserveInternal@?$HashBase@V?$Pair@QBVNamedAllocator@shdfnd@physx@@PBD@shdfnd@physx@@PBVNamedAllocator@23@U?$Hash@PBVNamedAllocator@shdfnd@physx@@@23@UGetKey@?$HashMapBase@PBVNamedAllocator@shdfnd@physx@@PBDU?$Hash@PBVNamedAllocator@shdfnd@physx@@@23@VNonTrackingAllocator@23@@internal@23@VNonTrackingAllocator@23@$00@internal@shdfnd@physx@@AAEXI@Z 1000fdb0 f i PsAllocator.obj
 0001:0000f000       ??_EDefaultAssertHandler@?A0x06c62945@@UAEPAXI@Z 10010000 f i PsAssert.obj
 0001:0000f000       ??_GDefaultAssertHandler@?A0x06c62945@@UAEPAXI@Z 10010000 f i PsAssert.obj
 0001:0000f030       ??_GPxAssertHandler@physx@@UAEPAXI@Z 10010030 f i PsAssert.obj
 0001:0000f030       ??_EPxAssertHandler@physx@@UAEPAXI@Z 10010030 f i PsAssert.obj
 0001:0000f060       ?PxGetAssertHandler@physx@@YAAAVPxAssertHandler@1@XZ 10010060 f   PsAssert.obj
 0001:0000f070       ?PxSetAssertHandler@physx@@YAXAAVPxAssertHandler@1@@Z 10010070 f   PsAssert.obj
 0001:0000f090       ??$__vcrt_va_start_verify_argument_type@QBD@@YAXXZ 10010090 f i PsAssert.obj
 0001:0000f0a0       ??1PxAssertHandler@physx@@UAE@XZ 100100a0 f i PsAssert.obj
 0001:0000f0b0       _sprintf                   100100b0 f i PsAssert.obj
 0001:0000f0f0       ??0ErrorHandler@shdfnd@physx@@QAE@XZ 100100f0 f   PsErrorHandler.obj
 0001:0000f110       ??1ErrorHandler@shdfnd@physx@@QAE@XZ 10010110 f   PsErrorHandler.obj
 0001:0000f150       ?reportError@ErrorHandler@shdfnd@physx@@QAEXW4Enum@PxErrorCode@3@PBD1H@Z 10010150 f   PsErrorHandler.obj
 0001:0000f1a0       ?registerErrorCallback@ErrorHandler@shdfnd@physx@@QAEHAAVPxErrorCallback@3@@Z 100101a0 f   PsErrorHandler.obj
 0001:0000f210       ?unRegisterErrorCallback@ErrorHandler@shdfnd@physx@@QAEXAAVPxErrorCallback@3@@Z 10010210 f   PsErrorHandler.obj
 0001:0000f270       ?unRegisterErrorCallback@ErrorHandler@shdfnd@physx@@QAEXH@Z 10010270 f   PsErrorHandler.obj
 0001:0000f330       ?createFastIPC@shdfnd@physx@@YAPAVPxIPC@12@AAW4ErrorCode@312@W4ConnectionType@312@PBDII_N3I@Z 10010330 f   PsFastIPC.obj
 0001:0000f3f0       ??0FastIPC@shdfnd@physx@@QAE@AAW4ErrorCode@PxIPC@12@W4ConnectionType@412@PBDII_N3I@Z 100103f0 f i PsFastIPC.obj
 0001:0000f8b0       ??0MultiPartPacket@PxRingBuffer@shdfnd@physx@@QAE@W4MessageType@123@PBXIIPAV123@@Z 100108b0 f i PsFastIPC.obj
 0001:0000f930       ??1PxIPC@shdfnd@physx@@MAE@XZ 10010930 f i PsFastIPC.obj
 0001:0000f940       ??1PxRingBuffer@shdfnd@physx@@QAE@XZ 10010940 f i PsFastIPC.obj
 0001:0000f9b0       ??_EFastIPC@shdfnd@physx@@UAEPAXI@Z 100109b0 f i PsFastIPC.obj
 0001:0000f9b0       ??_GFastIPC@shdfnd@physx@@UAEPAXI@Z 100109b0 f i PsFastIPC.obj
 0001:0000fa60       ??_EPxIPC@shdfnd@physx@@MAEPAXI@Z 10010a60 f i PsFastIPC.obj
 0001:0000fa60       ??_GPxIPC@shdfnd@physx@@MAEPAXI@Z 10010a60 f i PsFastIPC.obj
 0001:0000fa90       ?canSend@FastIPC@shdfnd@physx@@UAE_NI@Z 10010a90 f i PsFastIPC.obj
 0001:0000faf0       ?canSend@PxRingBuffer@shdfnd@physx@@QBE?AW4ErrorCode@123@I@Z 10010af0 f i PsFastIPC.obj
 0001:0000fba0       ?haveConnection@FastIPC@shdfnd@physx@@UBE_NXZ 10010ba0 f i PsFastIPC.obj
 0001:0000fbc0       ?init@PxRingBuffer@shdfnd@physx@@QAEXPAXI_N1IPAI2@Z 10010bc0 f i PsFastIPC.obj
 0001:0000fc70       ?isServer@FastIPC@shdfnd@physx@@UBE_NXZ 10010c70 f i PsFastIPC.obj
 0001:0000fc80       ?process@MultiPartPacket@PxRingBuffer@shdfnd@physx@@QAE?AW4ErrorCode@234@XZ 10010c80 f i PsFastIPC.obj
 0001:0000fd20       ?pumpPendingSends@FastIPC@shdfnd@physx@@UAE_NXZ 10010d20 f i PsFastIPC.obj
 0001:0000fd90       ?pumpPendingSends@PxRingBuffer@shdfnd@physx@@QAE_NXZ 10010d90 f i PsFastIPC.obj
 0001:0000fe00       ?receiveAcknowledge@FastIPC@shdfnd@physx@@UAE?AW4ErrorCode@PxIPC@23@XZ 10010e00 f i PsFastIPC.obj
 0001:0000fe20       ?receiveAcknowledge@PxRingBuffer@shdfnd@physx@@QAE?AW4ErrorCode@123@XZ 10010e20 f i PsFastIPC.obj
 0001:0000fed0       ?receiveData@FastIPC@shdfnd@physx@@UAEPBXAAI@Z 10010ed0 f i PsFastIPC.obj
 0001:0000ff20       ?receiveData@PxRingBuffer@shdfnd@physx@@QAE?AW4MessageType@123@AAPBXAAI@Z 10010f20 f i PsFastIPC.obj
 0001:000101b0       ?release@FastIPC@shdfnd@physx@@UAEXXZ 100111b0 f i PsFastIPC.obj
 0001:000101c0       ?sendData@FastIPC@shdfnd@physx@@UAE?AW4ErrorCode@PxIPC@23@PBXI_N@Z 100111c0 f i PsFastIPC.obj
 0001:00010200       ?sendData@PxRingBuffer@shdfnd@physx@@QAE?AW4ErrorCode@123@W4MessageType@123@PBXI_N@Z 10011200 f i PsFastIPC.obj
 0001:00010370       ?sendHeader@MultiPartPacket@PxRingBuffer@shdfnd@physx@@QAE?AW4ErrorCode@234@XZ 10011370 f i PsFastIPC.obj
 0001:00010400       ?writeData@PxRingBuffer@shdfnd@physx@@AAEXW4MessageType@123@PBXI@Z 10011400 f i PsFastIPC.obj
 0001:00010510       ?createFastXml@shdfnd@physx@@YAPAVFastXml@12@PAVCallback@312@@Z 10011510 f   PsFastXml.obj
 0001:00010680       ??1FastXml@shdfnd@physx@@MAE@XZ 10011680 f i PsFastXml.obj
 0001:000106b0       ??_GFastXml@shdfnd@physx@@MAEPAXI@Z 100116b0 f i PsFastXml.obj
 0001:000106b0       ??_EFastXml@shdfnd@physx@@MAEPAXI@Z 100116b0 f i PsFastXml.obj
 0001:000106e0       ??_GMyFastXml@?A0xd3efc24c@@EAEPAXI@Z 100116e0 f i PsFastXml.obj
 0001:000106e0       ??_EMyFastXml@?A0xd3efc24c@@EAEPAXI@Z 100116e0 f i PsFastXml.obj
 0001:00011830       _PxCreateFoundation        10012830 f   PsFoundation.obj
 0001:00011850       _PxGetFoundation           10012850 f   PsFoundation.obj
 0001:00011860       ?getAllocator@shdfnd@physx@@YAAAVPxAllocatorCallback@2@XZ 10012860 f   PsFoundation.obj
 0001:00011870       ??0Foundation@shdfnd@physx@@AAE@AAVPxErrorCallback@2@AAVPxAllocatorCallback@2@@Z 10012870 f   PsFoundation.obj
 0001:000119a0       ??1Foundation@shdfnd@physx@@EAE@XZ 100129a0 f   PsFoundation.obj
 0001:00011a90       ?release@Foundation@shdfnd@physx@@UAEXXZ 10012a90 f   PsFoundation.obj
 0001:00011aa0       ?createInstance@Foundation@shdfnd@physx@@SAPAV123@IAAVPxErrorCallback@3@AAVPxAllocatorCallback@3@@Z 10012aa0 f   PsFoundation.obj
 0001:00011b90       ?destroyInstance@Foundation@shdfnd@physx@@SAXXZ 10012b90 f   PsFoundation.obj
 0001:00011bf0       ?getInstance@Foundation@shdfnd@physx@@SAAAV123@XZ 10012bf0 f   PsFoundation.obj
 0001:00011c00       ?incRefCount@Foundation@shdfnd@physx@@SAXXZ 10012c00 f   PsFoundation.obj
 0001:00011c30       ?decRefCount@Foundation@shdfnd@physx@@SAXXZ 10012c30 f   PsFoundation.obj
 0001:00011c60       ?getErrorCallback@Foundation@shdfnd@physx@@UBEAAVPxErrorCallback@3@XZ 10012c60 f   PsFoundation.obj
 0001:00011c70       ?setErrorLevel@Foundation@shdfnd@physx@@UAEXW4Enum@PxErrorCode@3@@Z 10012c70 f   PsFoundation.obj
 0001:00011c80       ?getErrorLevel@Foundation@shdfnd@physx@@UBE?AW4Enum@PxErrorCode@3@XZ 10012c80 f   PsFoundation.obj
 0001:00011c90       ?getAllocatorCallback@Foundation@shdfnd@physx@@UBEAAVPxAllocatorCallback@3@XZ 10012c90 f   PsFoundation.obj
 0001:00011ca0       ?error@Foundation@shdfnd@physx@@QAAXW4Enum@PxErrorCode@3@PBDH1ZZ 10012ca0 f   PsFoundation.obj
 0001:00011cc0       ?errorImpl@Foundation@shdfnd@physx@@QAEXW4Enum@PxErrorCode@3@PBDH1PAD@Z 10012cc0 f   PsFoundation.obj
 0001:00011d30       ?getWarnOnceTimestamp@Foundation@shdfnd@physx@@SAIXZ 10012d30 f   PsFoundation.obj
 0001:00011d40       ?allocate@AlignCheckAllocator@Foundation@shdfnd@physx@@UAEPAXIPBD0H@Z 10012d40 f   PsFoundation.obj
 0001:00011f50       ??0TempAllocator@shdfnd@physx@@QAE@PBD@Z 10012f50 f i PsFoundation.obj
 0001:00011f60       ??1PxAllocatorCallback@physx@@UAE@XZ 10012f60 f i PsFoundation.obj
 0001:00011f70       ??1PxBroadcastingAllocator@physx@@MAE@XZ 10012f70 f i PsFoundation.obj
 0001:00011f80       ??4TempAllocator@shdfnd@physx@@QAEAAV012@$$QAV012@@Z 10012f80 f i PsFoundation.obj
 0001:00011f90       ??4TempAllocator@shdfnd@physx@@QAEAAV012@ABV012@@Z 10012f90 f i PsFoundation.obj
 0001:00011fa0       ??_EFoundation@shdfnd@physx@@EAEPAXI@Z 10012fa0 f i PsFoundation.obj
 0001:00012060       ??_FTempAllocator@shdfnd@physx@@QAEXXZ 10013060 f i PsFoundation.obj
 0001:00012070       ??_EAlignCheckAllocator@Foundation@shdfnd@physx@@UAEPAXI@Z 10013070 f i PsFoundation.obj
 0001:00012070       ??_GAlignCheckAllocator@Foundation@shdfnd@physx@@UAEPAXI@Z 10013070 f i PsFoundation.obj
 0001:000120a0       ??_GFoundation@shdfnd@physx@@EAEPAXI@Z 100130a0 f i PsFoundation.obj
 0001:000120d0       ??_GPxAllocatorCallback@physx@@UAEPAXI@Z 100130d0 f i PsFoundation.obj
 0001:000120d0       ??_EPxAllocatorCallback@physx@@UAEPAXI@Z 100130d0 f i PsFoundation.obj
 0001:00012100       ??_EPxBroadcastingAllocator@physx@@MAEPAXI@Z 10013100 f i PsFoundation.obj
 0001:00012100       ??_GPxBroadcastingAllocator@physx@@MAEPAXI@Z 10013100 f i PsFoundation.obj
 0001:00012130       ?deallocate@AlignCheckAllocator@Foundation@shdfnd@physx@@UAEXPAX@Z 10013130 f i PsFoundation.obj
 0001:00012190       ?deregisterAllocationListener@AlignCheckAllocator@Foundation@shdfnd@physx@@UAEXAAVPxAllocationListener@4@@Z 10013190 f i PsFoundation.obj
 0001:000121e0       ?recreate@?$Array@PATTempAllocatorChunk@shdfnd@physx@@VAllocator@23@@shdfnd@physx@@IAEXI@Z 100131e0 f i PsFoundation.obj
 0001:000122a0       ?registerAllocationListener@AlignCheckAllocator@Foundation@shdfnd@physx@@UAEXAAVPxAllocationListener@4@@Z 100132a0 f i PsFoundation.obj
 0001:000122c0       ?resize@?$Array@PATTempAllocatorChunk@shdfnd@physx@@VAllocator@23@@shdfnd@physx@@QAEXIABQATTempAllocatorChunk@23@@Z 100132c0 f i PsFoundation.obj
 0001:00012320       ?sprintf_s@string@physx@@YAHPADIPBDZZ 10013320 f i PsFoundation.obj
 0001:00012360       ?computeQuatFromNormal@shdfnd@physx@@YA?AVPxQuat@2@ABVPxVec3@2@@Z 10013360 f   PsMathUtils.obj
 0001:000124c0       ?optimizeBoundingBox@shdfnd@physx@@YA?AVPxVec3@2@AAVPxMat33@2@@Z 100134c0 f   PsMathUtils.obj
 0001:00012850       ?slerp@shdfnd@physx@@YA?AVPxQuat@2@MABV32@0@Z 10013850 f   PsMathUtils.obj
 0001:000129a0       ?integrateTransform@shdfnd@physx@@YAXABVPxTransform@2@ABVPxVec3@2@1MAAV32@@Z 100139a0 f   PsMathUtils.obj
 0001:00012de0       ?allocate@TempAllocator@shdfnd@physx@@QAEPAXIPBDH@Z 10013de0 f   PsTempAllocator.obj
 0001:00012ed0       ?deallocate@TempAllocator@shdfnd@physx@@QAEXPAX@Z 10013ed0 f   PsTempAllocator.obj
 0001:00012fb0       ?checkValid@shdfnd@physx@@YA_NABM@Z 10013fb0 f   PsUtilities.obj
 0001:00012fe0       ?checkValid@shdfnd@physx@@YA_NABVPxVec3@2@@Z 10013fe0 f   PsUtilities.obj
 0001:00013050       ?checkValid@shdfnd@physx@@YA_NABVPxQuat@2@@Z 10014050 f   PsUtilities.obj
 0001:000130e0       ?checkValid@shdfnd@physx@@YA_NABVPxMat33@2@@Z 100140e0 f   PsUtilities.obj
 0001:00013210       ?checkValid@shdfnd@physx@@YA_NABVPxTransform@2@@Z 10014210 f   PsUtilities.obj
 0001:00013290       ?checkValid@shdfnd@physx@@YA_NPBD@Z 10014290 f   PsUtilities.obj
 0001:00013370       ?PxCreateCollection@@YAPAVPxCollection@physx@@XZ 10014370 f   CmCollection.obj
 0001:000133d0       ?add@Collection@Cm@physx@@UAEXAAVPxBase@3@_K@Z 100143d0 f   CmCollection.obj
 0001:000134c0       ?remove@Collection@Cm@physx@@UAEXAAVPxBase@3@@Z 100144c0 f   CmCollection.obj
 0001:00013540       ?contains@Collection@Cm@physx@@UBE_NAAVPxBase@3@@Z 10014540 f   CmCollection.obj
 0001:00013560       ?addId@Collection@Cm@physx@@UAEXAAVPxBase@3@_K@Z 10014560 f   CmCollection.obj
 0001:00013680       ?removeId@Collection@Cm@physx@@UAEX_K@Z 10014680 f   CmCollection.obj
 0001:00013740       ?find@Collection@Cm@physx@@UBEPAVPxBase@3@_K@Z 10014740 f   CmCollection.obj
 0001:00013790       ?add@Collection@Cm@physx@@UAEXAAVPxCollection@3@@Z 10014790 f   CmCollection.obj
 0001:00013940       ?remove@Collection@Cm@physx@@UAEXAAVPxCollection@3@@Z 10014940 f   CmCollection.obj
 0001:000139d0       ?getNbObjects@Collection@Cm@physx@@UBEIXZ 100149d0 f   CmCollection.obj
 0001:000139e0       ?getObject@Collection@Cm@physx@@UBEAAVPxBase@3@I@Z 100149e0 f   CmCollection.obj
 0001:00013a00       ?getObjects@Collection@Cm@physx@@UBEIPAPAVPxBase@3@II@Z 10014a00 f   CmCollection.obj
 0001:00013aa0       ?getNbIds@Collection@Cm@physx@@UBEIXZ 10014aa0 f   CmCollection.obj
 0001:00013ab0       ?getId@Collection@Cm@physx@@UBE_KABVPxBase@3@@Z 10014ab0 f   CmCollection.obj
 0001:00013af0       ?getIds@Collection@Cm@physx@@UBEIPA_KII@Z 10014af0 f   CmCollection.obj
 0001:00013de0       ??0Collection@Cm@physx@@QAE@XZ 10014de0 f i CmCollection.obj
 0001:00013ec0       ??0Iter@?$HashBase@V?$Pair@$$CB_KPAVPxBase@physx@@@shdfnd@physx@@_KU?$Hash@_K@23@UGetKey@?$HashMapBase@_KPAVPxBase@physx@@U?$Hash@_K@shdfnd@2@VAllocator@42@@internal@23@VAllocator@23@$00@internal@shdfnd@physx@@QAE@AAV1234@@Z 10014ec0 f i CmCollection.obj
 0001:00013f30       ??1PxCollection@physx@@MAE@XZ 10014f30 f i CmCollection.obj
 0001:00013f40       ??_GCollection@Cm@physx@@UAEPAXI@Z 10014f40 f i CmCollection.obj
 0001:00013f40       ??_ECollection@Cm@physx@@UAEPAXI@Z 10014f40 f i CmCollection.obj
 0001:00013fb0       ??_GPxCollection@physx@@MAEPAXI@Z 10014fb0 f i CmCollection.obj
 0001:00013fb0       ??_EPxCollection@physx@@MAEPAXI@Z 10014fb0 f i CmCollection.obj
 0001:00013fe0       ?create@?$HashBase@V?$Pair@$$CB_KPAVPxBase@physx@@@shdfnd@physx@@_KU?$Hash@_K@23@UGetKey@?$HashMapBase@_KPAVPxBase@physx@@U?$Hash@_K@shdfnd@2@VAllocator@42@@internal@23@VAllocator@23@$00@internal@shdfnd@physx@@QAEPAV?$Pair@$$CB_KPAVPxBase@physx@@@34@AB_KAA_N@Z 10014fe0 f i CmCollection.obj
 0001:00014120       ?create@?$HashBase@V?$Pair@QAVPxBase@physx@@_K@shdfnd@physx@@PAVPxBase@3@U?$Hash@PAVPxBase@physx@@@23@UGetKey@?$HashMapBase@PAVPxBase@physx@@_KU?$Hash@PAVPxBase@physx@@@shdfnd@2@VAllocator@42@@internal@23@VAllocator@23@$00@internal@shdfnd@physx@@QAEPAV?$Pair@QAVPxBase@physx@@_K@34@ABQAVPxBase@4@AA_N@Z 10015120 f i CmCollection.obj
 0001:00014280       ?erase@?$HashBase@V?$Pair@$$CB_KPAVPxBase@physx@@@shdfnd@physx@@_KU?$Hash@_K@23@UGetKey@?$HashMapBase@_KPAVPxBase@physx@@U?$Hash@_K@shdfnd@2@VAllocator@42@@internal@23@VAllocator@23@$00@internal@shdfnd@physx@@QAE_NAB_K@Z 10015280 f i CmCollection.obj
 0001:00014350       ?erase@?$HashBase@V?$Pair@QAVPxBase@physx@@_K@shdfnd@physx@@PAVPxBase@3@U?$Hash@PAVPxBase@physx@@@23@UGetKey@?$HashMapBase@PAVPxBase@physx@@_KU?$Hash@PAVPxBase@physx@@@shdfnd@2@VAllocator@42@@internal@23@VAllocator@23@$00@internal@shdfnd@physx@@QAE_NABQAVPxBase@4@@Z 10015350 f i CmCollection.obj
 0001:00014430       ?find@?$HashBase@V?$Pair@$$CB_KPAVPxBase@physx@@@shdfnd@physx@@_KU?$Hash@_K@23@UGetKey@?$HashMapBase@_KPAVPxBase@physx@@U?$Hash@_K@shdfnd@2@VAllocator@42@@internal@23@VAllocator@23@$00@internal@shdfnd@physx@@QBEPBV?$Pair@$$CB_KPAVPxBase@physx@@@34@AB_K@Z 10015430 f i CmCollection.obj
 0001:000144d0       ?find@?$HashBase@V?$Pair@QAVPxBase@physx@@_K@shdfnd@physx@@PAVPxBase@3@U?$Hash@PAVPxBase@physx@@@23@UGetKey@?$HashMapBase@PAVPxBase@physx@@_KU?$Hash@PAVPxBase@physx@@@shdfnd@2@VAllocator@42@@internal@23@VAllocator@23@$00@internal@shdfnd@physx@@QBEPBV?$Pair@QAVPxBase@physx@@_K@34@ABQAVPxBase@4@@Z 100154d0 f i CmCollection.obj
 0001:00014590       ?hash@shdfnd@physx@@YAI_K@Z 10015590 f i CmCollection.obj
 0001:00014640       ?insert@?$HashMapBase@_KPAVPxBase@physx@@U?$Hash@_K@shdfnd@2@VAllocator@42@@internal@shdfnd@physx@@QAE_N_KQAVPxBase@4@@Z 10015640 f i CmCollection.obj
 0001:00014690       ?release@Collection@Cm@physx@@UAEXXZ 10015690 f i CmCollection.obj
 0001:000146a0       ?replaceWithLast@?$HashBase@V?$Pair@$$CB_KPAVPxBase@physx@@@shdfnd@physx@@_KU?$Hash@_K@23@UGetKey@?$HashMapBase@_KPAVPxBase@physx@@U?$Hash@_K@shdfnd@2@VAllocator@42@@internal@23@VAllocator@23@$00@internal@shdfnd@physx@@AAEXI@Z 100156a0 f i CmCollection.obj
 0001:00014740       ?replaceWithLast@?$HashBase@V?$Pair@QAVPxBase@physx@@_K@shdfnd@physx@@PAVPxBase@3@U?$Hash@PAVPxBase@physx@@@23@UGetKey@?$HashMapBase@PAVPxBase@physx@@_KU?$Hash@PAVPxBase@physx@@@shdfnd@2@VAllocator@42@@internal@23@VAllocator@23@$00@internal@shdfnd@physx@@AAEXI@Z 10015740 f i CmCollection.obj
 0001:00014800       ?reserveInternal@?$HashBase@V?$Pair@$$CB_KPAVPxBase@physx@@@shdfnd@physx@@_KU?$Hash@_K@23@UGetKey@?$HashMapBase@_KPAVPxBase@physx@@U?$Hash@_K@shdfnd@2@VAllocator@42@@internal@23@VAllocator@23@$00@internal@shdfnd@physx@@AAEXI@Z 10015800 f i CmCollection.obj
 0001:00014a60       ?reserveInternal@?$HashBase@V?$Pair@QAVPxBase@physx@@_K@shdfnd@physx@@PAVPxBase@3@U?$Hash@PAVPxBase@physx@@@23@UGetKey@?$HashMapBase@PAVPxBase@physx@@_KU?$Hash@PAVPxBase@physx@@@shdfnd@2@VAllocator@42@@internal@23@VAllocator@23@$00@internal@shdfnd@physx@@AAEXI@Z 10015a60 f i CmCollection.obj
 0001:00014c40       ?getProfileNames@CmEventNameProvider@Cm@physx@@UBE?AUPxProfileNames@3@XZ 10015c40 f   CmEventProfiler.obj
 0001:00014c60       ?getStringFromId@EventProfiler@Cm@physx@@QAEPBDG@Z 10015c60 f   CmEventProfiler.obj
 0001:00014c80       ?enableNVTXSupport@Cm@physx@@YAX_N@Z 10015c80 f   CmEventProfiler.obj
 0001:00014c90       ?isNVTXSupportEnabled@Cm@physx@@YA_NXZ 10015c90 f   CmEventProfiler.obj
 0001:00014cb0       ?GetMBPPostUpdate@BroadPhase@ProfileEventId@Cm@physx@@SAABUPxProfileEventId@4@XZ 10015cb0 f i CmEventProfiler.obj
 0001:00014cc0       ?GetMBPPostUpdateSPU@BroadPhase@ProfileEventId@Cm@physx@@SAABUPxProfileEventId@4@XZ 10015cc0 f i CmEventProfiler.obj
 0001:00014cd0       ?GetMBPUpdate@BroadPhase@ProfileEventId@Cm@physx@@SAABUPxProfileEventId@4@XZ 10015cd0 f i CmEventProfiler.obj
 0001:00014ce0       ?GetMBPUpdateSPU@BroadPhase@ProfileEventId@Cm@physx@@SAABUPxProfileEventId@4@XZ 10015ce0 f i CmEventProfiler.obj
 0001:00014cf0       ?GetSapPostUpdate@BroadPhase@ProfileEventId@Cm@physx@@SAABUPxProfileEventId@4@XZ 10015cf0 f i CmEventProfiler.obj
 0001:00014d00       ?GetSapPostUpdateSPU@BroadPhase@ProfileEventId@Cm@physx@@SAABUPxProfileEventId@4@XZ 10015d00 f i CmEventProfiler.obj
 0001:00014d10       ?GetSapUpdate@BroadPhase@ProfileEventId@Cm@physx@@SAABUPxProfileEventId@4@XZ 10015d10 f i CmEventProfiler.obj
 0001:00014d20       ?GetSapUpdateSPU@BroadPhase@ProfileEventId@Cm@physx@@SAABUPxProfileEventId@4@XZ 10015d20 f i CmEventProfiler.obj
 0001:00014d30       ?GetaddActor@API@ProfileEventId@Cm@physx@@SAABUPxProfileEventId@4@XZ 10015d30 f i CmEventProfiler.obj
 0001:00014d40       ?GetaddActorToSim@API@ProfileEventId@Cm@physx@@SAABUPxProfileEventId@4@XZ 10015d40 f i CmEventProfiler.obj
 0001:00014d50       ?GetaddActors@API@ProfileEventId@Cm@physx@@SAABUPxProfileEventId@4@XZ 10015d50 f i CmEventProfiler.obj
 0001:00014d60       ?GetaddAggregate@API@ProfileEventId@Cm@physx@@SAABUPxProfileEventId@4@XZ 10015d60 f i CmEventProfiler.obj
 0001:00014d70       ?GetaddArticulation@API@ProfileEventId@Cm@physx@@SAABUPxProfileEventId@4@XZ 10015d70 f i CmEventProfiler.obj
 0001:00014d80       ?GetaddCloth@API@ProfileEventId@Cm@physx@@SAABUPxProfileEventId@4@XZ 10015d80 f i CmEventProfiler.obj
 0001:00014d90       ?GetaddCollection@API@ProfileEventId@Cm@physx@@SAABUPxProfileEventId@4@XZ 10015d90 f i CmEventProfiler.obj
 0001:00014da0       ?GetaddParticleFluid@API@ProfileEventId@Cm@physx@@SAABUPxProfileEventId@4@XZ 10015da0 f i CmEventProfiler.obj
 0001:00014db0       ?GetaddParticleSystem@API@ProfileEventId@Cm@physx@@SAABUPxProfileEventId@4@XZ 10015db0 f i CmEventProfiler.obj
 0001:00014dc0       ?GetaddShapesToSQ@API@ProfileEventId@Cm@physx@@SAABUPxProfileEventId@4@XZ 10015dc0 f i CmEventProfiler.obj
 0001:00014dd0       ?GetaddShapesToSim@API@ProfileEventId@Cm@physx@@SAABUPxProfileEventId@4@XZ 10015dd0 f i CmEventProfiler.obj
 0001:00014de0       ?GetapplyExternalImpulses@Articulations@ProfileEventId@Cm@physx@@SAABUPxProfileEventId@4@XZ 10015de0 f i CmEventProfiler.obj
 0001:00014df0       ?GetapplyJointDrives@Articulations@ProfileEventId@Cm@physx@@SAABUPxProfileEventId@4@XZ 10015df0 f i CmEventProfiler.obj
 0001:00014e00       ?GetbroadPhase@Basic@ProfileEventId@Cm@physx@@SAABUPxProfileEventId@4@XZ 10015e00 f i CmEventProfiler.obj
 0001:00014e10       ?GetbrokenEdgeIslands@IslandGen@ProfileEventId@Cm@physx@@SAABUPxProfileEventId@4@XZ 10015e10 f i CmEventProfiler.obj
 0001:00014e20       ?GetbuildActiveTransforms@Sim@ProfileEventId@Cm@physx@@SAABUPxProfileEventId@4@XZ 10015e20 f i CmEventProfiler.obj
 0001:00014e30       ?GetccdBroadPhase@Sim@ProfileEventId@Cm@physx@@SAABUPxProfileEventId@4@XZ 10015e30 f i CmEventProfiler.obj
 0001:00014e40       ?GetccdBroadPhaseComplete@Sim@ProfileEventId@Cm@physx@@SAABUPxProfileEventId@4@XZ 10015e40 f i CmEventProfiler.obj
 0001:00014e50       ?GetccdIsland@Sim@ProfileEventId@Cm@physx@@SAABUPxProfileEventId@4@XZ 10015e50 f i CmEventProfiler.obj
 0001:00014e60       ?GetccdPair@Sim@ProfileEventId@Cm@physx@@SAABUPxProfileEventId@4@XZ 10015e60 f i CmEventProfiler.obj
 0001:00014e70       ?GetccdSweep@Sim@ProfileEventId@Cm@physx@@SAABUPxProfileEventId@4@XZ 10015e70 f i CmEventProfiler.obj
 0001:00014e80       ?GetccdSweepMerge@Sim@ProfileEventId@Cm@physx@@SAABUPxProfileEventId@4@XZ 10015e80 f i CmEventProfiler.obj
 0001:00014e90       ?GetcheckCollision@Basic@ProfileEventId@Cm@physx@@SAABUPxProfileEventId@4@XZ 10015e90 f i CmEventProfiler.obj
 0001:00014ea0       ?GetcheckConstraintBreakage@Sim@ProfileEventId@Cm@physx@@SAABUPxProfileEventId@4@XZ 10015ea0 f i CmEventProfiler.obj
 0001:00014eb0       ?GetcheckResults@Basic@ProfileEventId@Cm@physx@@SAABUPxProfileEventId@4@XZ 10015eb0 f i CmEventProfiler.obj
 0001:00014ec0       ?GetcleanupEdgeEvents@IslandGen@ProfileEventId@Cm@physx@@SAABUPxProfileEventId@4@XZ 10015ec0 f i CmEventProfiler.obj
 0001:00014ed0       ?GetcollideQueueTasks@Sim@ProfileEventId@Cm@physx@@SAABUPxProfileEventId@4@XZ 10015ed0 f i CmEventProfiler.obj
 0001:00014ee0       ?Getcollision@Basic@ProfileEventId@Cm@physx@@SAABUPxProfileEventId@4@XZ 10015ee0 f i CmEventProfiler.obj
 0001:00014ef0       ?GetcomputeAABBUpdateLists@BroadPhase@ProfileEventId@Cm@physx@@SAABUPxProfileEventId@4@XZ 10015ef0 f i CmEventProfiler.obj
 0001:00014f00       ?GetcomputeAggAggShapePairs@BroadPhase@ProfileEventId@Cm@physx@@SAABUPxProfileEventId@4@XZ 10015f00 f i CmEventProfiler.obj
 0001:00014f10       ?GetcomputeJointDrives@Articulations@ProfileEventId@Cm@physx@@SAABUPxProfileEventId@4@XZ 10015f10 f i CmEventProfiler.obj
 0001:00014f20       ?GetcorrelatePatches@Dynamics@ProfileEventId@Cm@physx@@SAABUPxProfileEventId@4@XZ 10015f20 f i CmEventProfiler.obj
 0001:00014f30       ?GetcreateBatchQuery@API@ProfileEventId@Cm@physx@@SAABUPxProfileEventId@4@XZ 10015f30 f i CmEventProfiler.obj
 0001:00014f40       ?GetcreateContactPatches@Dynamics@ProfileEventId@Cm@physx@@SAABUPxProfileEventId@4@XZ 10015f40 f i CmEventProfiler.obj
 0001:00014f50       ?GetcreateFinalize@Dynamics@ProfileEventId@Cm@physx@@SAABUPxProfileEventId@4@XZ 10015f50 f i CmEventProfiler.obj
 0001:00014f60       ?GetcreatePVDInstance@PVD@ProfileEventId@Cm@physx@@SAABUPxProfileEventId@4@XZ 10015f60 f i CmEventProfiler.obj
 0001:00014f70       ?GetcreatedNodes@IslandGen@ProfileEventId@Cm@physx@@SAABUPxProfileEventId@4@XZ 10015f70 f i CmEventProfiler.obj
 0001:00014f80       ?GetdeletedNodesEdges@IslandGen@ProfileEventId@Cm@physx@@SAABUPxProfileEventId@4@XZ 10015f80 f i CmEventProfiler.obj
 0001:00014f90       ?GetduplicateKinematicNodes@IslandGen@ProfileEventId@Cm@physx@@SAABUPxProfileEventId@4@XZ 10015f90 f i CmEventProfiler.obj
 0001:00014fa0       ?Getdynamics@Basic@ProfileEventId@Cm@physx@@SAABUPxProfileEventId@4@XZ 10015fa0 f i CmEventProfiler.obj
 0001:00014fb0       ?GetemptyIslands@IslandGen@ProfileEventId@Cm@physx@@SAABUPxProfileEventId@4@XZ 10015fb0 f i CmEventProfiler.obj
 0001:00014fc0       ?GetendStep@ParticleSim@ProfileEventId@Cm@physx@@SAABUPxProfileEventId@4@XZ 10015fc0 f i CmEventProfiler.obj
 0001:00014fd0       ?Getexecute@BatchedSceneQuery@ProfileEventId@Cm@physx@@SAABUPxProfileEventId@4@XZ 10015fd0 f i CmEventProfiler.obj
 0001:00014fe0       ?GetfetchResults@Basic@ProfileEventId@Cm@physx@@SAABUPxProfileEventId@4@XZ 10015fe0 f i CmEventProfiler.obj
 0001:00014ff0       ?GetfetchResults@Sim@ProfileEventId@Cm@physx@@SAABUPxProfileEventId@4@XZ 10015ff0 f i CmEventProfiler.obj
 0001:00015000       ?GetfindAndReplaceWithLast@API@ProfileEventId@Cm@physx@@SAABUPxProfileEventId@4@XZ 10016000 f i CmEventProfiler.obj
 0001:00015010       ?Getfinish@BroadPhase@ProfileEventId@Cm@physx@@SAABUPxProfileEventId@4@XZ 10016010 f i CmEventProfiler.obj
 0001:00015020       ?GetfinishModifiablePairs@Sim@ProfileEventId@Cm@physx@@SAABUPxProfileEventId@4@XZ 10016020 f i CmEventProfiler.obj
 0001:00015030       ?GetfireCallBacksPostSync@Sim@ProfileEventId@Cm@physx@@SAABUPxProfileEventId@4@XZ 10016030 f i CmEventProfiler.obj
 0001:00015040       ?GetfireCallBacksPreSync@Sim@ProfileEventId@Cm@physx@@SAABUPxProfileEventId@4@XZ 10016040 f i CmEventProfiler.obj
 0001:00015050       ?GetfireCustomFilteringCallbacks@Sim@ProfileEventId@Cm@physx@@SAABUPxProfileEventId@4@XZ 10016050 f i CmEventProfiler.obj
 0001:00015060       ?GetflushQueryUpdates@API@ProfileEventId@Cm@physx@@SAABUPxProfileEventId@4@XZ 10016060 f i CmEventProfiler.obj
 0001:00015070       ?GetflushSimulation@API@ProfileEventId@Cm@physx@@SAABUPxProfileEventId@4@XZ 10016070 f i CmEventProfiler.obj
 0001:00015080       ?GetflushUpdates@SceneQuery@ProfileEventId@Cm@physx@@SAABUPxProfileEventId@4@XZ 10016080 f i CmEventProfiler.obj
 0001:00015090       ?GetforceDynamicTreeRebuild@API@ProfileEventId@Cm@physx@@SAABUPxProfileEventId@4@XZ 10016090 f i CmEventProfiler.obj
 0001:000150a0       ?GetfreeBuffers@IslandGen@ProfileEventId@Cm@physx@@SAABUPxProfileEventId@4@XZ 100160a0 f i CmEventProfiler.obj
 0001:000150b0       ?GetgetFrictionPatch@Dynamics@ProfileEventId@Cm@physx@@SAABUPxProfileEventId@4@XZ 100160b0 f i CmEventProfiler.obj
 0001:000150c0       ?GetgetSimEvents@Sim@ProfileEventId@Cm@physx@@SAABUPxProfileEventId@4@XZ 100160c0 f i CmEventProfiler.obj
 0001:000150d0       ?GetgrowPatches@Dynamics@ProfileEventId@Cm@physx@@SAABUPxProfileEventId@4@XZ 100160d0 f i CmEventProfiler.obj
 0001:000150e0       ?Getintegrate@Articulations@ProfileEventId@Cm@physx@@SAABUPxProfileEventId@4@XZ 100160e0 f i CmEventProfiler.obj
 0001:000150f0       ?GetislandGen@Basic@ProfileEventId@Cm@physx@@SAABUPxProfileEventId@4@XZ 100160f0 f i CmEventProfiler.obj
 0001:00015100       ?GetjoinedEdges@IslandGen@ProfileEventId@Cm@physx@@SAABUPxProfileEventId@4@XZ 10016100 f i CmEventProfiler.obj
 0001:00015110       ?GetjointLoads@Articulations@ProfileEventId@Cm@physx@@SAABUPxProfileEventId@4@XZ 10016110 f i CmEventProfiler.obj
 0001:00015120       ?GetnarrowPhase@Basic@ProfileEventId@Cm@physx@@SAABUPxProfileEventId@4@XZ 10016120 f i CmEventProfiler.obj
 0001:00015130       ?GetnarrowPhase@Sim@ProfileEventId@Cm@physx@@SAABUPxProfileEventId@4@XZ 10016130 f i CmEventProfiler.obj
 0001:00015140       ?GetnarrowPhaseMerge@Sim@ProfileEventId@Cm@physx@@SAABUPxProfileEventId@4@XZ 10016140 f i CmEventProfiler.obj
 0001:00015150       ?GetoriginShift@PVD@ProfileEventId@Cm@physx@@SAABUPxProfileEventId@4@XZ 10016150 f i CmEventProfiler.obj
 0001:00015160       ?GetoverlapMultiple@BatchedSceneQuery@ProfileEventId@Cm@physx@@SAABUPxProfileEventId@4@XZ 10016160 f i CmEventProfiler.obj
 0001:00015170       ?GetoverlapMultiple@SceneQuery@ProfileEventId@Cm@physx@@SAABUPxProfileEventId@4@XZ 10016170 f i CmEventProfiler.obj
 0001:00015180       ?GetparallelSolve@Dynamics@ProfileEventId@Cm@physx@@SAABUPxProfileEventId@4@XZ 10016180 f i CmEventProfiler.obj
 0001:00015190       ?GetpostIslandGenSecondPass@Sim@ProfileEventId@Cm@physx@@SAABUPxProfileEventId@4@XZ 10016190 f i CmEventProfiler.obj
 0001:000151a0       ?GetpreIslandGen@Sim@ProfileEventId@Cm@physx@@SAABUPxProfileEventId@4@XZ 100161a0 f i CmEventProfiler.obj
 0001:000151b0       ?GetpreIslandGenSecondPass@Sim@ProfileEventId@Cm@physx@@SAABUPxProfileEventId@4@XZ 100161b0 f i CmEventProfiler.obj
 0001:000151c0       ?GetprepareDataBlock@Articulations@ProfileEventId@Cm@physx@@SAABUPxProfileEventId@4@XZ 100161c0 f i CmEventProfiler.obj
 0001:000151d0       ?GetprepareFsData@Articulations@ProfileEventId@Cm@physx@@SAABUPxProfileEventId@4@XZ 100161d0 f i CmEventProfiler.obj
 0001:000151e0       ?GetprocessBPResults@BroadPhase@ProfileEventId@Cm@physx@@SAABUPxProfileEventId@4@XZ 100161e0 f i CmEventProfiler.obj
 0001:000151f0       ?GetprocessLostOverlaps@Sim@ProfileEventId@Cm@physx@@SAABUPxProfileEventId@4@XZ 100161f0 f i CmEventProfiler.obj
 0001:00015200       ?GetprocessNewOverlaps@Sim@ProfileEventId@Cm@physx@@SAABUPxProfileEventId@4@XZ 10016200 f i CmEventProfiler.obj
 0001:00015210       ?GetprocessSleepingIslands@IslandGen@ProfileEventId@Cm@physx@@SAABUPxProfileEventId@4@XZ 10016210 f i CmEventProfiler.obj
 0001:00015220       ?GetprocessTriggers@Sim@ProfileEventId@Cm@physx@@SAABUPxProfileEventId@4@XZ 10016220 f i CmEventProfiler.obj
 0001:00015230       ?GetprojectConstraints@Sim@ProfileEventId@Cm@physx@@SAABUPxProfileEventId@4@XZ 10016230 f i CmEventProfiler.obj
 0001:00015240       ?GetprojectContacts@Sim@ProfileEventId@Cm@physx@@SAABUPxProfileEventId@4@XZ 10016240 f i CmEventProfiler.obj
 0001:00015250       ?GetprojectionTreeUpdates@Sim@ProfileEventId@Cm@physx@@SAABUPxProfileEventId@4@XZ 10016250 f i CmEventProfiler.obj
 0001:00015260       ?GetpropagateDrivenInertia@Articulations@ProfileEventId@Cm@physx@@SAABUPxProfileEventId@4@XZ 10016260 f i CmEventProfiler.obj
 0001:00015270       ?GetpvdFrameStart@Basic@ProfileEventId@Cm@physx@@SAABUPxProfileEventId@4@XZ 10016270 f i CmEventProfiler.obj
 0001:00015280       ?GetqueueNarrowPhase@Sim@ProfileEventId@Cm@physx@@SAABUPxProfileEventId@4@XZ 10016280 f i CmEventProfiler.obj
 0001:00015290       ?GetraycastAny@BatchedSceneQuery@ProfileEventId@Cm@physx@@SAABUPxProfileEventId@4@XZ 10016290 f i CmEventProfiler.obj
 0001:000152a0       ?GetraycastAny@SceneQuery@ProfileEventId@Cm@physx@@SAABUPxProfileEventId@4@XZ 100162a0 f i CmEventProfiler.obj
 0001:000152b0       ?GetraycastMultiple@BatchedSceneQuery@ProfileEventId@Cm@physx@@SAABUPxProfileEventId@4@XZ 100162b0 f i CmEventProfiler.obj
 0001:000152c0       ?GetraycastMultiple@SceneQuery@ProfileEventId@Cm@physx@@SAABUPxProfileEventId@4@XZ 100162c0 f i CmEventProfiler.obj
 0001:000152d0       ?GetraycastSingle@BatchedSceneQuery@ProfileEventId@Cm@physx@@SAABUPxProfileEventId@4@XZ 100162d0 f i CmEventProfiler.obj
 0001:000152e0       ?GetraycastSingle@SceneQuery@ProfileEventId@Cm@physx@@SAABUPxProfileEventId@4@XZ 100162e0 f i CmEventProfiler.obj
 0001:000152f0       ?GetreleaseBatchQuery@API@ProfileEventId@Cm@physx@@SAABUPxProfileEventId@4@XZ 100162f0 f i CmEventProfiler.obj
 0001:00015300       ?GetreleasePVDInstance@PVD@ProfileEventId@Cm@physx@@SAABUPxProfileEventId@4@XZ 10016300 f i CmEventProfiler.obj
 0001:00015310       ?GetremoveActor@API@ProfileEventId@Cm@physx@@SAABUPxProfileEventId@4@XZ 10016310 f i CmEventProfiler.obj
 0001:00015320       ?GetremoveActorFromSim@API@ProfileEventId@Cm@physx@@SAABUPxProfileEventId@4@XZ 10016320 f i CmEventProfiler.obj
 0001:00015330       ?GetremoveActors@API@ProfileEventId@Cm@physx@@SAABUPxProfileEventId@4@XZ 10016330 f i CmEventProfiler.obj
 0001:00015340       ?GetremoveAggregate@API@ProfileEventId@Cm@physx@@SAABUPxProfileEventId@4@XZ 10016340 f i CmEventProfiler.obj
 0001:00015350       ?GetremoveArticulation@API@ProfileEventId@Cm@physx@@SAABUPxProfileEventId@4@XZ 10016350 f i CmEventProfiler.obj
 0001:00015360       ?GetremoveCloth@API@ProfileEventId@Cm@physx@@SAABUPxProfileEventId@4@XZ 10016360 f i CmEventProfiler.obj
 0001:00015370       ?GetremoveParticleFluid@API@ProfileEventId@Cm@physx@@SAABUPxProfileEventId@4@XZ 10016370 f i CmEventProfiler.obj
 0001:00015380       ?GetremoveParticleSystem@API@ProfileEventId@Cm@physx@@SAABUPxProfileEventId@4@XZ 10016380 f i CmEventProfiler.obj
 0001:00015390       ?GetremoveShapesFromSQ@API@ProfileEventId@Cm@physx@@SAABUPxProfileEventId@4@XZ 10016390 f i CmEventProfiler.obj
 0001:000153a0       ?GetremoveShapesFromSim@API@ProfileEventId@Cm@physx@@SAABUPxProfileEventId@4@XZ 100163a0 f i CmEventProfiler.obj
 0001:000153b0       ?GetresetDependencies@Sim@ProfileEventId@Cm@physx@@SAABUPxProfileEventId@4@XZ 100163b0 f i CmEventProfiler.obj
 0001:000153c0       ?GetresizeArrays@IslandGen@ProfileEventId@Cm@physx@@SAABUPxProfileEventId@4@XZ 100163c0 f i CmEventProfiler.obj
 0001:000153d0       ?GetresizeForKinematics@IslandGen@ProfileEventId@Cm@physx@@SAABUPxProfileEventId@4@XZ 100163d0 f i CmEventProfiler.obj
 0001:000153e0       ?GetrigidBodySolver@Basic@ProfileEventId@Cm@physx@@SAABUPxProfileEventId@4@XZ 100163e0 f i CmEventProfiler.obj
 0001:000153f0       ?GetsceneFinalization@Sim@ProfileEventId@Cm@physx@@SAABUPxProfileEventId@4@XZ 100163f0 f i CmEventProfiler.obj
 0001:00015400       ?GetsceneUpdate@PVD@ProfileEventId@Cm@physx@@SAABUPxProfileEventId@4@XZ 10016400 f i CmEventProfiler.obj
 0001:00015410       ?GetsendPVDArrays@PVD@ProfileEventId@Cm@physx@@SAABUPxProfileEventId@4@XZ 10016410 f i CmEventProfiler.obj
 0001:00015420       ?GetsetupConstraints@Articulations@ProfileEventId@Cm@physx@@SAABUPxProfileEventId@4@XZ 10016420 f i CmEventProfiler.obj
 0001:00015430       ?GetsetupDrives@Articulations@ProfileEventId@Cm@physx@@SAABUPxProfileEventId@4@XZ 10016430 f i CmEventProfiler.obj
 0001:00015440       ?GetsetupFinalize@Dynamics@ProfileEventId@Cm@physx@@SAABUPxProfileEventId@4@XZ 10016440 f i CmEventProfiler.obj
 0001:00015450       ?GetsetupProject@Articulations@ProfileEventId@Cm@physx@@SAABUPxProfileEventId@4@XZ 10016450 f i CmEventProfiler.obj
 0001:00015460       ?GetshapesUpdateProcessing@ParticleSim@ProfileEventId@Cm@physx@@SAABUPxProfileEventId@4@XZ 10016460 f i CmEventProfiler.obj
 0001:00015470       ?GetshiftOrigin@API@ProfileEventId@Cm@physx@@SAABUPxProfileEventId@4@XZ 10016470 f i CmEventProfiler.obj
 0001:00015480       ?GetsimAddShapeToBroadPhase@API@ProfileEventId@Cm@physx@@SAABUPxProfileEventId@4@XZ 10016480 f i CmEventProfiler.obj
 0001:00015490       ?Getsimulate@Basic@ProfileEventId@Cm@physx@@SAABUPxProfileEventId@4@XZ 10016490 f i CmEventProfiler.obj
 0001:000154a0       ?GetsolveGroup@Dynamics@ProfileEventId@Cm@physx@@SAABUPxProfileEventId@4@XZ 100164a0 f i CmEventProfiler.obj
 0001:000154b0       ?GetsolveQueueTasks@Sim@ProfileEventId@Cm@physx@@SAABUPxProfileEventId@4@XZ 100164b0 f i CmEventProfiler.obj
 0001:000154c0       ?Getsolver@Dynamics@ProfileEventId@Cm@physx@@SAABUPxProfileEventId@4@XZ 100164c0 f i CmEventProfiler.obj
 0001:000154d0       ?GetsolverMergeResults@Dynamics@ProfileEventId@Cm@physx@@SAABUPxProfileEventId@4@XZ 100164d0 f i CmEventProfiler.obj
 0001:000154e0       ?GetsolverQueueTasks@Dynamics@ProfileEventId@Cm@physx@@SAABUPxProfileEventId@4@XZ 100164e0 f i CmEventProfiler.obj
 0001:000154f0       ?GetstartStep@ParticleSim@ProfileEventId@Cm@physx@@SAABUPxProfileEventId@4@XZ 100164f0 f i CmEventProfiler.obj
 0001:00015500       ?GetstepSetupCollide@Sim@ProfileEventId@Cm@physx@@SAABUPxProfileEventId@4@XZ 10016500 f i CmEventProfiler.obj
 0001:00015510       ?GetstepSetupSimulate@Sim@ProfileEventId@Cm@physx@@SAABUPxProfileEventId@4@XZ 10016510 f i CmEventProfiler.obj
 0001:00015520       ?GetstepSetupSolve@Sim@ProfileEventId@Cm@physx@@SAABUPxProfileEventId@4@XZ 10016520 f i CmEventProfiler.obj
 0001:00015530       ?GetsweepAny@SceneQuery@ProfileEventId@Cm@physx@@SAABUPxProfileEventId@4@XZ 10016530 f i CmEventProfiler.obj
 0001:00015540       ?GetsweepAnyList@SceneQuery@ProfileEventId@Cm@physx@@SAABUPxProfileEventId@4@XZ 10016540 f i CmEventProfiler.obj
 0001:00015550       ?GetsweepMultiple@BatchedSceneQuery@ProfileEventId@Cm@physx@@SAABUPxProfileEventId@4@XZ 10016550 f i CmEventProfiler.obj
 0001:00015560       ?GetsweepMultiple@SceneQuery@ProfileEventId@Cm@physx@@SAABUPxProfileEventId@4@XZ 10016560 f i CmEventProfiler.obj
 0001:00015570       ?GetsweepMultipleList@SceneQuery@ProfileEventId@Cm@physx@@SAABUPxProfileEventId@4@XZ 10016570 f i CmEventProfiler.obj
 0001:00015580       ?GetsweepSingle@BatchedSceneQuery@ProfileEventId@Cm@physx@@SAABUPxProfileEventId@4@XZ 10016580 f i CmEventProfiler.obj
 0001:00015590       ?GetsweepSingle@SceneQuery@ProfileEventId@Cm@physx@@SAABUPxProfileEventId@4@XZ 10016590 f i CmEventProfiler.obj
 0001:000155a0       ?GetsweepSingleList@SceneQuery@ProfileEventId@Cm@physx@@SAABUPxProfileEventId@4@XZ 100165a0 f i CmEventProfiler.obj
 0001:000155b0       ?GetsyncBodiesAfterIntegration@Sim@ProfileEventId@Cm@physx@@SAABUPxProfileEventId@4@XZ 100165b0 f i CmEventProfiler.obj
 0001:000155c0       ?GetsyncBodiesAfterSolver@Sim@ProfileEventId@Cm@physx@@SAABUPxProfileEventId@4@XZ 100165c0 f i CmEventProfiler.obj
 0001:000155d0       ?GetsyncState@Sim@ProfileEventId@Cm@physx@@SAABUPxProfileEventId@4@XZ 100165d0 f i CmEventProfiler.obj
 0001:000155e0       ?GettaskFrameworkSetup@Sim@ProfileEventId@Cm@physx@@SAABUPxProfileEventId@4@XZ 100165e0 f i CmEventProfiler.obj
 0001:000155f0       ?GetupdateAggAABBs@BroadPhase@ProfileEventId@Cm@physx@@SAABUPxProfileEventId@4@XZ 100165f0 f i CmEventProfiler.obj
 0001:00015600       ?GetupdateAggLocalSpaceBounds@BroadPhase@ProfileEventId@Cm@physx@@SAABUPxProfileEventId@4@XZ 10016600 f i CmEventProfiler.obj
 0001:00015610       ?GetupdateBroadphase@BroadPhase@ProfileEventId@Cm@physx@@SAABUPxProfileEventId@4@XZ 10016610 f i CmEventProfiler.obj
 0001:00015620       ?GetupdateCCDMultiPass@Sim@ProfileEventId@Cm@physx@@SAABUPxProfileEventId@4@XZ 10016620 f i CmEventProfiler.obj
 0001:00015630       ?GetupdateCCDSinglePass@Sim@ProfileEventId@Cm@physx@@SAABUPxProfileEventId@4@XZ 10016630 f i CmEventProfiler.obj
 0001:00015640       ?GetupdateCloths@PVD@ProfileEventId@Cm@physx@@SAABUPxProfileEventId@4@XZ 10016640 f i CmEventProfiler.obj
 0001:00015650       ?GetupdateCollision@ParticleSim@ProfileEventId@Cm@physx@@SAABUPxProfileEventId@4@XZ 10016650 f i CmEventProfiler.obj
 0001:00015660       ?GetupdateContacts@PVD@ProfileEventId@Cm@physx@@SAABUPxProfileEventId@4@XZ 10016660 f i CmEventProfiler.obj
 0001:00015670       ?GetupdateDirtyShaders@Sim@ProfileEventId@Cm@physx@@SAABUPxProfileEventId@4@XZ 10016670 f i CmEventProfiler.obj
 0001:00015680       ?GetupdateDynamicBodies@PVD@ProfileEventId@Cm@physx@@SAABUPxProfileEventId@4@XZ 10016680 f i CmEventProfiler.obj
 0001:00015690       ?GetupdateForces@Sim@ProfileEventId@Cm@physx@@SAABUPxProfileEventId@4@XZ 10016690 f i CmEventProfiler.obj
 0001:000156a0       ?GetupdateIslands@Sim@ProfileEventId@Cm@physx@@SAABUPxProfileEventId@4@XZ 100166a0 f i CmEventProfiler.obj
 0001:000156b0       ?GetupdateIslandsSecondPass@Sim@ProfileEventId@Cm@physx@@SAABUPxProfileEventId@4@XZ 100166b0 f i CmEventProfiler.obj
 0001:000156c0       ?GetupdateJoints@PVD@ProfileEventId@Cm@physx@@SAABUPxProfileEventId@4@XZ 100166c0 f i CmEventProfiler.obj
 0001:000156d0       ?GetupdateKinematics@Dynamics@ProfileEventId@Cm@physx@@SAABUPxProfileEventId@4@XZ 100166d0 f i CmEventProfiler.obj
 0001:000156e0       ?GetupdateLazyAggShapeAABBs@BroadPhase@ProfileEventId@Cm@physx@@SAABUPxProfileEventId@4@XZ 100166e0 f i CmEventProfiler.obj
 0001:000156f0       ?GetupdatePVDProperties@PVD@ProfileEventId@Cm@physx@@SAABUPxProfileEventId@4@XZ 100166f0 f i CmEventProfiler.obj
 0001:00015700       ?GetupdatePariclesAndFluids@PVD@ProfileEventId@Cm@physx@@SAABUPxProfileEventId@4@XZ 10016700 f i CmEventProfiler.obj
 0001:00015710       ?GetupdatePositions@Dynamics@ProfileEventId@Cm@physx@@SAABUPxProfileEventId@4@XZ 10016710 f i CmEventProfiler.obj
 0001:00015720       ?GetupdatePruningTrees@Sim@ProfileEventId@Cm@physx@@SAABUPxProfileEventId@4@XZ 10016720 f i CmEventProfiler.obj
 0001:00015730       ?GetupdateShapeAABBs@BroadPhase@ProfileEventId@Cm@physx@@SAABUPxProfileEventId@4@XZ 10016730 f i CmEventProfiler.obj
 0001:00015740       ?GetupdateSleeping@PVD@ProfileEventId@Cm@physx@@SAABUPxProfileEventId@4@XZ 10016740 f i CmEventProfiler.obj
 0001:00015750       ?GetupdateVelocities@Dynamics@ProfileEventId@Cm@physx@@SAABUPxProfileEventId@4@XZ 10016750 f i CmEventProfiler.obj
 0001:00015760       ?GetvisualizeEndStep@Sim@ProfileEventId@Cm@physx@@SAABUPxProfileEventId@4@XZ 10016760 f i CmEventProfiler.obj
 0001:00015770       ?GetvisualizeStartStep@Sim@ProfileEventId@Cm@physx@@SAABUPxProfileEventId@4@XZ 10016770 f i CmEventProfiler.obj
 0001:00015780       ?create@?$HashBase@V?$Pair@$$CBUEventIdContextPair@nvtx@@_K@shdfnd@physx@@UEventIdContextPair@nvtx@@U?$Hash@UEventIdContextPair@nvtx@@@5@UGetKey@?$HashMapBase@UEventIdContextPair@nvtx@@_KU?$Hash@UEventIdContextPair@nvtx@@@2@VAllocator@shdfnd@physx@@@internal@23@VAllocator@23@$00@internal@shdfnd@physx@@QAEPAV?$Pair@$$CBUEventIdContextPair@nvtx@@_K@34@ABUEventIdContextPair@nvtx@@AA_N@Z 10016780 f i CmEventProfiler.obj
 0001:000158f0       ?reserveInternal@?$HashBase@V?$Pair@$$CBUEventIdContextPair@nvtx@@_K@shdfnd@physx@@UEventIdContextPair@nvtx@@U?$Hash@UEventIdContextPair@nvtx@@@5@UGetKey@?$HashMapBase@UEventIdContextPair@nvtx@@_KU?$Hash@UEventIdContextPair@nvtx@@@2@VAllocator@shdfnd@physx@@@internal@23@VAllocator@23@$00@internal@shdfnd@physx@@AAEXI@Z 100168f0 f i CmEventProfiler.obj
 0001:00015b60       ?storeCrossEvent@EventProfiler@Cm@physx@@QAEXG_K0@Z 10016b60 f i CmEventProfiler.obj
 0001:00015bf0       ?dumpFreeListAllocatorState@Cm@physx@@YAXAAVFreeListAllocator@12@@Z 10016bf0 f   CmFreeListAllocator.obj
 0001:00015cd0       ??0FreeListAllocator@Cm@physx@@QAE@AAVPxAllocatorCallback@2@@Z 10016cd0 f   CmFreeListAllocator.obj
 0001:00015d60       ??1FreeListAllocator@Cm@physx@@UAE@XZ 10016d60 f   CmFreeListAllocator.obj
 0001:00015de0       ?getQWSize@FreeListAllocator@Cm@physx@@SAII@Z 10016de0 f   CmFreeListAllocator.obj
 0001:00015e00       ?allocate@FreeListAllocator@Cm@physx@@UAEPAXIPBD0H@Z 10016e00 f   CmFreeListAllocator.obj
 0001:00015e80       ?deallocate@FreeListAllocator@Cm@physx@@UAEXPAX@Z 10016e80 f   CmFreeListAllocator.obj
 0001:00015ed0       ?findBestFit@FreeListAllocator@Cm@physx@@AAEPAVChunk@23@IAAI@Z 10016ed0 f   CmFreeListAllocator.obj
 0001:00015f50       ?pushOnFreeList@FreeListAllocator@Cm@physx@@AAEXPAVChunk@23@I@Z 10016f50 f   CmFreeListAllocator.obj
 0001:00015fb0       ?popFromFreeList@FreeListAllocator@Cm@physx@@AAEPAVChunk@23@I@Z 10016fb0 f   CmFreeListAllocator.obj
 0001:00016030       ?unlinkFromFreeList@FreeListAllocator@Cm@physx@@AAEXPAVChunk@23@@Z 10017030 f   CmFreeListAllocator.obj
 0001:000160b0       ?allocChunk@FreeListAllocator@Cm@physx@@AAEPAXI@Z 100170b0 f   CmFreeListAllocator.obj
 0001:000161a0       ?freeChunk@FreeListAllocator@Cm@physx@@AAEXPAVChunk@23@@Z 100171a0 f   CmFreeListAllocator.obj
 0001:00016340       ?directAlloc@FreeListAllocator@Cm@physx@@AAEPAXI@Z 10017340 f   CmFreeListAllocator.obj
 0001:00016370       ?directFree@FreeListAllocator@Cm@physx@@AAEXPAX@Z 10017370 f   CmFreeListAllocator.obj
 0001:00016390       ?createFreeListAllocator@Cm@physx@@YAPAVFreeListAllocator@12@AAVPxAllocatorCallback@2@@Z 10017390 f   CmFreeListAllocator.obj
 0001:000163d0       ?destroyFreeListAllocator@Cm@physx@@YAXAAVFreeListAllocator@12@@Z 100173d0 f   CmFreeListAllocator.obj
 0001:000165f0       ??$addAddr@VBlock@Cm@physx@@@Cm@physx@@YAPAVBlock@01@PAV201@H@Z 100175f0 f i CmFreeListAllocator.obj
 0001:00016600       ??$addAddr@VChunk@Cm@physx@@@Cm@physx@@YAPAVChunk@01@PAV201@H@Z 10017600 f i CmFreeListAllocator.obj
 0001:00016610       ??$addAddr@X@Cm@physx@@YAPAXPAXH@Z 10017610 f i CmFreeListAllocator.obj
 0001:00016620       ??_EFreeListAllocator@Cm@physx@@UAEPAXI@Z 10017620 f i CmFreeListAllocator.obj
 0001:00016620       ??_GFreeListAllocator@Cm@physx@@UAEPAXI@Z 10017620 f i CmFreeListAllocator.obj
 0001:00016650       ?split@Chunk@Cm@physx@@QAEPAV123@I@Z 10017650 f i CmFreeListAllocator.obj
 0001:000166e0       _printf                    100176e0 f i CmFreeListAllocator.obj
 0001:00016720       ?PxShortestRotation@physx@@YA?AVPxQuat@1@ABVPxVec3@1@0@Z 10017720 f   CmMathUtils.obj
 0001:000168a0       ?PxTransformFromPlaneEquation@physx@@YA?AVPxTransform@1@ABVPxPlane@1@@Z 100178a0 f   CmMathUtils.obj
 0001:00016a50       ?PxTransformFromSegment@physx@@YA?AVPxTransform@1@ABVPxVec3@1@0PAM@Z 10017a50 f   CmMathUtils.obj
 0001:00016b90       ?PxDiagonalize@physx@@YA?AVPxVec3@1@ABVPxMat33@1@AAVPxQuat@1@@Z 10017b90 f   CmMathUtils.obj
 0001:00017670       ??0PtrTable@Cm@physx@@QAE@XZ 10018670 f   CmPtrTable.obj
 0001:00017680       ??1PtrTable@Cm@physx@@QAE@XZ 10018680 f   CmPtrTable.obj
 0001:00017690       ?add@PtrTable@Cm@physx@@QAEXPAXAAVPtrTableStorageManager@23@@Z 10018690 f   CmPtrTable.obj
 0001:00017740       ?replaceWithLast@PtrTable@Cm@physx@@QAEXIAAVPtrTableStorageManager@23@@Z 10018740 f   CmPtrTable.obj
 0001:00017810       ?clear@PtrTable@Cm@physx@@QAEXAAVPtrTableStorageManager@23@@Z 10018810 f   CmPtrTable.obj
 0001:00017880       ?find@PtrTable@Cm@physx@@QBEIPBX@Z 10018880 f   CmPtrTable.obj
 0001:000178c0       ?exportExtraData@PtrTable@Cm@physx@@QAEXAAVPxSerializationContext@3@@Z 100188c0 f   CmPtrTable.obj
 0001:00017900       ?importExtraData@PtrTable@Cm@physx@@QAEXAAVPxDeserializationContext@3@@Z 10018900 f   CmPtrTable.obj
 0001:00017930       ?getBinaryMetaData@PtrTable@Cm@physx@@SAXAAVPxOutputStream@3@@Z 10018930 f   CmPtrTable.obj
 0001:00017ae0       ?realloc@PtrTable@Cm@physx@@AAEXIIAAVPtrTableStorageManager@23@@Z 10018ae0 f   CmPtrTable.obj
 0001:00017c90       ??0PtrTable@Cm@physx@@QAE@ABW4PxEMPTY@2@@Z 10018c90 f i CmPtrTable.obj
 0001:00017cc0       ??4PtrTable@Cm@physx@@QAEAAU012@ABU012@@Z 10018cc0 f i CmPtrTable.obj
 0001:00017ce0       ?getCount@PtrTable@Cm@physx@@QBEIXZ 10018ce0 f i CmPtrTable.obj
 0001:00017cf0       ?getPtrs@PtrTable@Cm@physx@@QAEPAPAXXZ 10018cf0 f i CmPtrTable.obj
 0001:00017d00       ?getPtrs@PtrTable@Cm@physx@@QBEPBQAXXZ 10018d00 f i CmPtrTable.obj
 0001:00017d10       ??6RenderOutput@Cm@physx@@QAEAAV012@W4Primitive@012@@Z 10018d10 f   CmRenderOutput.obj
 0001:00017d30       ??6RenderOutput@Cm@physx@@QAEAAV012@I@Z 10018d30 f   CmRenderOutput.obj
 0001:00017d40       ??6RenderOutput@Cm@physx@@QAEAAV012@ABVPxMat44@2@@Z 10018d40 f   CmRenderOutput.obj
 0001:00017d60       ??6RenderOutput@Cm@physx@@QAEAAV012@ABVPxTransform@2@@Z 10018d60 f   CmRenderOutput.obj
 0001:00017d90       ??6RenderOutput@Cm@physx@@QAEAAV012@VPxVec3@2@@Z 10018d90 f   CmRenderOutput.obj
 0001:00018100       ??6RenderOutput@Cm@physx@@QAEAAV012@ABUDebugText@12@@Z 10019100 f   CmRenderOutput.obj
 0001:000182f0       ?outputCapsule@RenderOutput@Cm@physx@@QAEAAV123@MMABVMatrix34@23@@Z 100192f0 f   CmRenderOutput.obj
 0001:00018fb0       ??0DebugText@Cm@physx@@QAA@ABVPxVec3@2@MPBDZZ 10019fb0 f   CmRenderOutput.obj
 0001:00019020       ??6Cm@physx@@YAAAVRenderOutput@01@AAV201@ABUDebugBox@01@@Z 1001a020 f   CmRenderOutput.obj
 0001:00019470       ??6Cm@physx@@YAAAVRenderOutput@01@AAV201@ABUDebugArrow@01@@Z 1001a470 f   CmRenderOutput.obj
 0001:00019830       ??6Cm@physx@@YAAAVRenderOutput@01@AAV201@ABUDebugBasis@01@@Z 1001a830 f   CmRenderOutput.obj
 0001:00019930       ??6Cm@physx@@YAAAVRenderOutput@01@AAV201@ABUDebugCircle@01@@Z 1001a930 f   CmRenderOutput.obj
 0001:00019a20       ??6Cm@physx@@YAAAVRenderOutput@01@AAV201@ABUDebugArc@01@@Z 1001aa20 f   CmRenderOutput.obj
 0001:0001a2b0       ??0DebugText@Cm@physx@@QAE@$$QAU012@@Z 1001b2b0 f i CmRenderOutput.obj
 0001:0001a320       ??0DebugText@Cm@physx@@QAE@ABU012@@Z 1001b320 f i CmRenderOutput.obj
 0001:0001a390       ??0PxDebugLine@physx@@QAE@ABU01@@Z 1001b390 f i CmRenderOutput.obj
 0001:0001a3e0       ??0PxDebugLine@physx@@QAE@ABVPxVec3@1@0ABI@Z 1001b3e0 f i CmRenderOutput.obj
 0001:0001a440       ??0PxDebugTriangle@physx@@QAE@ABU01@@Z 1001b440 f i CmRenderOutput.obj
 0001:0001a4b0       ??0PxDebugTriangle@physx@@QAE@ABVPxVec3@1@00ABI@Z 1001b4b0 f i CmRenderOutput.obj
 0001:0001a520       ??0PxMat44@physx@@QAE@ABV01@@Z 1001b520 f i CmRenderOutput.obj
 0001:0001a5b0       ??0PxMat44@physx@@QAE@ABVPxTransform@1@@Z 1001b5b0 f i CmRenderOutput.obj
 0001:0001a7a0       ??0PxMat44@physx@@QAE@W4PxIDENTITY@1@@Z 1001b7a0 f i CmRenderOutput.obj
 0001:0001a840       ??0RenderOutput@Cm@physx@@QAE@AAVRenderBuffer@12@@Z 1001b840 f i CmRenderOutput.obj
 0001:0001a8c0       ??0RenderOutput@Cm@physx@@QAE@ABV012@@Z 1001b8c0 f i CmRenderOutput.obj
 0001:0001a930       ??4DebugText@Cm@physx@@QAEAAU012@$$QAU012@@Z 1001b930 f i CmRenderOutput.obj
 0001:0001a9b0       ??4DebugText@Cm@physx@@QAEAAU012@ABU012@@Z 1001b9b0 f i CmRenderOutput.obj
 0001:0001aa30       ??4PxMat44@physx@@QAEABV01@ABV01@@Z 1001ba30 f i CmRenderOutput.obj
 0001:0001aac0       ?copy@?$Array@UPxDebugLine@physx@@VNamedAllocator@shdfnd@2@@shdfnd@physx@@KAXPAUPxDebugLine@3@0PBU43@@Z 1001bac0 f i CmRenderOutput.obj
 0001:0001ab50       ?copy@?$Array@UPxDebugPoint@physx@@VNamedAllocator@shdfnd@2@@shdfnd@physx@@KAXPAUPxDebugPoint@3@0PBU43@@Z 1001bb50 f i CmRenderOutput.obj
 0001:0001abc0       ?copy@?$Array@UPxDebugText@physx@@VNamedAllocator@shdfnd@2@@shdfnd@physx@@KAXPAUPxDebugText@3@0PBU43@@Z 1001bbc0 f i CmRenderOutput.obj
 0001:0001ac40       ?copy@?$Array@UPxDebugTriangle@physx@@VNamedAllocator@shdfnd@2@@shdfnd@physx@@KAXPAUPxDebugTriangle@3@0PBU43@@Z 1001bc40 f i CmRenderOutput.obj
 0001:0001ace0       ?growAndPushBack@?$Array@DVNamedAllocator@shdfnd@physx@@@shdfnd@physx@@IAEAADABD@Z 1001bce0 f i CmRenderOutput.obj
 0001:0001adc0       ?growAndPushBack@?$Array@UPxDebugLine@physx@@VNamedAllocator@shdfnd@2@@shdfnd@physx@@IAEAAUPxDebugLine@3@ABU43@@Z 1001bdc0 f i CmRenderOutput.obj
 0001:0001aed0       ?growAndPushBack@?$Array@UPxDebugPoint@physx@@VNamedAllocator@shdfnd@2@@shdfnd@physx@@IAEAAUPxDebugPoint@3@ABU43@@Z 1001bed0 f i CmRenderOutput.obj
 0001:0001afd0       ?growAndPushBack@?$Array@UPxDebugText@physx@@VNamedAllocator@shdfnd@2@@shdfnd@physx@@IAEAAUPxDebugText@3@ABU43@@Z 1001bfd0 f i CmRenderOutput.obj
 0001:0001b0e0       ?growAndPushBack@?$Array@UPxDebugTriangle@physx@@VNamedAllocator@shdfnd@2@@shdfnd@physx@@IAEAAUPxDebugTriangle@3@ABU43@@Z 1001c0e0 f i CmRenderOutput.obj
 0001:0001b230       ?outputSegment@RenderOutput@Cm@physx@@QAEXABVPxVec3@3@0@Z 1001c230 f i CmRenderOutput.obj
 0001:0001b310       ?recreate@?$Array@DVNamedAllocator@shdfnd@physx@@@shdfnd@physx@@IAEXI@Z 1001c310 f i CmRenderOutput.obj
 0001:0001b3b0       ?recreate@?$Array@UPxDebugLine@physx@@VNamedAllocator@shdfnd@2@@shdfnd@physx@@IAEXI@Z 1001c3b0 f i CmRenderOutput.obj
 0001:0001b460       ?reserveSegments@RenderOutput@Cm@physx@@QAEPAUPxDebugLine@3@I@Z 1001c460 f i CmRenderOutput.obj
 0001:0001b4a0       ?resizeUninitialized@?$Array@UPxDebugLine@physx@@VNamedAllocator@shdfnd@2@@shdfnd@physx@@QAEXI@Z 1001c4a0 f i CmRenderOutput.obj
 0001:0001b4d0       ?visualizeJointFrames@Cm@physx@@YAXAAVRenderOutput@12@MABVPxTransform@2@1@Z 1001c4d0 f   CmVisualization.obj
 0001:0001b570       ?visualizeLinearLimit@Cm@physx@@YAXAAVRenderOutput@12@MABVPxTransform@2@1M_N@Z 1001c570 f   CmVisualization.obj
 0001:0001b7e0       ?visualizeAngularLimit@Cm@physx@@YAXAAVRenderOutput@12@MABVPxTransform@2@MM_N@Z 1001c7e0 f   CmVisualization.obj
 0001:0001b980       ?visualizeLimitCone@Cm@physx@@YAXAAVRenderOutput@12@MABVPxTransform@2@MM_N@Z 1001c980 f   CmVisualization.obj
 0001:0001bc00       ?visualizeDoubleCone@Cm@physx@@YAXAAVRenderOutput@12@MABVPxTransform@2@M_N@Z 1001cc00 f   CmVisualization.obj
 0001:0001c0c0       ?contactCapsuleMesh@Gu@physx@@YA_NABVGeometryUnion@12@0ABVPxTransform@2@1ABMAAUCache@12@AAVContactBuffer@12@@Z 1001d0c0 f   GuContactCapsuleMesh.obj
 0001:0001c510       ?contactCapsuleHeightfield@Gu@physx@@YA_NABVGeometryUnion@12@0ABVPxTransform@2@1ABMAAUCache@12@AAVContactBuffer@12@@Z 1001d510 f   GuContactCapsuleMesh.obj
 0001:0001cab0       ??0Box@Gu@physx@@QAE@ABV012@@Z 1001dab0 f i GuContactCapsuleMesh.obj
 0001:0001cb30       ??0Box@Gu@physx@@QAE@ABVPxVec3@2@0ABVPxMat33@2@@Z 1001db30 f i GuContactCapsuleMesh.obj
 0001:0001cbc0       ??0Box@Gu@physx@@QAE@XZ    1001dbc0 f i GuContactCapsuleMesh.obj
 0001:0001ce50       ??0FastVertex2ShapeScaling@Cm@physx@@QAE@XZ 1001de50 f i GuContactCapsuleMesh.obj
 0001:0001cef0       ??0GeometryUnion@Gu@physx@@QAE@ABW4PxEMPTY@2@@Z 1001def0 f i GuContactCapsuleMesh.obj
 0001:0001cf00       ??0GeometryUnion@Gu@physx@@QAE@XZ 1001df00 f i GuContactCapsuleMesh.obj
 0001:0001cf10       ??0HeightFieldData@Gu@physx@@QAE@$$QAU012@@Z 1001df10 f i GuContactCapsuleMesh.obj
 0001:0001cfc0       ??0HeightFieldData@Gu@physx@@QAE@ABU012@@Z 1001dfc0 f i GuContactCapsuleMesh.obj
 0001:0001d070       ??0HeightFieldData@Gu@physx@@QAE@ABW4PxEMPTY@2@@Z 1001e070 f i GuContactCapsuleMesh.obj
 0001:0001d080       ??0HeightFieldData@Gu@physx@@QAE@XZ 1001e080 f i GuContactCapsuleMesh.obj
 0001:0001d090       ??0HeightFieldUtil@Gu@physx@@QAE@ABVPxHeightFieldGeometry@2@@Z 1001e090 f i GuContactCapsuleMesh.obj
 0001:0001d0e0       ??0HeightFieldUtil@Gu@physx@@QAE@ABVPxHeightFieldGeometry@2@ABVHeightField@12@@Z 1001e0e0 f i GuContactCapsuleMesh.obj
 0001:0001d130       ??0HeightFieldUtil@Gu@physx@@QAE@XZ 1001e130 f i GuContactCapsuleMesh.obj
 0001:0001d140       ??0MaterialIndicesStruct@physx@@QAE@ABW4PxEMPTY@1@@Z 1001e140 f i GuContactCapsuleMesh.obj
 0001:0001d150       ??0MaterialIndicesStruct@physx@@QAE@XZ 1001e150 f i GuContactCapsuleMesh.obj
 0001:0001d170       ??0PxQuat@physx@@QAE@ABVPxMat33@1@@Z 1001e170 f i GuContactCapsuleMesh.obj
 0001:0001d430       ??0PxVec3@physx@@QAE@XZ    1001e430 f i GuContactCapsuleMesh.obj
 0001:0001d440       ??0RTree@Gu@physx@@QAE@ABU012@@Z 1001e440 f i GuContactCapsuleMesh.obj
 0001:0001d500       ??0RTreeMidphase@Gu@physx@@QAE@ABV012@@Z 1001e500 f i GuContactCapsuleMesh.obj
 0001:0001d530       ??0RTreeMidphase@Gu@physx@@QAE@ABW4PxEMPTY@2@@Z 1001e530 f i GuContactCapsuleMesh.obj
 0001:0001d560       ??1?$EntityReport@I@Gu@physx@@UAE@XZ 1001e560 f i GuContactCapsuleMesh.obj
 0001:0001d570       ??1?$MeshHitCallback@UPxRaycastHit@physx@@@Gu@physx@@UAE@XZ 1001e570 f i GuContactCapsuleMesh.obj
 0001:0001d580       ??1Box@Gu@physx@@QAE@XZ    1001e580 f i GuContactCapsuleMesh.obj
 0001:0001d590       ??1MaterialIndicesStruct@physx@@QAE@XZ 1001e590 f i GuContactCapsuleMesh.obj
 0001:0001d5a0       ??1PxBase@physx@@MAE@XZ    1001e5a0 f i GuContactCapsuleMesh.obj
 0001:0001d5b0       ??1PxHeightField@physx@@MAE@XZ 1001e5b0 f i GuContactCapsuleMesh.obj
 0001:0001d5c0       ??1PxTriangleMesh@physx@@MAE@XZ 1001e5c0 f i GuContactCapsuleMesh.obj
 0001:0001d5d0       ??1RTree@Gu@physx@@QAE@XZ  1001e5d0 f i GuContactCapsuleMesh.obj
 0001:0001d5e0       ??4Box@Gu@physx@@QAEABV012@ABV012@@Z 1001e5e0 f i GuContactCapsuleMesh.obj
 0001:0001d660       ??4GeometryUnion@Gu@physx@@QAEAAV012@$$QAV012@@Z 1001e660 f i GuContactCapsuleMesh.obj
 0001:0001d6a0       ??4GeometryUnion@Gu@physx@@QAEAAV012@ABV012@@Z 1001e6a0 f i GuContactCapsuleMesh.obj
 0001:0001d6e0       ??4HeightFieldData@Gu@physx@@QAEAAU012@$$QAU012@@Z 1001e6e0 f i GuContactCapsuleMesh.obj
 0001:0001d790       ??4HeightFieldData@Gu@physx@@QAEAAU012@ABU012@@Z 1001e790 f i GuContactCapsuleMesh.obj
 0001:0001d840       ??4HeightFieldUtil@Gu@physx@@QAEAAV012@$$QAV012@@Z 1001e840 f i GuContactCapsuleMesh.obj
 0001:0001d880       ??4HeightFieldUtil@Gu@physx@@QAEAAV012@ABV012@@Z 1001e880 f i GuContactCapsuleMesh.obj
 0001:0001d8a0       ??4MaterialIndicesStruct@physx@@QAEAAU01@ABU01@@Z 1001e8a0 f i GuContactCapsuleMesh.obj
 0001:0001d8c0       ??4MeshInterface@Gu@physx@@QAEAAV012@ABV012@@Z 1001e8c0 f i GuContactCapsuleMesh.obj
 0001:0001d8e0       ??4RTree@Gu@physx@@QAEAAU012@ABU012@@Z 1001e8e0 f i GuContactCapsuleMesh.obj
 0001:0001d9a0       ??4RTreeMidphase@Gu@physx@@QAEAAV012@ABV012@@Z 1001e9a0 f i GuContactCapsuleMesh.obj
 0001:0001d9d0       ??_E?$EntityReport@I@Gu@physx@@UAEPAXI@Z 1001e9d0 f i GuContactCapsuleMesh.obj
 0001:0001d9d0       ??_G?$EntityReport@I@Gu@physx@@UAEPAXI@Z 1001e9d0 f i GuContactCapsuleMesh.obj
 0001:0001da00       ??_G?$MeshHitCallback@UPxRaycastHit@physx@@@Gu@physx@@UAEPAXI@Z 1001ea00 f i GuContactCapsuleMesh.obj
 0001:0001da00       ??_E?$MeshHitCallback@UPxRaycastHit@physx@@@Gu@physx@@UAEPAXI@Z 1001ea00 f i GuContactCapsuleMesh.obj
 0001:0001da30       ??_GCapsuleHeightfieldContactGenerationCallback@?A0xc20cb5b8@@UAEPAXI@Z 1001ea30 f i GuContactCapsuleMesh.obj
[...]
 0003:00001a48       ?checkConstraintBreakage@Sim@ProfileEventId@Cm@physx@@2UPxProfileEventId@4@B 101aba48     CmEventProfiler.obj
 0003:00001a4c       ?removeAggregate@API@ProfileEventId@Cm@physx@@2UPxProfileEventId@4@B 101aba4c     CmEventProfiler.obj
 0003:00001a50       ?taskFrameworkSetup@Sim@ProfileEventId@Cm@physx@@2UPxProfileEventId@4@B 101aba50     CmEventProfiler.obj
 0003:00001a54       ?updateBroadphase@BroadPhase@ProfileEventId@Cm@physx@@2UPxProfileEventId@4@B 101aba54     CmEventProfiler.obj
 0003:00001a58       ?endStep@ParticleSim@ProfileEventId@Cm@physx@@2UPxProfileEventId@4@B 101aba58     CmEventProfiler.obj
 0003:00001a5c       ?jointLoads@Articulations@ProfileEventId@Cm@physx@@2UPxProfileEventId@4@B 101aba5c     CmEventProfiler.obj
 0003:00001a60       ?narrowPhase@Basic@ProfileEventId@Cm@physx@@2UPxProfileEventId@4@B 101aba60     CmEventProfiler.obj
 0003:00001a64       ?joinedEdges@IslandGen@ProfileEventId@Cm@physx@@2UPxProfileEventId@4@B 101aba64     CmEventProfiler.obj
 0003:00001a68       ?preIslandGenSecondPass@Sim@ProfileEventId@Cm@physx@@2UPxProfileEventId@4@B 101aba68     CmEventProfiler.obj
 0003:00001a6c       ?addParticleFluid@API@ProfileEventId@Cm@physx@@2UPxProfileEventId@4@B 101aba6c     CmEventProfiler.obj
 0003:00001a70       ?shapesUpdateProcessing@ParticleSim@ProfileEventId@Cm@physx@@2UPxProfileEventId@4@B 101aba70     CmEventProfiler.obj
 0003:00001a74       ?updateVelocities@Dynamics@ProfileEventId@Cm@physx@@2UPxProfileEventId@4@B 101aba74     CmEventProfiler.obj
 0003:00001a78       ?ccdBroadPhase@Sim@ProfileEventId@Cm@physx@@2UPxProfileEventId@4@B 101aba78     CmEventProfiler.obj
 0003:00001a7c       ?ccdSweep@Sim@ProfileEventId@Cm@physx@@2UPxProfileEventId@4@B 101aba7c     CmEventProfiler.obj
 0003:00001a80       ?syncState@Sim@ProfileEventId@Cm@physx@@2UPxProfileEventId@4@B 101aba80     CmEventProfiler.obj
 0003:00001a84       ?checkCollision@Basic@ProfileEventId@Cm@physx@@2UPxProfileEventId@4@B 101aba84     CmEventProfiler.obj
 0003:00001a88       ?syncBodiesAfterIntegration@Sim@ProfileEventId@Cm@physx@@2UPxProfileEventId@4@B 101aba88     CmEventProfiler.obj
 0003:00001a8c       ?addActors@API@ProfileEventId@Cm@physx@@2UPxProfileEventId@4@B 101aba8c     CmEventProfiler.obj
 0003:00001a90       ?removeActors@API@ProfileEventId@Cm@physx@@2UPxProfileEventId@4@B 101aba90     CmEventProfiler.obj
 0003:00001a94       ?updatePVDProperties@PVD@ProfileEventId@Cm@physx@@2UPxProfileEventId@4@B 101aba94     CmEventProfiler.obj
 0003:00001a98       ?projectionTreeUpdates@Sim@ProfileEventId@Cm@physx@@2UPxProfileEventId@4@B 101aba98     CmEventProfiler.obj
 0003:00001a9c       ?sweepSingle@BatchedSceneQuery@ProfileEventId@Cm@physx@@2UPxProfileEventId@4@B 101aba9c     CmEventProfiler.obj
 0003:00001aa0       ?sweepMultiple@SceneQuery@ProfileEventId@Cm@physx@@2UPxProfileEventId@4@B 101abaa0     CmEventProfiler.obj
 0003:00001aa4       ?updateDirtyShaders@Sim@ProfileEventId@Cm@physx@@2UPxProfileEventId@4@B 101abaa4     CmEventProfiler.obj
 0003:00001aa8       ?flushSimulation@API@ProfileEventId@Cm@physx@@2UPxProfileEventId@4@B 101abaa8     CmEventProfiler.obj
 0003:00001aac       ?originShift@PVD@ProfileEventId@Cm@physx@@2UPxProfileEventId@4@B 101abaac     CmEventProfiler.obj
 0003:00001ab0       ?updateContacts@PVD@ProfileEventId@Cm@physx@@2UPxProfileEventId@4@B 101abab0     CmEventProfiler.obj
 0003:00001ab4       ?overlapMultiple@SceneQuery@ProfileEventId@Cm@physx@@2UPxProfileEventId@4@B 101abab4     CmEventProfiler.obj
 0003:00001ab8       ?raycastSingle@BatchedSceneQuery@ProfileEventId@Cm@physx@@2UPxProfileEventId@4@B 101abab8     CmEventProfiler.obj
 0003:00001abc       ?addCloth@API@ProfileEventId@Cm@physx@@2UPxProfileEventId@4@B 101ababc     CmEventProfiler.obj
 0003:00001ac0       ?getFrictionPatch@Dynamics@ProfileEventId@Cm@physx@@2UPxProfileEventId@4@B 101abac0     CmEventProfiler.obj
 0003:00001ac4       ?SapUpdate@BroadPhase@ProfileEventId@Cm@physx@@2UPxProfileEventId@4@B 101abac4     CmEventProfiler.obj
 0003:00001ac8       ?updateIslandsSecondPass@Sim@ProfileEventId@Cm@physx@@2UPxProfileEventId@4@B 101abac8     CmEventProfiler.obj
 0003:00001acc       ?flushUpdates@SceneQuery@ProfileEventId@Cm@physx@@2UPxProfileEventId@4@B 101abacc     CmEventProfiler.obj
 0003:00001ad0       ?ccdPair@Sim@ProfileEventId@Cm@physx@@2UPxProfileEventId@4@B 101abad0     CmEventProfiler.obj
 0003:00001ad4       ?setupProject@Articulations@ProfileEventId@Cm@physx@@2UPxProfileEventId@4@B 101abad4     CmEventProfiler.obj
 0003:00001ad8       ?postIslandGenSecondPass@Sim@ProfileEventId@Cm@physx@@2UPxProfileEventId@4@B 101abad8     CmEventProfiler.obj
 0003:00001adc       ?ccdIsland@Sim@ProfileEventId@Cm@physx@@2UPxProfileEventId@4@B 101abadc     CmEventProfiler.obj
 0003:00001ae0       ?removeCloth@API@ProfileEventId@Cm@physx@@2UPxProfileEventId@4@B 101abae0     CmEventProfiler.obj
 0003:00001ae4       ?setupConstraints@Articulations@ProfileEventId@Cm@physx@@2UPxProfileEventId@4@B 101abae4     CmEventProfiler.obj
 0003:00001ae8       ?releaseBatchQuery@API@ProfileEventId@Cm@physx@@2UPxProfileEventId@4@B 101abae8     CmEventProfiler.obj
 0003:00001aec       ?fetchResults@Sim@ProfileEventId@Cm@physx@@2UPxProfileEventId@4@B 101abaec     CmEventProfiler.obj
 0003:00001af0       ?updateShapeAABBs@BroadPhase@ProfileEventId@Cm@physx@@2UPxProfileEventId@4@B 101abaf0     CmEventProfiler.obj
 0003:00001af4       ?addShapesToSim@API@ProfileEventId@Cm@physx@@2UPxProfileEventId@4@B 101abaf4     CmEventProfiler.obj
 0003:00001af8       ?updateAggLocalSpaceBounds@BroadPhase@ProfileEventId@Cm@physx@@2UPxProfileEventId@4@B 101abaf8     CmEventProfiler.obj
 0003:00001afc       ?updateCCDSinglePass@Sim@ProfileEventId@Cm@physx@@2UPxProfileEventId@4@B 101abafc     CmEventProfiler.obj
 0003:00001b00       ?updateCollision@ParticleSim@ProfileEventId@Cm@physx@@2UPxProfileEventId@4@B 101abb00     CmEventProfiler.obj
 0003:00001b04       ?addCollection@API@ProfileEventId@Cm@physx@@2UPxProfileEventId@4@B 101abb04     CmEventProfiler.obj
 0003:00001b08       ?setupDrives@Articulations@ProfileEventId@Cm@physx@@2UPxProfileEventId@4@B 101abb08     CmEventProfiler.obj
 0003:00001b0c       ?updatePruningTrees@Sim@ProfileEventId@Cm@physx@@2UPxProfileEventId@4@B 101abb0c     CmEventProfiler.obj
 0003:00001b10       ?MBPUpdateSPU@BroadPhase@ProfileEventId@Cm@physx@@2UPxProfileEventId@4@B 101abb10     CmEventProfiler.obj
 0003:00001b14       ?resizeArrays@IslandGen@ProfileEventId@Cm@physx@@2UPxProfileEventId@4@B 101abb14     CmEventProfiler.obj
 0003:00001b18       ?simulate@Basic@ProfileEventId@Cm@physx@@2UPxProfileEventId@4@B 101abb18     CmEventProfiler.obj
 0003:00001f10       ?boxVertexTable@physx@@3QBT__m128@@B 101abf10     GuConvexSupportTable.obj
 0003:00004198       ?__type_info_root_node@@3U__type_info_node@@A 101ae198     MSVCRT:tncleanup.obj
 0003:000041a4       ___scrt_current_native_startup_state 101ae1a4     MSVCRT:utility.obj
 0003:000041a8       ___scrt_native_startup_lock 101ae1a8     MSVCRT:utility.obj
 0003:000041d0       ___isa_available           101ae1d0     MSVCRT:_cpu_disp_.obj
 0003:000041d4       ___favor                   101ae1d4     MSVCRT:_cpu_disp_.obj
 0003:000041dc       ___scrt_debugger_hook_flag 101ae1dc     MSVCRT:utility_desktop.obj
 0003:000041e0       ?_OptionsStorage@?1??__local_stdio_scanf_options@@9@4_KA 101ae1e0     MSVCRT:default_local_stdio_options.obj
 0003:000045ac       ___dyn_tls_init_callback   101ae5ac     <common>
 0004:00000000       __imp__CloseHandle@4       101af000     kernel32:KERNEL32.dll
 0004:00000004       __imp__MapViewOfFile@20    101af004     kernel32:KERNEL32.dll
 0004:00000008       __imp__UnmapViewOfFile@4   101af008     kernel32:KERNEL32.dll
 0004:0000000c       __imp__CreateFileMappingA@24 101af00c     kernel32:KERNEL32.dll
 0004:00000010       __imp__OpenFileMappingA@12 101af010     kernel32:KERNEL32.dll
 0004:00000014       __imp__FreeLibrary@4       101af014     kernel32:KERNEL32.dll
 0004:00000018       __imp__GetProcAddress@8    101af018     kernel32:KERNEL32.dll
 0004:0000001c       __imp__LoadLibraryA@4      101af01c     kernel32:KERNEL32.dll
 0004:00000020       __imp__InitializeCriticalSection@4 101af020     kernel32:KERNEL32.dll
 0004:00000024       __imp__EnterCriticalSection@4 101af024     kernel32:KERNEL32.dll
 0004:00000028       __imp__LeaveCriticalSection@4 101af028     kernel32:KERNEL32.dll
 0004:0000002c       __imp__TryEnterCriticalSection@4 101af02c     kernel32:KERNEL32.dll
 0004:00000030       __imp__DeleteCriticalSection@4 101af030     kernel32:KERNEL32.dll
 0004:00000034       __imp__GetCurrentThread@0  101af034     kernel32:KERNEL32.dll
 0004:00000038       __imp__GetCurrentThreadId@0 101af038     kernel32:KERNEL32.dll
 0004:0000003c       __imp__OutputDebugStringA@4 101af03c     kernel32:KERNEL32.dll
 0004:00000040       __imp__InitializeSListHead@4 101af040     kernel32:KERNEL32.dll
 0004:00000044       __imp__InterlockedPopEntrySList@4 101af044     kernel32:KERNEL32.dll
 0004:00000048       __imp__InterlockedPushEntrySList@8 101af048     kernel32:KERNEL32.dll
 0004:0000004c       __imp__InterlockedFlushSList@4 101af04c     kernel32:KERNEL32.dll
 0004:00000050       __imp__SetEvent@4          101af050     kernel32:KERNEL32.dll
 0004:00000054       __imp__ResetEvent@4        101af054     kernel32:KERNEL32.dll
 0004:00000058       __imp__WaitForSingleObject@8 101af058     kernel32:KERNEL32.dll
 0004:0000005c       __imp__CreateEventA@16     101af05c     kernel32:KERNEL32.dll
 0004:00000060       __imp__RaiseException@16   101af060     kernel32:KERNEL32.dll
 0004:00000064       __imp__GetLastError@0      101af064     kernel32:KERNEL32.dll
 0004:00000068       __imp__Sleep@4             101af068     kernel32:KERNEL32.dll
 0004:0000006c       __imp__SwitchToThread@0    101af06c     kernel32:KERNEL32.dll
 0004:00000070       __imp__CreateThread@24     101af070     kernel32:KERNEL32.dll
 0004:00000074       __imp__SetThreadPriority@8 101af074     kernel32:KERNEL32.dll
 0004:00000078       __imp__GetThreadPriority@4 101af078     kernel32:KERNEL32.dll
 0004:0000007c       __imp__ExitThread@4        101af07c     kernel32:KERNEL32.dll
 0004:00000080       __imp__TerminateThread@8   101af080     kernel32:KERNEL32.dll
 0004:00000084       __imp__ResumeThread@4      101af084     kernel32:KERNEL32.dll
 0004:00000088       __imp__TlsAlloc@0          101af088     kernel32:KERNEL32.dll
 0004:0000008c       __imp__TlsGetValue@4       101af08c     kernel32:KERNEL32.dll
 0004:00000090       __imp__TlsSetValue@8       101af090     kernel32:KERNEL32.dll
 0004:00000094       __imp__TlsFree@4           101af094     kernel32:KERNEL32.dll
 0004:00000098       __imp__GetModuleHandleA@4  101af098     kernel32:KERNEL32.dll
 0004:0000009c       __imp__SetThreadAffinityMask@8 101af09c     kernel32:KERNEL32.dll
 0004:000000a0       __imp__QueryPerformanceCounter@4 101af0a0     kernel32:KERNEL32.dll
 0004:000000a4       __imp__QueryPerformanceFrequency@4 101af0a4     kernel32:KERNEL32.dll
 0004:000000a8       __imp__GetCurrentProcess@0 101af0a8     kernel32:KERNEL32.dll
 0004:000000ac       __imp__DisableThreadLibraryCalls@4 101af0ac     kernel32:KERNEL32.dll
 0004:000000b0       __imp__GetSystemTimeAsFileTime@4 101af0b0     kernel32:KERNEL32.dll
 0004:000000b4       __imp__GetCurrentProcessId@0 101af0b4     kernel32:KERNEL32.dll
 0004:000000b8       __imp__GetModuleHandleW@4  101af0b8     kernel32:KERNEL32.dll
 0004:000000bc       __imp__GetStartupInfoW@4   101af0bc     kernel32:KERNEL32.dll
 0004:000000c0       __imp__SetUnhandledExceptionFilter@4 101af0c0     kernel32:KERNEL32.dll
 0004:000000c4       __imp__UnhandledExceptionFilter@4 101af0c4     kernel32:KERNEL32.dll
 0004:000000c8       __imp__IsDebuggerPresent@0 101af0c8     kernel32:KERNEL32.dll
 0004:000000cc       __imp__IsProcessorFeaturePresent@4 101af0cc     kernel32:KERNEL32.dll
 0004:000000d0       __imp__TerminateProcess@8  101af0d0     kernel32:KERNEL32.dll
 0004:000000d4       \177KERNEL32_NULL_THUNK_DATA 101af0d4     kernel32:KERNEL32.dll
 0004:00000128       __imp____std_type_info_name 101af128     vcruntime:VCRUNTIME140.dll
 0004:0000012c       __imp___CxxThrowException@8 101af12c     vcruntime:VCRUNTIME140.dll
 0004:00000130       __imp____std_exception_destroy 101af130     vcruntime:VCRUNTIME140.dll
 0004:00000134       __imp____std_exception_copy 101af134     vcruntime:VCRUNTIME140.dll
 0004:00000138       __imp___except_handler4_common 101af138     vcruntime:VCRUNTIME140.dll
 0004:0000013c       __imp____std_type_info_destroy_list 101af13c     vcruntime:VCRUNTIME140.dll
 0004:00000140       __imp__strstr              101af140     vcruntime:VCRUNTIME140.dll
 0004:00000144       __imp__strchr              101af144     vcruntime:VCRUNTIME140.dll
 0004:00000148       __imp__memmove             101af148     vcruntime:VCRUNTIME140.dll
 0004:0000014c       __imp___except_handler3    101af14c     vcruntime:VCRUNTIME140.dll
 0004:00000150       __imp__memset              101af150     vcruntime:VCRUNTIME140.dll
 0004:00000154       __imp__memcpy              101af154     vcruntime:VCRUNTIME140.dll
 0004:00000158       __imp___purecall           101af158     vcruntime:VCRUNTIME140.dll
 0004:0000015c       \177VCRUNTIME140_NULL_THUNK_DATA 101af15c     vcruntime:VCRUNTIME140.dll
 0004:00000190       __imp__listen@8            101af190     Ws2_32:WS2_32.dll
 0004:00000194       __imp__WSAGetLastError@0   101af194     Ws2_32:WS2_32.dll
 0004:00000198       __imp__WSACleanup@0        101af198     Ws2_32:WS2_32.dll
 0004:0000019c       __imp__WSAStartup@8        101af19c     Ws2_32:WS2_32.dll
 0004:000001a0       __imp__gethostbyname@4     101af1a0     Ws2_32:WS2_32.dll
 0004:000001a4       __imp__gethostbyaddr@12    101af1a4     Ws2_32:WS2_32.dll
 0004:000001a8       __imp__socket@12           101af1a8     Ws2_32:WS2_32.dll
 0004:000001ac       __imp__setsockopt@20       101af1ac     Ws2_32:WS2_32.dll
 0004:000001b0       __imp__send@16             101af1b0     Ws2_32:WS2_32.dll
 0004:000001b4       __imp__select@20           101af1b4     Ws2_32:WS2_32.dll
 0004:000001b8       __imp__recv@16             101af1b8     Ws2_32:WS2_32.dll
 0004:000001bc       __imp____WSAFDIsSet@8      101af1bc     Ws2_32:WS2_32.dll
 0004:000001c0       __imp__accept@12           101af1c0     Ws2_32:WS2_32.dll
 0004:000001c4       __imp__bind@12             101af1c4     Ws2_32:WS2_32.dll
 0004:000001c8       __imp__closesocket@4       101af1c8     Ws2_32:WS2_32.dll
 0004:000001cc       __imp__connect@12          101af1cc     Ws2_32:WS2_32.dll
 0004:000001d0       __imp__ioctlsocket@12      101af1d0     Ws2_32:WS2_32.dll
 0004:000001d4       __imp__getsockopt@20       101af1d4     Ws2_32:WS2_32.dll
 0004:000001d8       __imp__htonl@4             101af1d8     Ws2_32:WS2_32.dll
 0004:000001dc       __imp__htons@4             101af1dc     Ws2_32:WS2_32.dll
 0004:000001e0       __imp__inet_addr@4         101af1e0     Ws2_32:WS2_32.dll
 0004:000001e4       __imp__WSASendDisconnect@8 101af1e4     Ws2_32:WS2_32.dll
 0004:000001e8       \177WS2_32_NULL_THUNK_DATA 101af1e8     Ws2_32:WS2_32.dll
 0004:00000224       __imp__free                101af224     ucrt:api-ms-win-crt-heap-l1-1-0.dll
 0004:00000228       __imp__malloc              101af228     ucrt:api-ms-win-crt-heap-l1-1-0.dll
 0004:0000022c       __imp___callnewh           101af22c     ucrt:api-ms-win-crt-heap-l1-1-0.dll
 0004:00000230       \177api-ms-win-crt-heap-l1-1-0_NULL_THUNK_DATA 101af230     ucrt:api-ms-win-crt-heap-l1-1-0.dll
 0004:0000025c       __imp____libm_sse2_cosf    101af25c     ucrt:api-ms-win-crt-math-l1-1-0.dll
 0004:00000260       __imp___except1            101af260     ucrt:api-ms-win-crt-math-l1-1-0.dll
 0004:00000264       __imp____libm_sse2_asinf   101af264     ucrt:api-ms-win-crt-math-l1-1-0.dll
 0004:00000268       __imp____libm_sse2_sinf    101af268     ucrt:api-ms-win-crt-math-l1-1-0.dll
 0004:0000026c       __imp__ceil                101af26c     ucrt:api-ms-win-crt-math-l1-1-0.dll
 0004:00000270       __imp___fpclass            101af270     ucrt:api-ms-win-crt-math-l1-1-0.dll
 0004:00000274       \177api-ms-win-crt-math-l1-1-0_NULL_THUNK_DATA 101af274     ucrt:api-ms-win-crt-math-l1-1-0.dll
 0004:000002a4       __imp___register_onexit_function 101af2a4     ucrt:api-ms-win-crt-runtime-l1-1-0.dll
 0004:000002a8       __imp___execute_onexit_table 101af2a8     ucrt:api-ms-win-crt-runtime-l1-1-0.dll
 0004:000002ac       __imp___crt_atexit         101af2ac     ucrt:api-ms-win-crt-runtime-l1-1-0.dll
 0004:000002b0       __imp___crt_at_quick_exit  101af2b0     ucrt:api-ms-win-crt-runtime-l1-1-0.dll
 0004:000002b4       __imp___cexit              101af2b4     ucrt:api-ms-win-crt-runtime-l1-1-0.dll
 0004:000002b8       __imp___initterm           101af2b8     ucrt:api-ms-win-crt-runtime-l1-1-0.dll
 0004:000002bc       __imp___initterm_e         101af2bc     ucrt:api-ms-win-crt-runtime-l1-1-0.dll
 0004:000002c0       __imp___initialize_onexit_table 101af2c0     ucrt:api-ms-win-crt-runtime-l1-1-0.dll
 0004:000002c4       __imp___initialize_narrow_environment 101af2c4     ucrt:api-ms-win-crt-runtime-l1-1-0.dll
 0004:000002c8       __imp___configure_narrow_argv 101af2c8     ucrt:api-ms-win-crt-runtime-l1-1-0.dll
 0004:000002cc       __imp___clearfp            101af2cc     ucrt:api-ms-win-crt-runtime-l1-1-0.dll
 0004:000002d0       __imp___controlfp_s        101af2d0     ucrt:api-ms-win-crt-runtime-l1-1-0.dll
 0004:000002d4       __imp___seh_filter_dll     101af2d4     ucrt:api-ms-win-crt-runtime-l1-1-0.dll
 0004:000002d8       __imp____control87_2       101af2d8     ucrt:api-ms-win-crt-runtime-l1-1-0.dll
 0004:000002dc       __imp__terminate           101af2dc     ucrt:api-ms-win-crt-runtime-l1-1-0.dll
 0004:000002e0       \177api-ms-win-crt-runtime-l1-1-0_NULL_THUNK_DATA 101af2e0     ucrt:api-ms-win-crt-runtime-l1-1-0.dll
 0004:00000318       __imp____stdio_common_vfprintf 101af318     ucrt:api-ms-win-crt-stdio-l1-1-0.dll
 0004:0000031c       __imp__puts                101af31c     ucrt:api-ms-win-crt-stdio-l1-1-0.dll
 0004:00000320       __imp____stdio_common_vsprintf 101af320     ucrt:api-ms-win-crt-stdio-l1-1-0.dll
 0004:00000324       __imp____stdio_common_vsprintf_s 101af324     ucrt:api-ms-win-crt-stdio-l1-1-0.dll
 0004:00000328       __imp____acrt_iob_func     101af328     ucrt:api-ms-win-crt-stdio-l1-1-0.dll
 0004:0000032c       \177api-ms-win-crt-stdio-l1-1-0_NULL_THUNK_DATA 101af32c     ucrt:api-ms-win-crt-stdio-l1-1-0.dll
 0004:0000035c       __imp__strnlen             101af35c     ucrt:api-ms-win-crt-string-l1-1-0.dll
 0004:00000360       __imp__tolower             101af360     ucrt:api-ms-win-crt-string-l1-1-0.dll
 0004:00000364       __imp__strncmp             101af364     ucrt:api-ms-win-crt-string-l1-1-0.dll
 0004:00000368       \177api-ms-win-crt-string-l1-1-0_NULL_THUNK_DATA 101af368     ucrt:api-ms-win-crt-string-l1-1-0.dll
 0004:00000394       __IMPORT_DESCRIPTOR_KERNEL32 101af394     kernel32:KERNEL32.dll
 0004:000003a8       __IMPORT_DESCRIPTOR_WS2_32 101af3a8     Ws2_32:WS2_32.dll
 0004:000003bc       __IMPORT_DESCRIPTOR_VCRUNTIME140 101af3bc     vcruntime:VCRUNTIME140.dll
 0004:000003d0       __IMPORT_DESCRIPTOR_api-ms-win-crt-runtime-l1-1-0 101af3d0     ucrt:api-ms-win-crt-runtime-l1-1-0.dll
 0004:000003e4       __IMPORT_DESCRIPTOR_api-ms-win-crt-stdio-l1-1-0 101af3e4     ucrt:api-ms-win-crt-stdio-l1-1-0.dll
 0004:000003f8       __IMPORT_DESCRIPTOR_api-ms-win-crt-string-l1-1-0 101af3f8     ucrt:api-ms-win-crt-string-l1-1-0.dll
 0004:0000040c       __IMPORT_DESCRIPTOR_api-ms-win-crt-math-l1-1-0 101af40c     ucrt:api-ms-win-crt-math-l1-1-0.dll
 0004:00000420       __IMPORT_DESCRIPTOR_api-ms-win-crt-heap-l1-1-0 101af420     ucrt:api-ms-win-crt-heap-l1-1-0.dll
 0004:00000434       __NULL_IMPORT_DESCRIPTOR   101af434     kernel32:KERNEL32.dll
 0006:00000000       ___guard_check_icall_fptr  101b2000     MSVCRT:guard_support.obj
